17:25:28 **** Incremental Build of configuration Debug for project Autonomous_Cart ****
make -j16 all 
arm-none-eabi-gcc "../Core/Src/ComSystemInterface.c" -mcpu=cortex-m4 -std=gnu11 -g3 -DDEBUG -DUSE_HAL_DRIVER -DSTM32G474xx -c -I../Core/Inc -I../Drivers/STM32G4xx_HAL_Driver/Inc -I../Drivers/STM32G4xx_HAL_Driver/Inc/Legacy -I../Drivers/CMSIS/Device/ST/STM32G4xx/Include -I../Drivers/CMSIS/Include -O0 -ffunction-sections -fdata-sections -Wall -fstack-usage -fcyclomatic-complexity -MMD -MP -MF"Core/Src/ComSystemInterface.d" -MT"Core/Src/ComSystemInterface.o" --specs=nano.specs -mfpu=fpv4-sp-d16 -mfloat-abi=hard -mthumb -o "Core/Src/ComSystemInterface.o"
arm-none-eabi-gcc "../Core/Src/LineSensorSystemInterface.c" -mcpu=cortex-m4 -std=gnu11 -g3 -DDEBUG -DUSE_HAL_DRIVER -DSTM32G474xx -c -I../Core/Inc -I../Drivers/STM32G4xx_HAL_Driver/Inc -I../Drivers/STM32G4xx_HAL_Driver/Inc/Legacy -I../Drivers/CMSIS/Device/ST/STM32G4xx/Include -I../Drivers/CMSIS/Include -O0 -ffunction-sections -fdata-sections -Wall -fstack-usage -fcyclomatic-complexity -MMD -MP -MF"Core/Src/LineSensorSystemInterface.d" -MT"Core/Src/LineSensorSystemInterface.o" --specs=nano.specs -mfpu=fpv4-sp-d16 -mfloat-abi=hard -mthumb -o "Core/Src/LineSensorSystemInterface.o"
arm-none-eabi-gcc "../Core/Src/adc.c" -mcpu=cortex-m4 -std=gnu11 -g3 -DDEBUG -DUSE_HAL_DRIVER -DSTM32G474xx -c -I../Core/Inc -I../Drivers/STM32G4xx_HAL_Driver/Inc -I../Drivers/STM32G4xx_HAL_Driver/Inc/Legacy -I../Drivers/CMSIS/Device/ST/STM32G4xx/Include -I../Drivers/CMSIS/Include -O0 -ffunction-sections -fdata-sections -Wall -fstack-usage -fcyclomatic-complexity -MMD -MP -MF"Core/Src/adc.d" -MT"Core/Src/adc.o" --specs=nano.specs -mfpu=fpv4-sp-d16 -mfloat-abi=hard -mthumb -o "Core/Src/adc.o"
arm-none-eabi-gcc "../Core/Src/gpio.c" -mcpu=cortex-m4 -std=gnu11 -g3 -DDEBUG -DUSE_HAL_DRIVER -DSTM32G474xx -c -I../Core/Inc -I../Drivers/STM32G4xx_HAL_Driver/Inc -I../Drivers/STM32G4xx_HAL_Driver/Inc/Legacy -I../Drivers/CMSIS/Device/ST/STM32G4xx/Include -I../Drivers/CMSIS/Include -O0 -ffunction-sections -fdata-sections -Wall -fstack-usage -fcyclomatic-complexity -MMD -MP -MF"Core/Src/gpio.d" -MT"Core/Src/gpio.o" --specs=nano.specs -mfpu=fpv4-sp-d16 -mfloat-abi=hard -mthumb -o "Core/Src/gpio.o"
arm-none-eabi-gcc "../Core/Src/main.c" -mcpu=cortex-m4 -std=gnu11 -g3 -DDEBUG -DUSE_HAL_DRIVER -DSTM32G474xx -c -I../Core/Inc -I../Drivers/STM32G4xx_HAL_Driver/Inc -I../Drivers/STM32G4xx_HAL_Driver/Inc/Legacy -I../Drivers/CMSIS/Device/ST/STM32G4xx/Include -I../Drivers/CMSIS/Include -O0 -ffunction-sections -fdata-sections -Wall -fstack-usage -fcyclomatic-complexity -MMD -MP -MF"Core/Src/main.d" -MT"Core/Src/main.o" --specs=nano.specs -mfpu=fpv4-sp-d16 -mfloat-abi=hard -mthumb -o "Core/Src/main.o"
arm-none-eabi-gcc "../Core/Src/stm32g4xx_hal_msp.c" -mcpu=cortex-m4 -std=gnu11 -g3 -DDEBUG -DUSE_HAL_DRIVER -DSTM32G474xx -c -I../Core/Inc -I../Drivers/STM32G4xx_HAL_Driver/Inc -I../Drivers/STM32G4xx_HAL_Driver/Inc/Legacy -I../Drivers/CMSIS/Device/ST/STM32G4xx/Include -I../Drivers/CMSIS/Include -O0 -ffunction-sections -fdata-sections -Wall -fstack-usage -fcyclomatic-complexity -MMD -MP -MF"Core/Src/stm32g4xx_hal_msp.d" -MT"Core/Src/stm32g4xx_hal_msp.o" --specs=nano.specs -mfpu=fpv4-sp-d16 -mfloat-abi=hard -mthumb -o "Core/Src/stm32g4xx_hal_msp.o"
arm-none-eabi-gcc "../Core/Src/stm32g4xx_it.c" -mcpu=cortex-m4 -std=gnu11 -g3 -DDEBUG -DUSE_HAL_DRIVER -DSTM32G474xx -c -I../Core/Inc -I../Drivers/STM32G4xx_HAL_Driver/Inc -I../Drivers/STM32G4xx_HAL_Driver/Inc/Legacy -I../Drivers/CMSIS/Device/ST/STM32G4xx/Include -I../Drivers/CMSIS/Include -O0 -ffunction-sections -fdata-sections -Wall -fstack-usage -fcyclomatic-complexity -MMD -MP -MF"Core/Src/stm32g4xx_it.d" -MT"Core/Src/stm32g4xx_it.o" --specs=nano.specs -mfpu=fpv4-sp-d16 -mfloat-abi=hard -mthumb -o "Core/Src/stm32g4xx_it.o"
arm-none-eabi-gcc "../Core/Src/syscalls.c" -mcpu=cortex-m4 -std=gnu11 -g3 -DDEBUG -DUSE_HAL_DRIVER -DSTM32G474xx -c -I../Core/Inc -I../Drivers/STM32G4xx_HAL_Driver/Inc -I../Drivers/STM32G4xx_HAL_Driver/Inc/Legacy -I../Drivers/CMSIS/Device/ST/STM32G4xx/Include -I../Drivers/CMSIS/Include -O0 -ffunction-sections -fdata-sections -Wall -fstack-usage -fcyclomatic-complexity -MMD -MP -MF"Core/Src/syscalls.d" -MT"Core/Src/syscalls.o" --specs=nano.specs -mfpu=fpv4-sp-d16 -mfloat-abi=hard -mthumb -o "Core/Src/syscalls.o"
arm-none-eabi-gcc "../Core/Src/sysmem.c" -mcpu=cortex-m4 -std=gnu11 -g3 -DDEBUG -DUSE_HAL_DRIVER -DSTM32G474xx -c -I../Core/Inc -I../Drivers/STM32G4xx_HAL_Driver/Inc -I../Drivers/STM32G4xx_HAL_Driver/Inc/Legacy -I../Drivers/CMSIS/Device/ST/STM32G4xx/Include -I../Drivers/CMSIS/Include -O0 -ffunction-sections -fdata-sections -Wall -fstack-usage -fcyclomatic-complexity -MMD -MP -MF"Core/Src/sysmem.d" -MT"Core/Src/sysmem.o" --specs=nano.specs -mfpu=fpv4-sp-d16 -mfloat-abi=hard -mthumb -o "Core/Src/sysmem.o"
arm-none-eabi-gcc "../Core/Src/system_stm32g4xx.c" -mcpu=cortex-m4 -std=gnu11 -g3 -DDEBUG -DUSE_HAL_DRIVER -DSTM32G474xx -c -I../Core/Inc -I../Drivers/STM32G4xx_HAL_Driver/Inc -I../Drivers/STM32G4xx_HAL_Driver/Inc/Legacy -I../Drivers/CMSIS/Device/ST/STM32G4xx/Include -I../Drivers/CMSIS/Include -O0 -ffunction-sections -fdata-sections -Wall -fstack-usage -fcyclomatic-complexity -MMD -MP -MF"Core/Src/system_stm32g4xx.d" -MT"Core/Src/system_stm32g4xx.o" --specs=nano.specs -mfpu=fpv4-sp-d16 -mfloat-abi=hard -mthumb -o "Core/Src/system_stm32g4xx.o"
arm-none-eabi-gcc "../Core/Src/tim.c" -mcpu=cortex-m4 -std=gnu11 -g3 -DDEBUG -DUSE_HAL_DRIVER -DSTM32G474xx -c -I../Core/Inc -I../Drivers/STM32G4xx_HAL_Driver/Inc -I../Drivers/STM32G4xx_HAL_Driver/Inc/Legacy -I../Drivers/CMSIS/Device/ST/STM32G4xx/Include -I../Drivers/CMSIS/Include -O0 -ffunction-sections -fdata-sections -Wall -fstack-usage -fcyclomatic-complexity -MMD -MP -MF"Core/Src/tim.d" -MT"Core/Src/tim.o" --specs=nano.specs -mfpu=fpv4-sp-d16 -mfloat-abi=hard -mthumb -o "Core/Src/tim.o"
arm-none-eabi-gcc "../Core/Src/usart.c" -mcpu=cortex-m4 -std=gnu11 -g3 -DDEBUG -DUSE_HAL_DRIVER -DSTM32G474xx -c -I../Core/Inc -I../Drivers/STM32G4xx_HAL_Driver/Inc -I../Drivers/STM32G4xx_HAL_Driver/Inc/Legacy -I../Drivers/CMSIS/Device/ST/STM32G4xx/Include -I../Drivers/CMSIS/Include -O0 -ffunction-sections -fdata-sections -Wall -fstack-usage -fcyclomatic-complexity -MMD -MP -MF"Core/Src/usart.d" -MT"Core/Src/usart.o" --specs=nano.specs -mfpu=fpv4-sp-d16 -mfloat-abi=hard -mthumb -o "Core/Src/usart.o"
In file included from ../Core/Src/main.c:25:
../Core/Inc/ComSystemInterface.h:50:1: warning: parameter names (without types) in function declaration
   50 | void vComSystemInit(pTelemetryData,pStateEstimate,pMotorCommands);
      | ^~~~
../Core/Src/main.c: In function 'main':
../Core/Src/main.c:100:11: warning: pointer targets in assignment from 'char *' to 'unsigned char *' differ in signedness [-Wpointer-sign]
  100 |   message = "AT+NAME=Embarcados_GrupoB1";
      |           ^
../Core/Src/main.c:102:11: warning: pointer targets in assignment from 'char *' to 'unsigned char *' differ in signedness [-Wpointer-sign]
  102 |   message = "AT+PSWD=1234";
      |           ^
../Core/Src/main.c:104:11: warning: pointer targets in assignment from 'char *' to 'unsigned char *' differ in signedness [-Wpointer-sign]
  104 |   message = "AT+ROLE=0";
      |           ^
../Core/Src/main.c:106:11: warning: pointer targets in assignment from 'char *' to 'unsigned char *' differ in signedness [-Wpointer-sign]
  106 |   message = "AT+UART=115200";
      |           ^
In file included from ../Core/Src/ComSystemInterface.c:15:
../Core/Inc/ComSystemInterface.h:50:1: warning: parameter names (without types) in function declaration
   50 | void vComSystemInit(pTelemetryData,pStateEstimate,pMotorCommands);
      | ^~~~
../Core/Src/ComSystemInterface.c:108:1: warning: return type defaults to 'int' [-Wimplicit-int]
  108 | vComSystemInit(pTelemetryData,pStateEstimate,pMotorCommands){
      | ^~~~~~~~~~~~~~
../Core/Src/ComSystemInterface.c:108:1: warning: conflicting types for 'vComSystemInit'
../Core/Inc/ComSystemInterface.h:50:6: note: previous declaration of 'vComSystemInit' with type 'void()'
   50 | void vComSystemInit(pTelemetryData,pStateEstimate,pMotorCommands);
      |      ^~~~~~~~~~~~~~
../Core/Src/ComSystemInterface.c: In function 'vComSystemInit':
../Core/Src/ComSystemInterface.c:108:1: warning: type of 'pTelemetryData' defaults to 'int' [-Wimplicit-int]
  108 | vComSystemInit(pTelemetryData,pStateEstimate,pMotorCommands){
      | ^~~~~~~~~~~~~~
../Core/Src/ComSystemInterface.c:108:1: warning: type of 'pStateEstimate' defaults to 'int' [-Wimplicit-int]
../Core/Src/ComSystemInterface.c:108:1: warning: type of 'pMotorCommands' defaults to 'int' [-Wimplicit-int]
../Core/Src/ComSystemInterface.c: At top level:
../Core/Src/ComSystemInterface.c:113:1: warning: return type defaults to 'int' [-Wimplicit-int]
  113 | vComSystemSendRobotData(){
      | ^~~~~~~~~~~~~~~~~~~~~~~
../Core/Src/ComSystemInterface.c:113:1: warning: conflicting types for 'vComSystemSendRobotData'
../Core/Inc/ComSystemInterface.h:52:6: note: previous declaration of 'vComSystemSendRobotData' with type 'void()'
   52 | void vComSystemSendRobotData();
      |      ^~~~~~~~~~~~~~~~~~~~~~~
../Core/Src/ComSystemInterface.c:118:1: warning: return type defaults to 'int' [-Wimplicit-int]
  118 | vComSystemParseIncomingData(){
      | ^~~~~~~~~~~~~~~~~~~~~~~~~~~
../Core/Src/ComSystemInterface.c:118:1: warning: conflicting types for 'vComSystemParseIncomingData'
../Core/Inc/ComSystemInterface.h:54:6: note: previous declaration of 'vComSystemParseIncomingData' with type 'void()'
   54 | void vComSystemParseIncomingData();
      |      ^~~~~~~~~~~~~~~~~~~~~~~~~~~
arm-none-eabi-gcc -o "Autonomous_Cart.elf" @"objects.list"   -mcpu=cortex-m4 -T"C:\Users\njsne\OneDrive\Documentos\ES070\Autonomous-Cart\FIRMWARE\Autonomous_Cart\STM32G474RETX_FLASH.ld" --specs=nosys.specs -Wl,-Map="Autonomous_Cart.map" -Wl,--gc-sections -static --specs=nano.specs -mfpu=fpv4-sp-d16 -mfloat-abi=hard -mthumb -Wl,--start-group -lc -lm -Wl,--end-group
C:/ST/STM32CubeIDE_1.16.0/STM32CubeIDE/plugins/com.st.stm32cube.ide.mcu.externaltools.gnu-tools-for-stm32.12.3.rel1.win32_1.0.200.202406191623/tools/bin/../lib/gcc/arm-none-eabi/12.3.1/../../../../arm-none-eabi/bin/ld.exe: warning: Autonomous_Cart.elf has a LOAD segment with RWX permissions
Finished building target: Autonomous_Cart.elf
 
arm-none-eabi-size  Autonomous_Cart.elf 
arm-none-eabi-objdump -h -S Autonomous_Cart.elf  > "Autonomous_Cart.list"
   text	   data	    bss	    dec	    hex	filename
  24144	     20	   2124	  26288	   66b0	Autonomous_Cart.elf
Finished building: default.size.stdout
 
Finished building: Autonomous_Cart.list
 

17:25:30 Build Finished. 0 errors, 16 warnings. (took 1s.426ms)

