14:51:21 **** Incremental Build of configuration Debug for project Autonomous_Cart ****
make -j16 all 
arm-none-eabi-gcc "../Core/Src/main.c" -mcpu=cortex-m4 -std=gnu11 -g3 -DDEBUG -DUSE_HAL_DRIVER -DSTM32G474xx -c -I../Core/Inc -I../Drivers/STM32G4xx_HAL_Driver/Inc -I../Drivers/STM32G4xx_HAL_Driver/Inc/Legacy -I../Drivers/CMSIS/Device/ST/STM32G4xx/Include -I../Drivers/CMSIS/Include -O0 -ffunction-sections -fdata-sections -Wall -fstack-usage -fcyclomatic-complexity -MMD -MP -MF"Core/Src/main.d" -MT"Core/Src/main.o" --specs=nano.specs -mfpu=fpv4-sp-d16 -mfloat-abi=hard -mthumb -o "Core/Src/main.o"
In file included from ../Core/Src/main.c:26:
../Core/Inc/ComSystem.h:52:1: warning: parameter names (without types) in function declaration
   52 | void vComSystemInit(pTelemetryData,pStateEstimate,pMotorCommands);
      | ^~~~
arm-none-eabi-gcc -o "Autonomous_Cart.elf" @"objects.list"   -mcpu=cortex-m4 -T"C:\Users\njsne\OneDrive\Documentos\ES070\Autonomous-Cart\FIRMWARE\Autonomous_Cart\STM32G474RETX_FLASH.ld" --specs=nosys.specs -Wl,-Map="Autonomous_Cart.map" -Wl,--gc-sections -static --specs=nano.specs -mfpu=fpv4-sp-d16 -mfloat-abi=hard -mthumb -Wl,--start-group -lc -lm -Wl,--end-group
C:/ST/STM32CubeIDE_1.16.0/STM32CubeIDE/plugins/com.st.stm32cube.ide.mcu.externaltools.gnu-tools-for-stm32.12.3.rel1.win32_1.0.200.202406191623/tools/bin/../lib/gcc/arm-none-eabi/12.3.1/../../../../arm-none-eabi/bin/ld.exe: warning: Autonomous_Cart.elf has a LOAD segment with RWX permissions
Finished building target: Autonomous_Cart.elf
 
arm-none-eabi-size  Autonomous_Cart.elf 
arm-none-eabi-objdump -h -S Autonomous_Cart.elf  > "Autonomous_Cart.list"
   text	   data	    bss	    dec	    hex	filename
  27512	     20	   3020	  30552	   7758	Autonomous_Cart.elf
Finished building: default.size.stdout
 
Finished building: Autonomous_Cart.list
 
14:51:30 **** Incremental Build of configuration Debug for project Autonomous_Cart ****
make -j16 all 
arm-none-eabi-size  Autonomous_Cart.elf 
   text	   data	    bss	    dec	    hex	filename
  27512	     20	   3020	  30552	   7758	Autonomous_Cart.elf
Finished building: default.size.stdout
 
14:52:18 **** Incremental Build of configuration Debug for project Autonomous_Cart ****
make -j16 all 
arm-none-eabi-gcc "../Core/Src/main.c" -mcpu=cortex-m4 -std=gnu11 -g3 -DDEBUG -DUSE_HAL_DRIVER -DSTM32G474xx -c -I../Core/Inc -I../Drivers/STM32G4xx_HAL_Driver/Inc -I../Drivers/STM32G4xx_HAL_Driver/Inc/Legacy -I../Drivers/CMSIS/Device/ST/STM32G4xx/Include -I../Drivers/CMSIS/Include -O0 -ffunction-sections -fdata-sections -Wall -fstack-usage -fcyclomatic-complexity -MMD -MP -MF"Core/Src/main.d" -MT"Core/Src/main.o" --specs=nano.specs -mfpu=fpv4-sp-d16 -mfloat-abi=hard -mthumb -o "Core/Src/main.o"
In file included from ../Core/Src/main.c:26:
../Core/Inc/ComSystem.h:52:1: warning: parameter names (without types) in function declaration
   52 | void vComSystemInit(pTelemetryData,pStateEstimate,pMotorCommands);
      | ^~~~
arm-none-eabi-gcc -o "Autonomous_Cart.elf" @"objects.list"   -mcpu=cortex-m4 -T"C:\Users\njsne\OneDrive\Documentos\ES070\Autonomous-Cart\FIRMWARE\Autonomous_Cart\STM32G474RETX_FLASH.ld" --specs=nosys.specs -Wl,-Map="Autonomous_Cart.map" -Wl,--gc-sections -static --specs=nano.specs -mfpu=fpv4-sp-d16 -mfloat-abi=hard -mthumb -Wl,--start-group -lc -lm -Wl,--end-group
C:/ST/STM32CubeIDE_1.16.0/STM32CubeIDE/plugins/com.st.stm32cube.ide.mcu.externaltools.gnu-tools-for-stm32.12.3.rel1.win32_1.0.200.202406191623/tools/bin/../lib/gcc/arm-none-eabi/12.3.1/../../../../arm-none-eabi/bin/ld.exe: warning: Autonomous_Cart.elf has a LOAD segment with RWX permissions
Finished building target: Autonomous_Cart.elf
 
arm-none-eabi-size  Autonomous_Cart.elf 
arm-none-eabi-objdump -h -S Autonomous_Cart.elf  > "Autonomous_Cart.list"
   text	   data	    bss	    dec	    hex	filename
  27696	     20	   3020	  30736	   7810	Autonomous_Cart.elf
Finished building: default.size.stdout
 
Finished building: Autonomous_Cart.list
 
14:54:40 **** Incremental Build of configuration Debug for project Autonomous_Cart ****
make -j16 all 
arm-none-eabi-gcc "../Core/Src/adc.c" -mcpu=cortex-m4 -std=gnu11 -g3 -DDEBUG -DUSE_HAL_DRIVER -DSTM32G474xx -c -I../Core/Inc -I../Drivers/STM32G4xx_HAL_Driver/Inc -I../Drivers/STM32G4xx_HAL_Driver/Inc/Legacy -I../Drivers/CMSIS/Device/ST/STM32G4xx/Include -I../Drivers/CMSIS/Include -O0 -ffunction-sections -fdata-sections -Wall -fstack-usage -fcyclomatic-complexity -MMD -MP -MF"Core/Src/adc.d" -MT"Core/Src/adc.o" --specs=nano.specs -mfpu=fpv4-sp-d16 -mfloat-abi=hard -mthumb -o "Core/Src/adc.o"
arm-none-eabi-gcc -o "Autonomous_Cart.elf" @"objects.list"   -mcpu=cortex-m4 -T"C:\Users\njsne\OneDrive\Documentos\ES070\Autonomous-Cart\FIRMWARE\Autonomous_Cart\STM32G474RETX_FLASH.ld" --specs=nosys.specs -Wl,-Map="Autonomous_Cart.map" -Wl,--gc-sections -static --specs=nano.specs -mfpu=fpv4-sp-d16 -mfloat-abi=hard -mthumb -Wl,--start-group -lc -lm -Wl,--end-group
C:/ST/STM32CubeIDE_1.16.0/STM32CubeIDE/plugins/com.st.stm32cube.ide.mcu.externaltools.gnu-tools-for-stm32.12.3.rel1.win32_1.0.200.202406191623/tools/bin/../lib/gcc/arm-none-eabi/12.3.1/../../../../arm-none-eabi/bin/ld.exe: warning: Autonomous_Cart.elf has a LOAD segment with RWX permissions
Finished building target: Autonomous_Cart.elf
 
arm-none-eabi-size  Autonomous_Cart.elf 
arm-none-eabi-objdump -h -S Autonomous_Cart.elf  > "Autonomous_Cart.list"
   text	   data	    bss	    dec	    hex	filename
  27696	     20	   3020	  30736	   7810	Autonomous_Cart.elf
Finished building: default.size.stdout
 
Finished building: Autonomous_Cart.list
 
14:54:44 **** Incremental Build of configuration Debug for project Autonomous_Cart ****
make -j16 all 
arm-none-eabi-size  Autonomous_Cart.elf 
   text	   data	    bss	    dec	    hex	filename
  27696	     20	   3020	  30736	   7810	Autonomous_Cart.elf
Finished building: default.size.stdout
 
14:57:08 **** Incremental Build of configuration Debug for project Autonomous_Cart ****
make -j16 all 
arm-none-eabi-gcc "../Core/Src/adc.c" -mcpu=cortex-m4 -std=gnu11 -g3 -DDEBUG -DUSE_HAL_DRIVER -DSTM32G474xx -c -I../Core/Inc -I../Drivers/STM32G4xx_HAL_Driver/Inc -I../Drivers/STM32G4xx_HAL_Driver/Inc/Legacy -I../Drivers/CMSIS/Device/ST/STM32G4xx/Include -I../Drivers/CMSIS/Include -O0 -ffunction-sections -fdata-sections -Wall -fstack-usage -fcyclomatic-complexity -MMD -MP -MF"Core/Src/adc.d" -MT"Core/Src/adc.o" --specs=nano.specs -mfpu=fpv4-sp-d16 -mfloat-abi=hard -mthumb -o "Core/Src/adc.o"
arm-none-eabi-gcc -o "Autonomous_Cart.elf" @"objects.list"   -mcpu=cortex-m4 -T"C:\Users\njsne\OneDrive\Documentos\ES070\Autonomous-Cart\FIRMWARE\Autonomous_Cart\STM32G474RETX_FLASH.ld" --specs=nosys.specs -Wl,-Map="Autonomous_Cart.map" -Wl,--gc-sections -static --specs=nano.specs -mfpu=fpv4-sp-d16 -mfloat-abi=hard -mthumb -Wl,--start-group -lc -lm -Wl,--end-group
C:/ST/STM32CubeIDE_1.16.0/STM32CubeIDE/plugins/com.st.stm32cube.ide.mcu.externaltools.gnu-tools-for-stm32.12.3.rel1.win32_1.0.200.202406191623/tools/bin/../lib/gcc/arm-none-eabi/12.3.1/../../../../arm-none-eabi/bin/ld.exe: warning: Autonomous_Cart.elf has a LOAD segment with RWX permissions
Finished building target: Autonomous_Cart.elf
 
arm-none-eabi-size  Autonomous_Cart.elf 
arm-none-eabi-objdump -h -S Autonomous_Cart.elf  > "Autonomous_Cart.list"
   text	   data	    bss	    dec	    hex	filename
  27696	     20	   3020	  30736	   7810	Autonomous_Cart.elf
Finished building: default.size.stdout
 
Finished building: Autonomous_Cart.list
 
14:57:53 **** Incremental Build of configuration Debug for project Autonomous_Cart ****
make -j16 all 
arm-none-eabi-gcc "../Core/Src/main.c" -mcpu=cortex-m4 -std=gnu11 -g3 -DDEBUG -DUSE_HAL_DRIVER -DSTM32G474xx -c -I../Core/Inc -I../Drivers/STM32G4xx_HAL_Driver/Inc -I../Drivers/STM32G4xx_HAL_Driver/Inc/Legacy -I../Drivers/CMSIS/Device/ST/STM32G4xx/Include -I../Drivers/CMSIS/Include -O0 -ffunction-sections -fdata-sections -Wall -fstack-usage -fcyclomatic-complexity -MMD -MP -MF"Core/Src/main.d" -MT"Core/Src/main.o" --specs=nano.specs -mfpu=fpv4-sp-d16 -mfloat-abi=hard -mthumb -o "Core/Src/main.o"
In file included from ../Core/Src/main.c:26:
../Core/Inc/ComSystem.h:52:1: warning: parameter names (without types) in function declaration
   52 | void vComSystemInit(pTelemetryData,pStateEstimate,pMotorCommands);
      | ^~~~
arm-none-eabi-gcc -o "Autonomous_Cart.elf" @"objects.list"   -mcpu=cortex-m4 -T"C:\Users\njsne\OneDrive\Documentos\ES070\Autonomous-Cart\FIRMWARE\Autonomous_Cart\STM32G474RETX_FLASH.ld" --specs=nosys.specs -Wl,-Map="Autonomous_Cart.map" -Wl,--gc-sections -static --specs=nano.specs -mfpu=fpv4-sp-d16 -mfloat-abi=hard -mthumb -Wl,--start-group -lc -lm -Wl,--end-group
C:/ST/STM32CubeIDE_1.16.0/STM32CubeIDE/plugins/com.st.stm32cube.ide.mcu.externaltools.gnu-tools-for-stm32.12.3.rel1.win32_1.0.200.202406191623/tools/bin/../lib/gcc/arm-none-eabi/12.3.1/../../../../arm-none-eabi/bin/ld.exe: warning: Autonomous_Cart.elf has a LOAD segment with RWX permissions
Finished building target: Autonomous_Cart.elf
 
arm-none-eabi-size  Autonomous_Cart.elf 
arm-none-eabi-objdump -h -S Autonomous_Cart.elf  > "Autonomous_Cart.list"
   text	   data	    bss	    dec	    hex	filename
  27700	     20	   3020	  30740	   7814	Autonomous_Cart.elf
Finished building: default.size.stdout
 
Finished building: Autonomous_Cart.list
 
14:59:22 **** Incremental Build of configuration Debug for project Autonomous_Cart ****
make -j16 all 
arm-none-eabi-gcc "../Core/Src/main.c" -mcpu=cortex-m4 -std=gnu11 -g3 -DDEBUG -DUSE_HAL_DRIVER -DSTM32G474xx -c -I../Core/Inc -I../Drivers/STM32G4xx_HAL_Driver/Inc -I../Drivers/STM32G4xx_HAL_Driver/Inc/Legacy -I../Drivers/CMSIS/Device/ST/STM32G4xx/Include -I../Drivers/CMSIS/Include -O0 -ffunction-sections -fdata-sections -Wall -fstack-usage -fcyclomatic-complexity -MMD -MP -MF"Core/Src/main.d" -MT"Core/Src/main.o" --specs=nano.specs -mfpu=fpv4-sp-d16 -mfloat-abi=hard -mthumb -o "Core/Src/main.o"
In file included from ../Core/Src/main.c:26:
../Core/Inc/ComSystem.h:52:1: warning: parameter names (without types) in function declaration
   52 | void vComSystemInit(pTelemetryData,pStateEstimate,pMotorCommands);
      | ^~~~
../Core/Src/main.c: In function 'main':
../Core/Src/main.c:96:3: warning: implicit declaration of function 'MX_I2C1_Init'; did you mean 'MX_ADC1_Init'? [-Wimplicit-function-declaration]
   96 |   MX_I2C1_Init();
      |   ^~~~~~~~~~~~
      |   MX_ADC1_Init
arm-none-eabi-gcc -o "Autonomous_Cart.elf" @"objects.list"   -mcpu=cortex-m4 -T"C:\Users\njsne\OneDrive\Documentos\ES070\Autonomous-Cart\FIRMWARE\Autonomous_Cart\STM32G474RETX_FLASH.ld" --specs=nosys.specs -Wl,-Map="Autonomous_Cart.map" -Wl,--gc-sections -static --specs=nano.specs -mfpu=fpv4-sp-d16 -mfloat-abi=hard -mthumb -Wl,--start-group -lc -lm -Wl,--end-group
C:/ST/STM32CubeIDE_1.16.0/STM32CubeIDE/plugins/com.st.stm32cube.ide.mcu.externaltools.gnu-tools-for-stm32.12.3.rel1.win32_1.0.200.202406191623/tools/bin/../lib/gcc/arm-none-eabi/12.3.1/../../../../arm-none-eabi/bin/ld.exe: warning: Autonomous_Cart.elf has a LOAD segment with RWX permissions
C:/ST/STM32CubeIDE_1.16.0/STM32CubeIDE/plugins/com.st.stm32cube.ide.mcu.externaltools.gnu-tools-for-stm32.12.3.rel1.win32_1.0.200.202406191623/tools/bin/../lib/gcc/arm-none-eabi/12.3.1/../../../../arm-none-eabi/bin/ld.exe: ./Core/Src/main.o: in function `main':
C:/Users/njsne/OneDrive/Documentos/ES070/Autonomous-Cart/FIRMWARE/Autonomous_Cart/Debug/../Core/Src/main.c:96: undefined reference to `MX_I2C1_Init'
collect2.exe: error: ld returned 1 exit status
make: *** [makefile:64: Autonomous_Cart.elf] Error 1
"make -j16 all" terminated with exit code 2. Build might be incomplete.
14:59:47 **** Incremental Build of configuration Debug for project Autonomous_Cart ****
make -j16 all 
arm-none-eabi-gcc "../Core/Src/main.c" -mcpu=cortex-m4 -std=gnu11 -g3 -DDEBUG -DUSE_HAL_DRIVER -DSTM32G474xx -c -I../Core/Inc -I../Drivers/STM32G4xx_HAL_Driver/Inc -I../Drivers/STM32G4xx_HAL_Driver/Inc/Legacy -I../Drivers/CMSIS/Device/ST/STM32G4xx/Include -I../Drivers/CMSIS/Include -O0 -ffunction-sections -fdata-sections -Wall -fstack-usage -fcyclomatic-complexity -MMD -MP -MF"Core/Src/main.d" -MT"Core/Src/main.o" --specs=nano.specs -mfpu=fpv4-sp-d16 -mfloat-abi=hard -mthumb -o "Core/Src/main.o"
../Core/Src/main.c:22:10: fatal error: 12c.c: No such file or directory
   22 | #include "12c.c"
      |          ^~~~~~~
compilation terminated.
make: *** [Core/Src/subdir.mk:64: Core/Src/main.o] Error 1
"make -j16 all" terminated with exit code 2. Build might be incomplete.
14:59:54 **** Incremental Build of configuration Debug for project Autonomous_Cart ****
make -j16 all 
arm-none-eabi-gcc "../Core/Src/main.c" -mcpu=cortex-m4 -std=gnu11 -g3 -DDEBUG -DUSE_HAL_DRIVER -DSTM32G474xx -c -I../Core/Inc -I../Drivers/STM32G4xx_HAL_Driver/Inc -I../Drivers/STM32G4xx_HAL_Driver/Inc/Legacy -I../Drivers/CMSIS/Device/ST/STM32G4xx/Include -I../Drivers/CMSIS/Include -O0 -ffunction-sections -fdata-sections -Wall -fstack-usage -fcyclomatic-complexity -MMD -MP -MF"Core/Src/main.d" -MT"Core/Src/main.o" --specs=nano.specs -mfpu=fpv4-sp-d16 -mfloat-abi=hard -mthumb -o "Core/Src/main.o"
../Core/Src/main.c:22:10: fatal error: 12c.h: No such file or directory
   22 | #include "12c.h"
      |          ^~~~~~~
compilation terminated.
make: *** [Core/Src/subdir.mk:64: Core/Src/main.o] Error 1
"make -j16 all" terminated with exit code 2. Build might be incomplete.
15:00:07 **** Incremental Build of configuration Debug for project Autonomous_Cart ****
make -j16 all 
arm-none-eabi-gcc "../Core/Src/main.c" -mcpu=cortex-m4 -std=gnu11 -g3 -DDEBUG -DUSE_HAL_DRIVER -DSTM32G474xx -c -I../Core/Inc -I../Drivers/STM32G4xx_HAL_Driver/Inc -I../Drivers/STM32G4xx_HAL_Driver/Inc/Legacy -I../Drivers/CMSIS/Device/ST/STM32G4xx/Include -I../Drivers/CMSIS/Include -O0 -ffunction-sections -fdata-sections -Wall -fstack-usage -fcyclomatic-complexity -MMD -MP -MF"Core/Src/main.d" -MT"Core/Src/main.o" --specs=nano.specs -mfpu=fpv4-sp-d16 -mfloat-abi=hard -mthumb -o "Core/Src/main.o"
In file included from ../Core/Src/main.c:27:
../Core/Inc/ComSystem.h:52:1: warning: parameter names (without types) in function declaration
   52 | void vComSystemInit(pTelemetryData,pStateEstimate,pMotorCommands);
      | ^~~~
../Core/Src/main.c: In function 'main':
../Core/Src/main.c:97:3: warning: implicit declaration of function 'MX_I2C1_Init'; did you mean 'MX_I2C2_Init'? [-Wimplicit-function-declaration]
   97 |   MX_I2C1_Init();
      |   ^~~~~~~~~~~~
      |   MX_I2C2_Init
arm-none-eabi-gcc -o "Autonomous_Cart.elf" @"objects.list"   -mcpu=cortex-m4 -T"C:\Users\njsne\OneDrive\Documentos\ES070\Autonomous-Cart\FIRMWARE\Autonomous_Cart\STM32G474RETX_FLASH.ld" --specs=nosys.specs -Wl,-Map="Autonomous_Cart.map" -Wl,--gc-sections -static --specs=nano.specs -mfpu=fpv4-sp-d16 -mfloat-abi=hard -mthumb -Wl,--start-group -lc -lm -Wl,--end-group
C:/ST/STM32CubeIDE_1.16.0/STM32CubeIDE/plugins/com.st.stm32cube.ide.mcu.externaltools.gnu-tools-for-stm32.12.3.rel1.win32_1.0.200.202406191623/tools/bin/../lib/gcc/arm-none-eabi/12.3.1/../../../../arm-none-eabi/bin/ld.exe: warning: Autonomous_Cart.elf has a LOAD segment with RWX permissions
C:/ST/STM32CubeIDE_1.16.0/STM32CubeIDE/plugins/com.st.stm32cube.ide.mcu.externaltools.gnu-tools-for-stm32.12.3.rel1.win32_1.0.200.202406191623/tools/bin/../lib/gcc/arm-none-eabi/12.3.1/../../../../arm-none-eabi/bin/ld.exe: ./Core/Src/main.o: in function `main':
C:/Users/njsne/OneDrive/Documentos/ES070/Autonomous-Cart/FIRMWARE/Autonomous_Cart/Debug/../Core/Src/main.c:97: undefined reference to `MX_I2C1_Init'
collect2.exe: error: ld returned 1 exit status
make: *** [makefile:64: Autonomous_Cart.elf] Error 1
"make -j16 all" terminated with exit code 2. Build might be incomplete.
15:00:34 **** Incremental Build of configuration Debug for project Autonomous_Cart ****
make -j16 all 
arm-none-eabi-gcc "../Core/Src/main.c" -mcpu=cortex-m4 -std=gnu11 -g3 -DDEBUG -DUSE_HAL_DRIVER -DSTM32G474xx -c -I../Core/Inc -I../Drivers/STM32G4xx_HAL_Driver/Inc -I../Drivers/STM32G4xx_HAL_Driver/Inc/Legacy -I../Drivers/CMSIS/Device/ST/STM32G4xx/Include -I../Drivers/CMSIS/Include -O0 -ffunction-sections -fdata-sections -Wall -fstack-usage -fcyclomatic-complexity -MMD -MP -MF"Core/Src/main.d" -MT"Core/Src/main.o" --specs=nano.specs -mfpu=fpv4-sp-d16 -mfloat-abi=hard -mthumb -o "Core/Src/main.o"
In file included from ../Core/Src/main.c:27:
../Core/Inc/ComSystem.h:52:1: warning: parameter names (without types) in function declaration
   52 | void vComSystemInit(pTelemetryData,pStateEstimate,pMotorCommands);
      | ^~~~
arm-none-eabi-gcc -o "Autonomous_Cart.elf" @"objects.list"   -mcpu=cortex-m4 -T"C:\Users\njsne\OneDrive\Documentos\ES070\Autonomous-Cart\FIRMWARE\Autonomous_Cart\STM32G474RETX_FLASH.ld" --specs=nosys.specs -Wl,-Map="Autonomous_Cart.map" -Wl,--gc-sections -static --specs=nano.specs -mfpu=fpv4-sp-d16 -mfloat-abi=hard -mthumb -Wl,--start-group -lc -lm -Wl,--end-group
C:/ST/STM32CubeIDE_1.16.0/STM32CubeIDE/plugins/com.st.stm32cube.ide.mcu.externaltools.gnu-tools-for-stm32.12.3.rel1.win32_1.0.200.202406191623/tools/bin/../lib/gcc/arm-none-eabi/12.3.1/../../../../arm-none-eabi/bin/ld.exe: warning: Autonomous_Cart.elf has a LOAD segment with RWX permissions
Finished building target: Autonomous_Cart.elf
 
arm-none-eabi-size  Autonomous_Cart.elf 
arm-none-eabi-objdump -h -S Autonomous_Cart.elf  > "Autonomous_Cart.list"
   text	   data	    bss	    dec	    hex	filename
  28680	     20	   3100	  31800	   7c38	Autonomous_Cart.elf
Finished building: default.size.stdout
 
Finished building: Autonomous_Cart.list
 
15:00:47 **** Incremental Build of configuration Debug for project Autonomous_Cart ****
make -j16 all 
arm-none-eabi-size  Autonomous_Cart.elf 
   text	   data	    bss	    dec	    hex	filename
  28680	     20	   3100	  31800	   7c38	Autonomous_Cart.elf
Finished building: default.size.stdout
 
15:02:51 **** Incremental Build of configuration Debug for project Autonomous_Cart ****
make -j16 all 
arm-none-eabi-size  Autonomous_Cart.elf 
   text	   data	    bss	    dec	    hex	filename
  28680	     20	   3100	  31800	   7c38	Autonomous_Cart.elf
Finished building: default.size.stdout
 
15:04:16 **** Incremental Build of configuration Debug for project Autonomous_Cart ****
make -j16 all 
arm-none-eabi-gcc "../Core/Src/main.c" -mcpu=cortex-m4 -std=gnu11 -g3 -DDEBUG -DUSE_HAL_DRIVER -DSTM32G474xx -c -I../Core/Inc -I../Drivers/STM32G4xx_HAL_Driver/Inc -I../Drivers/STM32G4xx_HAL_Driver/Inc/Legacy -I../Drivers/CMSIS/Device/ST/STM32G4xx/Include -I../Drivers/CMSIS/Include -O0 -ffunction-sections -fdata-sections -Wall -fstack-usage -fcyclomatic-complexity -MMD -MP -MF"Core/Src/main.d" -MT"Core/Src/main.o" --specs=nano.specs -mfpu=fpv4-sp-d16 -mfloat-abi=hard -mthumb -o "Core/Src/main.o"
In file included from ../Core/Src/main.c:27:
../Core/Inc/ComSystem.h:52:1: warning: parameter names (without types) in function declaration
   52 | void vComSystemInit(pTelemetryData,pStateEstimate,pMotorCommands);
      | ^~~~
arm-none-eabi-gcc -o "Autonomous_Cart.elf" @"objects.list"   -mcpu=cortex-m4 -T"C:\Users\njsne\OneDrive\Documentos\ES070\Autonomous-Cart\FIRMWARE\Autonomous_Cart\STM32G474RETX_FLASH.ld" --specs=nosys.specs -Wl,-Map="Autonomous_Cart.map" -Wl,--gc-sections -static --specs=nano.specs -mfpu=fpv4-sp-d16 -mfloat-abi=hard -mthumb -Wl,--start-group -lc -lm -Wl,--end-group
C:/ST/STM32CubeIDE_1.16.0/STM32CubeIDE/plugins/com.st.stm32cube.ide.mcu.externaltools.gnu-tools-for-stm32.12.3.rel1.win32_1.0.200.202406191623/tools/bin/../lib/gcc/arm-none-eabi/12.3.1/../../../../arm-none-eabi/bin/ld.exe: warning: Autonomous_Cart.elf has a LOAD segment with RWX permissions
Finished building target: Autonomous_Cart.elf
 
arm-none-eabi-size  Autonomous_Cart.elf 
arm-none-eabi-objdump -h -S Autonomous_Cart.elf  > "Autonomous_Cart.list"
   text	   data	    bss	    dec	    hex	filename
  28580	     20	   3100	  31700	   7bd4	Autonomous_Cart.elf
Finished building: default.size.stdout
 
Finished building: Autonomous_Cart.list
 
15:09:08 **** Incremental Build of configuration Debug for project Autonomous_Cart ****
make -j16 all 
arm-none-eabi-gcc "../Core/Src/LineSensorSystem.c" -mcpu=cortex-m4 -std=gnu11 -g3 -DDEBUG -DUSE_HAL_DRIVER -DSTM32G474xx -c -I../Core/Inc -I../Drivers/STM32G4xx_HAL_Driver/Inc -I../Drivers/STM32G4xx_HAL_Driver/Inc/Legacy -I../Drivers/CMSIS/Device/ST/STM32G4xx/Include -I../Drivers/CMSIS/Include -O0 -ffunction-sections -fdata-sections -Wall -fstack-usage -fcyclomatic-complexity -MMD -MP -MF"Core/Src/LineSensorSystem.d" -MT"Core/Src/LineSensorSystem.o" --specs=nano.specs -mfpu=fpv4-sp-d16 -mfloat-abi=hard -mthumb -o "Core/Src/LineSensorSystem.o"
arm-none-eabi-gcc "../Core/Src/main.c" -mcpu=cortex-m4 -std=gnu11 -g3 -DDEBUG -DUSE_HAL_DRIVER -DSTM32G474xx -c -I../Core/Inc -I../Drivers/STM32G4xx_HAL_Driver/Inc -I../Drivers/STM32G4xx_HAL_Driver/Inc/Legacy -I../Drivers/CMSIS/Device/ST/STM32G4xx/Include -I../Drivers/CMSIS/Include -O0 -ffunction-sections -fdata-sections -Wall -fstack-usage -fcyclomatic-complexity -MMD -MP -MF"Core/Src/main.d" -MT"Core/Src/main.o" --specs=nano.specs -mfpu=fpv4-sp-d16 -mfloat-abi=hard -mthumb -o "Core/Src/main.o"
In file included from ../Core/Src/main.c:27:
../Core/Inc/ComSystem.h:52:1: warning: parameter names (without types) in function declaration
   52 | void vComSystemInit(pTelemetryData,pStateEstimate,pMotorCommands);
      | ^~~~
arm-none-eabi-gcc -o "Autonomous_Cart.elf" @"objects.list"   -mcpu=cortex-m4 -T"C:\Users\njsne\OneDrive\Documentos\ES070\Autonomous-Cart\FIRMWARE\Autonomous_Cart\STM32G474RETX_FLASH.ld" --specs=nosys.specs -Wl,-Map="Autonomous_Cart.map" -Wl,--gc-sections -static --specs=nano.specs -mfpu=fpv4-sp-d16 -mfloat-abi=hard -mthumb -Wl,--start-group -lc -lm -Wl,--end-group
C:/ST/STM32CubeIDE_1.16.0/STM32CubeIDE/plugins/com.st.stm32cube.ide.mcu.externaltools.gnu-tools-for-stm32.12.3.rel1.win32_1.0.200.202406191623/tools/bin/../lib/gcc/arm-none-eabi/12.3.1/../../../../arm-none-eabi/bin/ld.exe: warning: Autonomous_Cart.elf has a LOAD segment with RWX permissions
Finished building target: Autonomous_Cart.elf
 
arm-none-eabi-size  Autonomous_Cart.elf 
arm-none-eabi-objdump -h -S Autonomous_Cart.elf  > "Autonomous_Cart.list"
   text	   data	    bss	    dec	    hex	filename
  28704	     20	   3124	  31848	   7c68	Autonomous_Cart.elf
Finished building: default.size.stdout
 
Finished building: Autonomous_Cart.list
 
15:11:49 **** Incremental Build of configuration Debug for project Autonomous_Cart ****
make -j16 all 
arm-none-eabi-gcc "../Core/Src/LineSensorSystem.c" -mcpu=cortex-m4 -std=gnu11 -g3 -DDEBUG -DUSE_HAL_DRIVER -DSTM32G474xx -c -I../Core/Inc -I../Drivers/STM32G4xx_HAL_Driver/Inc -I../Drivers/STM32G4xx_HAL_Driver/Inc/Legacy -I../Drivers/CMSIS/Device/ST/STM32G4xx/Include -I../Drivers/CMSIS/Include -O0 -ffunction-sections -fdata-sections -Wall -fstack-usage -fcyclomatic-complexity -MMD -MP -MF"Core/Src/LineSensorSystem.d" -MT"Core/Src/LineSensorSystem.o" --specs=nano.specs -mfpu=fpv4-sp-d16 -mfloat-abi=hard -mthumb -o "Core/Src/LineSensorSystem.o"
arm-none-eabi-gcc "../Core/Src/main.c" -mcpu=cortex-m4 -std=gnu11 -g3 -DDEBUG -DUSE_HAL_DRIVER -DSTM32G474xx -c -I../Core/Inc -I../Drivers/STM32G4xx_HAL_Driver/Inc -I../Drivers/STM32G4xx_HAL_Driver/Inc/Legacy -I../Drivers/CMSIS/Device/ST/STM32G4xx/Include -I../Drivers/CMSIS/Include -O0 -ffunction-sections -fdata-sections -Wall -fstack-usage -fcyclomatic-complexity -MMD -MP -MF"Core/Src/main.d" -MT"Core/Src/main.o" --specs=nano.specs -mfpu=fpv4-sp-d16 -mfloat-abi=hard -mthumb -o "Core/Src/main.o"
In file included from ../Core/Src/main.c:27:
../Core/Inc/ComSystem.h:52:1: warning: parameter names (without types) in function declaration
   52 | void vComSystemInit(pTelemetryData,pStateEstimate,pMotorCommands);
      | ^~~~
arm-none-eabi-gcc -o "Autonomous_Cart.elf" @"objects.list"   -mcpu=cortex-m4 -T"C:\Users\njsne\OneDrive\Documentos\ES070\Autonomous-Cart\FIRMWARE\Autonomous_Cart\STM32G474RETX_FLASH.ld" --specs=nosys.specs -Wl,-Map="Autonomous_Cart.map" -Wl,--gc-sections -static --specs=nano.specs -mfpu=fpv4-sp-d16 -mfloat-abi=hard -mthumb -Wl,--start-group -lc -lm -Wl,--end-group
C:/ST/STM32CubeIDE_1.16.0/STM32CubeIDE/plugins/com.st.stm32cube.ide.mcu.externaltools.gnu-tools-for-stm32.12.3.rel1.win32_1.0.200.202406191623/tools/bin/../lib/gcc/arm-none-eabi/12.3.1/../../../../arm-none-eabi/bin/ld.exe: warning: Autonomous_Cart.elf has a LOAD segment with RWX permissions
Finished building target: Autonomous_Cart.elf
 
arm-none-eabi-size  Autonomous_Cart.elf 
arm-none-eabi-objdump -h -S Autonomous_Cart.elf  > "Autonomous_Cart.list"
   text	   data	    bss	    dec	    hex	filename
  28880	     20	   3124	  32024	   7d18	Autonomous_Cart.elf
Finished building: default.size.stdout
 
Finished building: Autonomous_Cart.list
 
15:12:29 **** Incremental Build of configuration Debug for project Autonomous_Cart ****
make -j16 all 
arm-none-eabi-size  Autonomous_Cart.elf 
   text	   data	    bss	    dec	    hex	filename
  28880	     20	   3124	  32024	   7d18	Autonomous_Cart.elf
Finished building: default.size.stdout
 
15:15:47 **** Incremental Build of configuration Debug for project Autonomous_Cart ****
make -j16 all 
arm-none-eabi-size  Autonomous_Cart.elf 
   text	   data	    bss	    dec	    hex	filename
  28880	     20	   3124	  32024	   7d18	Autonomous_Cart.elf
Finished building: default.size.stdout
 
15:16:42 **** Incremental Build of configuration Debug for project Autonomous_Cart ****
make -j16 all 
arm-none-eabi-gcc "../Core/Src/LineSensorSystem.c" -mcpu=cortex-m4 -std=gnu11 -g3 -DDEBUG -DUSE_HAL_DRIVER -DSTM32G474xx -c -I../Core/Inc -I../Drivers/STM32G4xx_HAL_Driver/Inc -I../Drivers/STM32G4xx_HAL_Driver/Inc/Legacy -I../Drivers/CMSIS/Device/ST/STM32G4xx/Include -I../Drivers/CMSIS/Include -O0 -ffunction-sections -fdata-sections -Wall -fstack-usage -fcyclomatic-complexity -MMD -MP -MF"Core/Src/LineSensorSystem.d" -MT"Core/Src/LineSensorSystem.o" --specs=nano.specs -mfpu=fpv4-sp-d16 -mfloat-abi=hard -mthumb -o "Core/Src/LineSensorSystem.o"
arm-none-eabi-gcc -o "Autonomous_Cart.elf" @"objects.list"   -mcpu=cortex-m4 -T"C:\Users\njsne\OneDrive\Documentos\ES070\Autonomous-Cart\FIRMWARE\Autonomous_Cart\STM32G474RETX_FLASH.ld" --specs=nosys.specs -Wl,-Map="Autonomous_Cart.map" -Wl,--gc-sections -static --specs=nano.specs -mfpu=fpv4-sp-d16 -mfloat-abi=hard -mthumb -Wl,--start-group -lc -lm -Wl,--end-group
C:/ST/STM32CubeIDE_1.16.0/STM32CubeIDE/plugins/com.st.stm32cube.ide.mcu.externaltools.gnu-tools-for-stm32.12.3.rel1.win32_1.0.200.202406191623/tools/bin/../lib/gcc/arm-none-eabi/12.3.1/../../../../arm-none-eabi/bin/ld.exe: warning: Autonomous_Cart.elf has a LOAD segment with RWX permissions
Finished building target: Autonomous_Cart.elf
 
arm-none-eabi-size  Autonomous_Cart.elf 
arm-none-eabi-objdump -h -S Autonomous_Cart.elf  > "Autonomous_Cart.list"
   text	   data	    bss	    dec	    hex	filename
  28876	     20	   3116	  32012	   7d0c	Autonomous_Cart.elf
Finished building: default.size.stdout
 
Finished building: Autonomous_Cart.list
 
15:17:13 **** Incremental Build of configuration Debug for project Autonomous_Cart ****
make -j16 all 
arm-none-eabi-size  Autonomous_Cart.elf 
   text	   data	    bss	    dec	    hex	filename
  28876	     20	   3116	  32012	   7d0c	Autonomous_Cart.elf
Finished building: default.size.stdout
 
19:14:02 **** Incremental Build of configuration Debug for project Autonomous_Cart ****
make -j16 all 
arm-none-eabi-gcc "../Core/Src/main.c" -mcpu=cortex-m4 -std=gnu11 -g3 -DDEBUG -DUSE_HAL_DRIVER -DSTM32G474xx -c -I../Core/Inc -I../Drivers/STM32G4xx_HAL_Driver/Inc -I../Drivers/STM32G4xx_HAL_Driver/Inc/Legacy -I../Drivers/CMSIS/Device/ST/STM32G4xx/Include -I../Drivers/CMSIS/Include -O0 -ffunction-sections -fdata-sections -Wall -fstack-usage -fcyclomatic-complexity -MMD -MP -MF"Core/Src/main.d" -MT"Core/Src/main.o" --specs=nano.specs -mfpu=fpv4-sp-d16 -mfloat-abi=hard -mthumb -o "Core/Src/main.o"
../Core/Src/main.c: In function 'main':
../Core/Src/main.c:106:3: warning: implicit declaration of function 'vPowerTrainSystemInit' [-Wimplicit-function-declaration]
  106 |   vPowerTrainSystemInit();
      |   ^~~~~~~~~~~~~~~~~~~~~
../Core/Src/main.c:115:11: warning: implicit declaration of function 'vPowerTrainSystemSetMotorDirection' [-Wimplicit-function-declaration]
  115 |           vPowerTrainSystemSetMotorDirection(LEFT_MOTOR, CLOCKWISE);
      |           ^~~~~~~~~~~~~~~~~~~~~~~~~~~~~~~~~~
../Core/Src/main.c:115:46: error: 'LEFT_MOTOR' undeclared (first use in this function)
  115 |           vPowerTrainSystemSetMotorDirection(LEFT_MOTOR, CLOCKWISE);
      |                                              ^~~~~~~~~~
../Core/Src/main.c:115:46: note: each undeclared identifier is reported only once for each function it appears in
../Core/Src/main.c:115:58: error: 'CLOCKWISE' undeclared (first use in this function)
  115 |           vPowerTrainSystemSetMotorDirection(LEFT_MOTOR, CLOCKWISE);
      |                                                          ^~~~~~~~~
../Core/Src/main.c:116:46: error: 'RIGHT_MOTOR' undeclared (first use in this function)
  116 |           vPowerTrainSystemSetMotorDirection(RIGHT_MOTOR, COUNTER_CLOCKWISE);
      |                                              ^~~~~~~~~~~
../Core/Src/main.c:116:59: error: 'COUNTER_CLOCKWISE' undeclared (first use in this function)
  116 |           vPowerTrainSystemSetMotorDirection(RIGHT_MOTOR, COUNTER_CLOCKWISE);
      |                                                           ^~~~~~~~~~~~~~~~~
../Core/Src/main.c:118:11: warning: implicit declaration of function 'vPowerTrainSystemSetMotorSpeed' [-Wimplicit-function-declaration]
  118 |           vPowerTrainSystemSetMotorSpeed(LEFT_MOTOR,1000);
      |           ^~~~~~~~~~~~~~~~~~~~~~~~~~~~~~
make: *** [Core/Src/subdir.mk:64: Core/Src/main.o] Error 1
"make -j16 all" terminated with exit code 2. Build might be incomplete.
19:15:39 **** Incremental Build of configuration Debug for project Autonomous_Cart ****
make -j16 all 
arm-none-eabi-gcc "../Core/Src/main.c" -mcpu=cortex-m4 -std=gnu11 -g3 -DDEBUG -DUSE_HAL_DRIVER -DSTM32G474xx -c -I../Core/Inc -I../Drivers/STM32G4xx_HAL_Driver/Inc -I../Drivers/STM32G4xx_HAL_Driver/Inc/Legacy -I../Drivers/CMSIS/Device/ST/STM32G4xx/Include -I../Drivers/CMSIS/Include -O0 -ffunction-sections -fdata-sections -Wall -fstack-usage -fcyclomatic-complexity -MMD -MP -MF"Core/Src/main.d" -MT"Core/Src/main.o" --specs=nano.specs -mfpu=fpv4-sp-d16 -mfloat-abi=hard -mthumb -o "Core/Src/main.o"
In file included from ../Core/Src/main.c:29:
../Core/Inc/ComSystem.h:52:1: warning: parameter names (without types) in function declaration
   52 | void vComSystemInit(pTelemetryData,pStateEstimate,pMotorCommands);
      | ^~~~
../Core/Src/main.c:30:10: fatal error: encoderSytem.h: No such file or directory
   30 | #include "encoderSytem.h"
      |          ^~~~~~~~~~~~~~~~
compilation terminated.
make: *** [Core/Src/subdir.mk:64: Core/Src/main.o] Error 1
"make -j16 all" terminated with exit code 2. Build might be incomplete.
19:15:46 **** Incremental Build of configuration Debug for project Autonomous_Cart ****
make -j16 all 
arm-none-eabi-gcc "../Core/Src/main.c" -mcpu=cortex-m4 -std=gnu11 -g3 -DDEBUG -DUSE_HAL_DRIVER -DSTM32G474xx -c -I../Core/Inc -I../Drivers/STM32G4xx_HAL_Driver/Inc -I../Drivers/STM32G4xx_HAL_Driver/Inc/Legacy -I../Drivers/CMSIS/Device/ST/STM32G4xx/Include -I../Drivers/CMSIS/Include -O0 -ffunction-sections -fdata-sections -Wall -fstack-usage -fcyclomatic-complexity -MMD -MP -MF"Core/Src/main.d" -MT"Core/Src/main.o" --specs=nano.specs -mfpu=fpv4-sp-d16 -mfloat-abi=hard -mthumb -o "Core/Src/main.o"
In file included from ../Core/Src/main.c:29:
../Core/Inc/ComSystem.h:52:1: warning: parameter names (without types) in function declaration
   52 | void vComSystemInit(pTelemetryData,pStateEstimate,pMotorCommands);
      | ^~~~
arm-none-eabi-gcc -o "Autonomous_Cart.elf" @"objects.list"   -mcpu=cortex-m4 -T"C:\Users\njsne\OneDrive\Documentos\ES070\Autonomous-Cart\FIRMWARE\Autonomous_Cart\STM32G474RETX_FLASH.ld" --specs=nosys.specs -Wl,-Map="Autonomous_Cart.map" -Wl,--gc-sections -static --specs=nano.specs -mfpu=fpv4-sp-d16 -mfloat-abi=hard -mthumb -Wl,--start-group -lc -lm -Wl,--end-group
C:/ST/STM32CubeIDE_1.16.0/STM32CubeIDE/plugins/com.st.stm32cube.ide.mcu.externaltools.gnu-tools-for-stm32.12.3.rel1.win32_1.0.200.202406191623/tools/bin/../lib/gcc/arm-none-eabi/12.3.1/../../../../arm-none-eabi/bin/ld.exe: warning: Autonomous_Cart.elf has a LOAD segment with RWX permissions
Finished building target: Autonomous_Cart.elf
 
arm-none-eabi-size  Autonomous_Cart.elf 
arm-none-eabi-objdump -h -S Autonomous_Cart.elf  > "Autonomous_Cart.list"
   text	   data	    bss	    dec	    hex	filename
  28632	     20	   3324	  31976	   7ce8	Autonomous_Cart.elf
Finished building: default.size.stdout
 
Finished building: Autonomous_Cart.list
 
19:20:14 **** Incremental Build of configuration Debug for project Autonomous_Cart ****
make -j16 all 
arm-none-eabi-size  Autonomous_Cart.elf 
   text	   data	    bss	    dec	    hex	filename
  28632	     20	   3324	  31976	   7ce8	Autonomous_Cart.elf
Finished building: default.size.stdout
 
19:48:36 **** Incremental Build of configuration Debug for project Autonomous_Cart ****
make -j16 all 
arm-none-eabi-gcc "../Core/Src/LineSensorSystem.c" -mcpu=cortex-m4 -std=gnu11 -g3 -DDEBUG -DUSE_HAL_DRIVER -DSTM32G474xx -c -I../Core/Inc -I../Drivers/STM32G4xx_HAL_Driver/Inc -I../Drivers/STM32G4xx_HAL_Driver/Inc/Legacy -I../Drivers/CMSIS/Device/ST/STM32G4xx/Include -I../Drivers/CMSIS/Include -O0 -ffunction-sections -fdata-sections -Wall -fstack-usage -fcyclomatic-complexity -MMD -MP -MF"Core/Src/LineSensorSystem.d" -MT"Core/Src/LineSensorSystem.o" --specs=nano.specs -mfpu=fpv4-sp-d16 -mfloat-abi=hard -mthumb -o "Core/Src/LineSensorSystem.o"
arm-none-eabi-gcc "../Core/Src/main.c" -mcpu=cortex-m4 -std=gnu11 -g3 -DDEBUG -DUSE_HAL_DRIVER -DSTM32G474xx -c -I../Core/Inc -I../Drivers/STM32G4xx_HAL_Driver/Inc -I../Drivers/STM32G4xx_HAL_Driver/Inc/Legacy -I../Drivers/CMSIS/Device/ST/STM32G4xx/Include -I../Drivers/CMSIS/Include -O0 -ffunction-sections -fdata-sections -Wall -fstack-usage -fcyclomatic-complexity -MMD -MP -MF"Core/Src/main.d" -MT"Core/Src/main.o" --specs=nano.specs -mfpu=fpv4-sp-d16 -mfloat-abi=hard -mthumb -o "Core/Src/main.o"
In file included from ../Core/Src/main.c:29:
../Core/Inc/ComSystem.h:52:1: warning: parameter names (without types) in function declaration
   52 | void vComSystemInit(pTelemetryData,pStateEstimate,pMotorCommands);
      | ^~~~
../Core/Src/main.c: In function 'main':
../Core/Src/main.c:111:3: warning: implicit declaration of function 'vLineSensorsInit'; did you mean 'LineSensorSystemInit'? [-Wimplicit-function-declaration]
  111 |   vLineSensorsInit()
      |   ^~~~~~~~~~~~~~~~
      |   LineSensorSystemInit
../Core/Src/main.c:111:21: error: expected ';' before 'while'
  111 |   vLineSensorsInit()
      |                     ^
      |                     ;
......
  117 |   while (1)
      |   ~~~~~              
make: *** [Core/Src/subdir.mk:64: Core/Src/main.o] Error 1
make: *** Waiting for unfinished jobs....
"make -j16 all" terminated with exit code 2. Build might be incomplete.
19:48:53 **** Incremental Build of configuration Debug for project Autonomous_Cart ****
make -j16 all 
arm-none-eabi-gcc "../Core/Src/main.c" -mcpu=cortex-m4 -std=gnu11 -g3 -DDEBUG -DUSE_HAL_DRIVER -DSTM32G474xx -c -I../Core/Inc -I../Drivers/STM32G4xx_HAL_Driver/Inc -I../Drivers/STM32G4xx_HAL_Driver/Inc/Legacy -I../Drivers/CMSIS/Device/ST/STM32G4xx/Include -I../Drivers/CMSIS/Include -O0 -ffunction-sections -fdata-sections -Wall -fstack-usage -fcyclomatic-complexity -MMD -MP -MF"Core/Src/main.d" -MT"Core/Src/main.o" --specs=nano.specs -mfpu=fpv4-sp-d16 -mfloat-abi=hard -mthumb -o "Core/Src/main.o"
In file included from ../Core/Src/main.c:29:
../Core/Inc/ComSystem.h:52:1: warning: parameter names (without types) in function declaration
   52 | void vComSystemInit(pTelemetryData,pStateEstimate,pMotorCommands);
      | ^~~~
../Core/Src/main.c: In function 'main':
../Core/Src/main.c:111:3: warning: implicit declaration of function 'vLineSensorsInit'; did you mean 'LineSensorSystemInit'? [-Wimplicit-function-declaration]
  111 |   vLineSensorsInit(pLineSensorsReadings);
      |   ^~~~~~~~~~~~~~~~
      |   LineSensorSystemInit
arm-none-eabi-gcc -o "Autonomous_Cart.elf" @"objects.list"   -mcpu=cortex-m4 -T"C:\Users\njsne\OneDrive\Documentos\ES070\Autonomous-Cart\FIRMWARE\Autonomous_Cart\STM32G474RETX_FLASH.ld" --specs=nosys.specs -Wl,-Map="Autonomous_Cart.map" -Wl,--gc-sections -static --specs=nano.specs -mfpu=fpv4-sp-d16 -mfloat-abi=hard -mthumb -Wl,--start-group -lc -lm -Wl,--end-group
C:/ST/STM32CubeIDE_1.16.0/STM32CubeIDE/plugins/com.st.stm32cube.ide.mcu.externaltools.gnu-tools-for-stm32.12.3.rel1.win32_1.0.200.202406191623/tools/bin/../lib/gcc/arm-none-eabi/12.3.1/../../../../arm-none-eabi/bin/ld.exe: warning: Autonomous_Cart.elf has a LOAD segment with RWX permissions
C:/ST/STM32CubeIDE_1.16.0/STM32CubeIDE/plugins/com.st.stm32cube.ide.mcu.externaltools.gnu-tools-for-stm32.12.3.rel1.win32_1.0.200.202406191623/tools/bin/../lib/gcc/arm-none-eabi/12.3.1/../../../../arm-none-eabi/bin/ld.exe: ./Core/Src/main.o: in function `main':
C:/Users/njsne/OneDrive/Documentos/ES070/Autonomous-Cart/FIRMWARE/Autonomous_Cart/Debug/../Core/Src/main.c:111: undefined reference to `vLineSensorsInit'
collect2.exe: error: ld returned 1 exit status
make: *** [makefile:64: Autonomous_Cart.elf] Error 1
"make -j16 all" terminated with exit code 2. Build might be incomplete.
19:49:13 **** Incremental Build of configuration Debug for project Autonomous_Cart ****
make -j16 all 
arm-none-eabi-gcc "../Core/Src/LineSensorSystem.c" -mcpu=cortex-m4 -std=gnu11 -g3 -DDEBUG -DUSE_HAL_DRIVER -DSTM32G474xx -c -I../Core/Inc -I../Drivers/STM32G4xx_HAL_Driver/Inc -I../Drivers/STM32G4xx_HAL_Driver/Inc/Legacy -I../Drivers/CMSIS/Device/ST/STM32G4xx/Include -I../Drivers/CMSIS/Include -O0 -ffunction-sections -fdata-sections -Wall -fstack-usage -fcyclomatic-complexity -MMD -MP -MF"Core/Src/LineSensorSystem.d" -MT"Core/Src/LineSensorSystem.o" --specs=nano.specs -mfpu=fpv4-sp-d16 -mfloat-abi=hard -mthumb -o "Core/Src/LineSensorSystem.o"
arm-none-eabi-gcc "../Core/Src/main.c" -mcpu=cortex-m4 -std=gnu11 -g3 -DDEBUG -DUSE_HAL_DRIVER -DSTM32G474xx -c -I../Core/Inc -I../Drivers/STM32G4xx_HAL_Driver/Inc -I../Drivers/STM32G4xx_HAL_Driver/Inc/Legacy -I../Drivers/CMSIS/Device/ST/STM32G4xx/Include -I../Drivers/CMSIS/Include -O0 -ffunction-sections -fdata-sections -Wall -fstack-usage -fcyclomatic-complexity -MMD -MP -MF"Core/Src/main.d" -MT"Core/Src/main.o" --specs=nano.specs -mfpu=fpv4-sp-d16 -mfloat-abi=hard -mthumb -o "Core/Src/main.o"
In file included from ../Core/Src/main.c:29:
../Core/Inc/ComSystem.h:52:1: warning: parameter names (without types) in function declaration
   52 | void vComSystemInit(pTelemetryData,pStateEstimate,pMotorCommands);
      | ^~~~
../Core/Src/main.c: In function 'main':
../Core/Src/main.c:111:3: warning: implicit declaration of function 'vLineSensorsInit'; did you mean 'vLineSensorSystemInit'? [-Wimplicit-function-declaration]
  111 |   vLineSensorsInit(pLineSensorsReadings);
      |   ^~~~~~~~~~~~~~~~
      |   vLineSensorSystemInit
arm-none-eabi-gcc -o "Autonomous_Cart.elf" @"objects.list"   -mcpu=cortex-m4 -T"C:\Users\njsne\OneDrive\Documentos\ES070\Autonomous-Cart\FIRMWARE\Autonomous_Cart\STM32G474RETX_FLASH.ld" --specs=nosys.specs -Wl,-Map="Autonomous_Cart.map" -Wl,--gc-sections -static --specs=nano.specs -mfpu=fpv4-sp-d16 -mfloat-abi=hard -mthumb -Wl,--start-group -lc -lm -Wl,--end-group
C:/ST/STM32CubeIDE_1.16.0/STM32CubeIDE/plugins/com.st.stm32cube.ide.mcu.externaltools.gnu-tools-for-stm32.12.3.rel1.win32_1.0.200.202406191623/tools/bin/../lib/gcc/arm-none-eabi/12.3.1/../../../../arm-none-eabi/bin/ld.exe: warning: Autonomous_Cart.elf has a LOAD segment with RWX permissions
C:/ST/STM32CubeIDE_1.16.0/STM32CubeIDE/plugins/com.st.stm32cube.ide.mcu.externaltools.gnu-tools-for-stm32.12.3.rel1.win32_1.0.200.202406191623/tools/bin/../lib/gcc/arm-none-eabi/12.3.1/../../../../arm-none-eabi/bin/ld.exe: ./Core/Src/main.o: in function `main':
C:/Users/njsne/OneDrive/Documentos/ES070/Autonomous-Cart/FIRMWARE/Autonomous_Cart/Debug/../Core/Src/main.c:111: undefined reference to `vLineSensorsInit'
collect2.exe: error: ld returned 1 exit status
make: *** [makefile:64: Autonomous_Cart.elf] Error 1
"make -j16 all" terminated with exit code 2. Build might be incomplete.
19:49:49 **** Incremental Build of configuration Debug for project Autonomous_Cart ****
make -j16 all 
arm-none-eabi-gcc "../Core/Src/main.c" -mcpu=cortex-m4 -std=gnu11 -g3 -DDEBUG -DUSE_HAL_DRIVER -DSTM32G474xx -c -I../Core/Inc -I../Drivers/STM32G4xx_HAL_Driver/Inc -I../Drivers/STM32G4xx_HAL_Driver/Inc/Legacy -I../Drivers/CMSIS/Device/ST/STM32G4xx/Include -I../Drivers/CMSIS/Include -O0 -ffunction-sections -fdata-sections -Wall -fstack-usage -fcyclomatic-complexity -MMD -MP -MF"Core/Src/main.d" -MT"Core/Src/main.o" --specs=nano.specs -mfpu=fpv4-sp-d16 -mfloat-abi=hard -mthumb -o "Core/Src/main.o"
In file included from ../Core/Src/main.c:29:
../Core/Inc/ComSystem.h:52:1: warning: parameter names (without types) in function declaration
   52 | void vComSystemInit(pTelemetryData,pStateEstimate,pMotorCommands);
      | ^~~~
arm-none-eabi-gcc -o "Autonomous_Cart.elf" @"objects.list"   -mcpu=cortex-m4 -T"C:\Users\njsne\OneDrive\Documentos\ES070\Autonomous-Cart\FIRMWARE\Autonomous_Cart\STM32G474RETX_FLASH.ld" --specs=nosys.specs -Wl,-Map="Autonomous_Cart.map" -Wl,--gc-sections -static --specs=nano.specs -mfpu=fpv4-sp-d16 -mfloat-abi=hard -mthumb -Wl,--start-group -lc -lm -Wl,--end-group
C:/ST/STM32CubeIDE_1.16.0/STM32CubeIDE/plugins/com.st.stm32cube.ide.mcu.externaltools.gnu-tools-for-stm32.12.3.rel1.win32_1.0.200.202406191623/tools/bin/../lib/gcc/arm-none-eabi/12.3.1/../../../../arm-none-eabi/bin/ld.exe: warning: Autonomous_Cart.elf has a LOAD segment with RWX permissions
Finished building target: Autonomous_Cart.elf
 
arm-none-eabi-size  Autonomous_Cart.elf 
arm-none-eabi-objdump -h -S Autonomous_Cart.elf  > "Autonomous_Cart.list"
   text	   data	    bss	    dec	    hex	filename
  30932	     20	   3348	  34300	   85fc	Autonomous_Cart.elf
Finished building: default.size.stdout
 
Finished building: Autonomous_Cart.list
 
19:10:41 **** Build of configuration Debug for project Autonomous_Cart ****
make -j16 all 
arm-none-eabi-gcc "../Drivers/STM32G4xx_HAL_Driver/Src/stm32g4xx_hal.c" -mcpu=cortex-m4 -std=gnu11 -g3 -DDEBUG -DUSE_HAL_DRIVER -DSTM32G474xx -c -I../Core/Inc -I../Drivers/STM32G4xx_HAL_Driver/Inc -I../Drivers/STM32G4xx_HAL_Driver/Inc/Legacy -I../Drivers/CMSIS/Device/ST/STM32G4xx/Include -I../Drivers/CMSIS/Include -O0 -ffunction-sections -fdata-sections -Wall -fstack-usage -fcyclomatic-complexity -MMD -MP -MF"Drivers/STM32G4xx_HAL_Driver/Src/stm32g4xx_hal.d" -MT"Drivers/STM32G4xx_HAL_Driver/Src/stm32g4xx_hal.o" --specs=nano.specs -mfpu=fpv4-sp-d16 -mfloat-abi=hard -mthumb -o "Drivers/STM32G4xx_HAL_Driver/Src/stm32g4xx_hal.o"
arm-none-eabi-gcc "../Drivers/STM32G4xx_HAL_Driver/Src/stm32g4xx_hal_adc.c" -mcpu=cortex-m4 -std=gnu11 -g3 -DDEBUG -DUSE_HAL_DRIVER -DSTM32G474xx -c -I../Core/Inc -I../Drivers/STM32G4xx_HAL_Driver/Inc -I../Drivers/STM32G4xx_HAL_Driver/Inc/Legacy -I../Drivers/CMSIS/Device/ST/STM32G4xx/Include -I../Drivers/CMSIS/Include -O0 -ffunction-sections -fdata-sections -Wall -fstack-usage -fcyclomatic-complexity -MMD -MP -MF"Drivers/STM32G4xx_HAL_Driver/Src/stm32g4xx_hal_adc.d" -MT"Drivers/STM32G4xx_HAL_Driver/Src/stm32g4xx_hal_adc.o" --specs=nano.specs -mfpu=fpv4-sp-d16 -mfloat-abi=hard -mthumb -o "Drivers/STM32G4xx_HAL_Driver/Src/stm32g4xx_hal_adc.o"
arm-none-eabi-gcc "../Drivers/STM32G4xx_HAL_Driver/Src/stm32g4xx_hal_adc_ex.c" -mcpu=cortex-m4 -std=gnu11 -g3 -DDEBUG -DUSE_HAL_DRIVER -DSTM32G474xx -c -I../Core/Inc -I../Drivers/STM32G4xx_HAL_Driver/Inc -I../Drivers/STM32G4xx_HAL_Driver/Inc/Legacy -I../Drivers/CMSIS/Device/ST/STM32G4xx/Include -I../Drivers/CMSIS/Include -O0 -ffunction-sections -fdata-sections -Wall -fstack-usage -fcyclomatic-complexity -MMD -MP -MF"Drivers/STM32G4xx_HAL_Driver/Src/stm32g4xx_hal_adc_ex.d" -MT"Drivers/STM32G4xx_HAL_Driver/Src/stm32g4xx_hal_adc_ex.o" --specs=nano.specs -mfpu=fpv4-sp-d16 -mfloat-abi=hard -mthumb -o "Drivers/STM32G4xx_HAL_Driver/Src/stm32g4xx_hal_adc_ex.o"
arm-none-eabi-gcc "../Drivers/STM32G4xx_HAL_Driver/Src/stm32g4xx_hal_cortex.c" -mcpu=cortex-m4 -std=gnu11 -g3 -DDEBUG -DUSE_HAL_DRIVER -DSTM32G474xx -c -I../Core/Inc -I../Drivers/STM32G4xx_HAL_Driver/Inc -I../Drivers/STM32G4xx_HAL_Driver/Inc/Legacy -I../Drivers/CMSIS/Device/ST/STM32G4xx/Include -I../Drivers/CMSIS/Include -O0 -ffunction-sections -fdata-sections -Wall -fstack-usage -fcyclomatic-complexity -MMD -MP -MF"Drivers/STM32G4xx_HAL_Driver/Src/stm32g4xx_hal_cortex.d" -MT"Drivers/STM32G4xx_HAL_Driver/Src/stm32g4xx_hal_cortex.o" --specs=nano.specs -mfpu=fpv4-sp-d16 -mfloat-abi=hard -mthumb -o "Drivers/STM32G4xx_HAL_Driver/Src/stm32g4xx_hal_cortex.o"
arm-none-eabi-gcc "../Drivers/STM32G4xx_HAL_Driver/Src/stm32g4xx_hal_dma.c" -mcpu=cortex-m4 -std=gnu11 -g3 -DDEBUG -DUSE_HAL_DRIVER -DSTM32G474xx -c -I../Core/Inc -I../Drivers/STM32G4xx_HAL_Driver/Inc -I../Drivers/STM32G4xx_HAL_Driver/Inc/Legacy -I../Drivers/CMSIS/Device/ST/STM32G4xx/Include -I../Drivers/CMSIS/Include -O0 -ffunction-sections -fdata-sections -Wall -fstack-usage -fcyclomatic-complexity -MMD -MP -MF"Drivers/STM32G4xx_HAL_Driver/Src/stm32g4xx_hal_dma.d" -MT"Drivers/STM32G4xx_HAL_Driver/Src/stm32g4xx_hal_dma.o" --specs=nano.specs -mfpu=fpv4-sp-d16 -mfloat-abi=hard -mthumb -o "Drivers/STM32G4xx_HAL_Driver/Src/stm32g4xx_hal_dma.o"
arm-none-eabi-gcc "../Drivers/STM32G4xx_HAL_Driver/Src/stm32g4xx_hal_dma_ex.c" -mcpu=cortex-m4 -std=gnu11 -g3 -DDEBUG -DUSE_HAL_DRIVER -DSTM32G474xx -c -I../Core/Inc -I../Drivers/STM32G4xx_HAL_Driver/Inc -I../Drivers/STM32G4xx_HAL_Driver/Inc/Legacy -I../Drivers/CMSIS/Device/ST/STM32G4xx/Include -I../Drivers/CMSIS/Include -O0 -ffunction-sections -fdata-sections -Wall -fstack-usage -fcyclomatic-complexity -MMD -MP -MF"Drivers/STM32G4xx_HAL_Driver/Src/stm32g4xx_hal_dma_ex.d" -MT"Drivers/STM32G4xx_HAL_Driver/Src/stm32g4xx_hal_dma_ex.o" --specs=nano.specs -mfpu=fpv4-sp-d16 -mfloat-abi=hard -mthumb -o "Drivers/STM32G4xx_HAL_Driver/Src/stm32g4xx_hal_dma_ex.o"
arm-none-eabi-gcc "../Drivers/STM32G4xx_HAL_Driver/Src/stm32g4xx_hal_exti.c" -mcpu=cortex-m4 -std=gnu11 -g3 -DDEBUG -DUSE_HAL_DRIVER -DSTM32G474xx -c -I../Core/Inc -I../Drivers/STM32G4xx_HAL_Driver/Inc -I../Drivers/STM32G4xx_HAL_Driver/Inc/Legacy -I../Drivers/CMSIS/Device/ST/STM32G4xx/Include -I../Drivers/CMSIS/Include -O0 -ffunction-sections -fdata-sections -Wall -fstack-usage -fcyclomatic-complexity -MMD -MP -MF"Drivers/STM32G4xx_HAL_Driver/Src/stm32g4xx_hal_exti.d" -MT"Drivers/STM32G4xx_HAL_Driver/Src/stm32g4xx_hal_exti.o" --specs=nano.specs -mfpu=fpv4-sp-d16 -mfloat-abi=hard -mthumb -o "Drivers/STM32G4xx_HAL_Driver/Src/stm32g4xx_hal_exti.o"
arm-none-eabi-gcc "../Drivers/STM32G4xx_HAL_Driver/Src/stm32g4xx_hal_flash.c" -mcpu=cortex-m4 -std=gnu11 -g3 -DDEBUG -DUSE_HAL_DRIVER -DSTM32G474xx -c -I../Core/Inc -I../Drivers/STM32G4xx_HAL_Driver/Inc -I../Drivers/STM32G4xx_HAL_Driver/Inc/Legacy -I../Drivers/CMSIS/Device/ST/STM32G4xx/Include -I../Drivers/CMSIS/Include -O0 -ffunction-sections -fdata-sections -Wall -fstack-usage -fcyclomatic-complexity -MMD -MP -MF"Drivers/STM32G4xx_HAL_Driver/Src/stm32g4xx_hal_flash.d" -MT"Drivers/STM32G4xx_HAL_Driver/Src/stm32g4xx_hal_flash.o" --specs=nano.specs -mfpu=fpv4-sp-d16 -mfloat-abi=hard -mthumb -o "Drivers/STM32G4xx_HAL_Driver/Src/stm32g4xx_hal_flash.o"
arm-none-eabi-gcc "../Drivers/STM32G4xx_HAL_Driver/Src/stm32g4xx_hal_flash_ex.c" -mcpu=cortex-m4 -std=gnu11 -g3 -DDEBUG -DUSE_HAL_DRIVER -DSTM32G474xx -c -I../Core/Inc -I../Drivers/STM32G4xx_HAL_Driver/Inc -I../Drivers/STM32G4xx_HAL_Driver/Inc/Legacy -I../Drivers/CMSIS/Device/ST/STM32G4xx/Include -I../Drivers/CMSIS/Include -O0 -ffunction-sections -fdata-sections -Wall -fstack-usage -fcyclomatic-complexity -MMD -MP -MF"Drivers/STM32G4xx_HAL_Driver/Src/stm32g4xx_hal_flash_ex.d" -MT"Drivers/STM32G4xx_HAL_Driver/Src/stm32g4xx_hal_flash_ex.o" --specs=nano.specs -mfpu=fpv4-sp-d16 -mfloat-abi=hard -mthumb -o "Drivers/STM32G4xx_HAL_Driver/Src/stm32g4xx_hal_flash_ex.o"
arm-none-eabi-gcc "../Drivers/STM32G4xx_HAL_Driver/Src/stm32g4xx_hal_flash_ramfunc.c" -mcpu=cortex-m4 -std=gnu11 -g3 -DDEBUG -DUSE_HAL_DRIVER -DSTM32G474xx -c -I../Core/Inc -I../Drivers/STM32G4xx_HAL_Driver/Inc -I../Drivers/STM32G4xx_HAL_Driver/Inc/Legacy -I../Drivers/CMSIS/Device/ST/STM32G4xx/Include -I../Drivers/CMSIS/Include -O0 -ffunction-sections -fdata-sections -Wall -fstack-usage -fcyclomatic-complexity -MMD -MP -MF"Drivers/STM32G4xx_HAL_Driver/Src/stm32g4xx_hal_flash_ramfunc.d" -MT"Drivers/STM32G4xx_HAL_Driver/Src/stm32g4xx_hal_flash_ramfunc.o" --specs=nano.specs -mfpu=fpv4-sp-d16 -mfloat-abi=hard -mthumb -o "Drivers/STM32G4xx_HAL_Driver/Src/stm32g4xx_hal_flash_ramfunc.o"
arm-none-eabi-gcc "../Drivers/STM32G4xx_HAL_Driver/Src/stm32g4xx_hal_gpio.c" -mcpu=cortex-m4 -std=gnu11 -g3 -DDEBUG -DUSE_HAL_DRIVER -DSTM32G474xx -c -I../Core/Inc -I../Drivers/STM32G4xx_HAL_Driver/Inc -I../Drivers/STM32G4xx_HAL_Driver/Inc/Legacy -I../Drivers/CMSIS/Device/ST/STM32G4xx/Include -I../Drivers/CMSIS/Include -O0 -ffunction-sections -fdata-sections -Wall -fstack-usage -fcyclomatic-complexity -MMD -MP -MF"Drivers/STM32G4xx_HAL_Driver/Src/stm32g4xx_hal_gpio.d" -MT"Drivers/STM32G4xx_HAL_Driver/Src/stm32g4xx_hal_gpio.o" --specs=nano.specs -mfpu=fpv4-sp-d16 -mfloat-abi=hard -mthumb -o "Drivers/STM32G4xx_HAL_Driver/Src/stm32g4xx_hal_gpio.o"
arm-none-eabi-gcc "../Drivers/STM32G4xx_HAL_Driver/Src/stm32g4xx_hal_i2c.c" -mcpu=cortex-m4 -std=gnu11 -g3 -DDEBUG -DUSE_HAL_DRIVER -DSTM32G474xx -c -I../Core/Inc -I../Drivers/STM32G4xx_HAL_Driver/Inc -I../Drivers/STM32G4xx_HAL_Driver/Inc/Legacy -I../Drivers/CMSIS/Device/ST/STM32G4xx/Include -I../Drivers/CMSIS/Include -O0 -ffunction-sections -fdata-sections -Wall -fstack-usage -fcyclomatic-complexity -MMD -MP -MF"Drivers/STM32G4xx_HAL_Driver/Src/stm32g4xx_hal_i2c.d" -MT"Drivers/STM32G4xx_HAL_Driver/Src/stm32g4xx_hal_i2c.o" --specs=nano.specs -mfpu=fpv4-sp-d16 -mfloat-abi=hard -mthumb -o "Drivers/STM32G4xx_HAL_Driver/Src/stm32g4xx_hal_i2c.o"
arm-none-eabi-gcc "../Drivers/STM32G4xx_HAL_Driver/Src/stm32g4xx_hal_i2c_ex.c" -mcpu=cortex-m4 -std=gnu11 -g3 -DDEBUG -DUSE_HAL_DRIVER -DSTM32G474xx -c -I../Core/Inc -I../Drivers/STM32G4xx_HAL_Driver/Inc -I../Drivers/STM32G4xx_HAL_Driver/Inc/Legacy -I../Drivers/CMSIS/Device/ST/STM32G4xx/Include -I../Drivers/CMSIS/Include -O0 -ffunction-sections -fdata-sections -Wall -fstack-usage -fcyclomatic-complexity -MMD -MP -MF"Drivers/STM32G4xx_HAL_Driver/Src/stm32g4xx_hal_i2c_ex.d" -MT"Drivers/STM32G4xx_HAL_Driver/Src/stm32g4xx_hal_i2c_ex.o" --specs=nano.specs -mfpu=fpv4-sp-d16 -mfloat-abi=hard -mthumb -o "Drivers/STM32G4xx_HAL_Driver/Src/stm32g4xx_hal_i2c_ex.o"
arm-none-eabi-gcc "../Drivers/STM32G4xx_HAL_Driver/Src/stm32g4xx_hal_pwr.c" -mcpu=cortex-m4 -std=gnu11 -g3 -DDEBUG -DUSE_HAL_DRIVER -DSTM32G474xx -c -I../Core/Inc -I../Drivers/STM32G4xx_HAL_Driver/Inc -I../Drivers/STM32G4xx_HAL_Driver/Inc/Legacy -I../Drivers/CMSIS/Device/ST/STM32G4xx/Include -I../Drivers/CMSIS/Include -O0 -ffunction-sections -fdata-sections -Wall -fstack-usage -fcyclomatic-complexity -MMD -MP -MF"Drivers/STM32G4xx_HAL_Driver/Src/stm32g4xx_hal_pwr.d" -MT"Drivers/STM32G4xx_HAL_Driver/Src/stm32g4xx_hal_pwr.o" --specs=nano.specs -mfpu=fpv4-sp-d16 -mfloat-abi=hard -mthumb -o "Drivers/STM32G4xx_HAL_Driver/Src/stm32g4xx_hal_pwr.o"
arm-none-eabi-gcc "../Drivers/STM32G4xx_HAL_Driver/Src/stm32g4xx_hal_pwr_ex.c" -mcpu=cortex-m4 -std=gnu11 -g3 -DDEBUG -DUSE_HAL_DRIVER -DSTM32G474xx -c -I../Core/Inc -I../Drivers/STM32G4xx_HAL_Driver/Inc -I../Drivers/STM32G4xx_HAL_Driver/Inc/Legacy -I../Drivers/CMSIS/Device/ST/STM32G4xx/Include -I../Drivers/CMSIS/Include -O0 -ffunction-sections -fdata-sections -Wall -fstack-usage -fcyclomatic-complexity -MMD -MP -MF"Drivers/STM32G4xx_HAL_Driver/Src/stm32g4xx_hal_pwr_ex.d" -MT"Drivers/STM32G4xx_HAL_Driver/Src/stm32g4xx_hal_pwr_ex.o" --specs=nano.specs -mfpu=fpv4-sp-d16 -mfloat-abi=hard -mthumb -o "Drivers/STM32G4xx_HAL_Driver/Src/stm32g4xx_hal_pwr_ex.o"
arm-none-eabi-gcc "../Drivers/STM32G4xx_HAL_Driver/Src/stm32g4xx_hal_rcc.c" -mcpu=cortex-m4 -std=gnu11 -g3 -DDEBUG -DUSE_HAL_DRIVER -DSTM32G474xx -c -I../Core/Inc -I../Drivers/STM32G4xx_HAL_Driver/Inc -I../Drivers/STM32G4xx_HAL_Driver/Inc/Legacy -I../Drivers/CMSIS/Device/ST/STM32G4xx/Include -I../Drivers/CMSIS/Include -O0 -ffunction-sections -fdata-sections -Wall -fstack-usage -fcyclomatic-complexity -MMD -MP -MF"Drivers/STM32G4xx_HAL_Driver/Src/stm32g4xx_hal_rcc.d" -MT"Drivers/STM32G4xx_HAL_Driver/Src/stm32g4xx_hal_rcc.o" --specs=nano.specs -mfpu=fpv4-sp-d16 -mfloat-abi=hard -mthumb -o "Drivers/STM32G4xx_HAL_Driver/Src/stm32g4xx_hal_rcc.o"
arm-none-eabi-gcc "../Drivers/STM32G4xx_HAL_Driver/Src/stm32g4xx_hal_rcc_ex.c" -mcpu=cortex-m4 -std=gnu11 -g3 -DDEBUG -DUSE_HAL_DRIVER -DSTM32G474xx -c -I../Core/Inc -I../Drivers/STM32G4xx_HAL_Driver/Inc -I../Drivers/STM32G4xx_HAL_Driver/Inc/Legacy -I../Drivers/CMSIS/Device/ST/STM32G4xx/Include -I../Drivers/CMSIS/Include -O0 -ffunction-sections -fdata-sections -Wall -fstack-usage -fcyclomatic-complexity -MMD -MP -MF"Drivers/STM32G4xx_HAL_Driver/Src/stm32g4xx_hal_rcc_ex.d" -MT"Drivers/STM32G4xx_HAL_Driver/Src/stm32g4xx_hal_rcc_ex.o" --specs=nano.specs -mfpu=fpv4-sp-d16 -mfloat-abi=hard -mthumb -o "Drivers/STM32G4xx_HAL_Driver/Src/stm32g4xx_hal_rcc_ex.o"
arm-none-eabi-gcc "../Drivers/STM32G4xx_HAL_Driver/Src/stm32g4xx_hal_tim.c" -mcpu=cortex-m4 -std=gnu11 -g3 -DDEBUG -DUSE_HAL_DRIVER -DSTM32G474xx -c -I../Core/Inc -I../Drivers/STM32G4xx_HAL_Driver/Inc -I../Drivers/STM32G4xx_HAL_Driver/Inc/Legacy -I../Drivers/CMSIS/Device/ST/STM32G4xx/Include -I../Drivers/CMSIS/Include -O0 -ffunction-sections -fdata-sections -Wall -fstack-usage -fcyclomatic-complexity -MMD -MP -MF"Drivers/STM32G4xx_HAL_Driver/Src/stm32g4xx_hal_tim.d" -MT"Drivers/STM32G4xx_HAL_Driver/Src/stm32g4xx_hal_tim.o" --specs=nano.specs -mfpu=fpv4-sp-d16 -mfloat-abi=hard -mthumb -o "Drivers/STM32G4xx_HAL_Driver/Src/stm32g4xx_hal_tim.o"
arm-none-eabi-gcc "../Drivers/STM32G4xx_HAL_Driver/Src/stm32g4xx_hal_tim_ex.c" -mcpu=cortex-m4 -std=gnu11 -g3 -DDEBUG -DUSE_HAL_DRIVER -DSTM32G474xx -c -I../Core/Inc -I../Drivers/STM32G4xx_HAL_Driver/Inc -I../Drivers/STM32G4xx_HAL_Driver/Inc/Legacy -I../Drivers/CMSIS/Device/ST/STM32G4xx/Include -I../Drivers/CMSIS/Include -O0 -ffunction-sections -fdata-sections -Wall -fstack-usage -fcyclomatic-complexity -MMD -MP -MF"Drivers/STM32G4xx_HAL_Driver/Src/stm32g4xx_hal_tim_ex.d" -MT"Drivers/STM32G4xx_HAL_Driver/Src/stm32g4xx_hal_tim_ex.o" --specs=nano.specs -mfpu=fpv4-sp-d16 -mfloat-abi=hard -mthumb -o "Drivers/STM32G4xx_HAL_Driver/Src/stm32g4xx_hal_tim_ex.o"
arm-none-eabi-gcc "../Drivers/STM32G4xx_HAL_Driver/Src/stm32g4xx_hal_uart.c" -mcpu=cortex-m4 -std=gnu11 -g3 -DDEBUG -DUSE_HAL_DRIVER -DSTM32G474xx -c -I../Core/Inc -I../Drivers/STM32G4xx_HAL_Driver/Inc -I../Drivers/STM32G4xx_HAL_Driver/Inc/Legacy -I../Drivers/CMSIS/Device/ST/STM32G4xx/Include -I../Drivers/CMSIS/Include -O0 -ffunction-sections -fdata-sections -Wall -fstack-usage -fcyclomatic-complexity -MMD -MP -MF"Drivers/STM32G4xx_HAL_Driver/Src/stm32g4xx_hal_uart.d" -MT"Drivers/STM32G4xx_HAL_Driver/Src/stm32g4xx_hal_uart.o" --specs=nano.specs -mfpu=fpv4-sp-d16 -mfloat-abi=hard -mthumb -o "Drivers/STM32G4xx_HAL_Driver/Src/stm32g4xx_hal_uart.o"
arm-none-eabi-gcc "../Drivers/STM32G4xx_HAL_Driver/Src/stm32g4xx_hal_uart_ex.c" -mcpu=cortex-m4 -std=gnu11 -g3 -DDEBUG -DUSE_HAL_DRIVER -DSTM32G474xx -c -I../Core/Inc -I../Drivers/STM32G4xx_HAL_Driver/Inc -I../Drivers/STM32G4xx_HAL_Driver/Inc/Legacy -I../Drivers/CMSIS/Device/ST/STM32G4xx/Include -I../Drivers/CMSIS/Include -O0 -ffunction-sections -fdata-sections -Wall -fstack-usage -fcyclomatic-complexity -MMD -MP -MF"Drivers/STM32G4xx_HAL_Driver/Src/stm32g4xx_hal_uart_ex.d" -MT"Drivers/STM32G4xx_HAL_Driver/Src/stm32g4xx_hal_uart_ex.o" --specs=nano.specs -mfpu=fpv4-sp-d16 -mfloat-abi=hard -mthumb -o "Drivers/STM32G4xx_HAL_Driver/Src/stm32g4xx_hal_uart_ex.o"
arm-none-eabi-gcc "../Drivers/STM32G4xx_HAL_Driver/Src/stm32g4xx_ll_adc.c" -mcpu=cortex-m4 -std=gnu11 -g3 -DDEBUG -DUSE_HAL_DRIVER -DSTM32G474xx -c -I../Core/Inc -I../Drivers/STM32G4xx_HAL_Driver/Inc -I../Drivers/STM32G4xx_HAL_Driver/Inc/Legacy -I../Drivers/CMSIS/Device/ST/STM32G4xx/Include -I../Drivers/CMSIS/Include -O0 -ffunction-sections -fdata-sections -Wall -fstack-usage -fcyclomatic-complexity -MMD -MP -MF"Drivers/STM32G4xx_HAL_Driver/Src/stm32g4xx_ll_adc.d" -MT"Drivers/STM32G4xx_HAL_Driver/Src/stm32g4xx_ll_adc.o" --specs=nano.specs -mfpu=fpv4-sp-d16 -mfloat-abi=hard -mthumb -o "Drivers/STM32G4xx_HAL_Driver/Src/stm32g4xx_ll_adc.o"
arm-none-eabi-gcc -mcpu=cortex-m4 -g3 -DDEBUG -c -x assembler-with-cpp -MMD -MP -MF"Core/Startup/startup_stm32g474retx.d" -MT"Core/Startup/startup_stm32g474retx.o" --specs=nano.specs -mfpu=fpv4-sp-d16 -mfloat-abi=hard -mthumb -o "Core/Startup/startup_stm32g474retx.o" "../Core/Startup/startup_stm32g474retx.s"
arm-none-eabi-gcc "../Core/Src/ComSystem.c" -mcpu=cortex-m4 -std=gnu11 -g3 -DDEBUG -DUSE_HAL_DRIVER -DSTM32G474xx -c -I../Core/Inc -I../Drivers/STM32G4xx_HAL_Driver/Inc -I../Drivers/STM32G4xx_HAL_Driver/Inc/Legacy -I../Drivers/CMSIS/Device/ST/STM32G4xx/Include -I../Drivers/CMSIS/Include -O0 -ffunction-sections -fdata-sections -Wall -fstack-usage -fcyclomatic-complexity -MMD -MP -MF"Core/Src/ComSystem.d" -MT"Core/Src/ComSystem.o" --specs=nano.specs -mfpu=fpv4-sp-d16 -mfloat-abi=hard -mthumb -o "Core/Src/ComSystem.o"
arm-none-eabi-gcc "../Core/Src/LineSensorSystem.c" -mcpu=cortex-m4 -std=gnu11 -g3 -DDEBUG -DUSE_HAL_DRIVER -DSTM32G474xx -c -I../Core/Inc -I../Drivers/STM32G4xx_HAL_Driver/Inc -I../Drivers/STM32G4xx_HAL_Driver/Inc/Legacy -I../Drivers/CMSIS/Device/ST/STM32G4xx/Include -I../Drivers/CMSIS/Include -O0 -ffunction-sections -fdata-sections -Wall -fstack-usage -fcyclomatic-complexity -MMD -MP -MF"Core/Src/LineSensorSystem.d" -MT"Core/Src/LineSensorSystem.o" --specs=nano.specs -mfpu=fpv4-sp-d16 -mfloat-abi=hard -mthumb -o "Core/Src/LineSensorSystem.o"
arm-none-eabi-gcc "../Core/Src/PowerTrainSystem.c" -mcpu=cortex-m4 -std=gnu11 -g3 -DDEBUG -DUSE_HAL_DRIVER -DSTM32G474xx -c -I../Core/Inc -I../Drivers/STM32G4xx_HAL_Driver/Inc -I../Drivers/STM32G4xx_HAL_Driver/Inc/Legacy -I../Drivers/CMSIS/Device/ST/STM32G4xx/Include -I../Drivers/CMSIS/Include -O0 -ffunction-sections -fdata-sections -Wall -fstack-usage -fcyclomatic-complexity -MMD -MP -MF"Core/Src/PowerTrainSystem.d" -MT"Core/Src/PowerTrainSystem.o" --specs=nano.specs -mfpu=fpv4-sp-d16 -mfloat-abi=hard -mthumb -o "Core/Src/PowerTrainSystem.o"
arm-none-eabi-gcc "../Core/Src/adc.c" -mcpu=cortex-m4 -std=gnu11 -g3 -DDEBUG -DUSE_HAL_DRIVER -DSTM32G474xx -c -I../Core/Inc -I../Drivers/STM32G4xx_HAL_Driver/Inc -I../Drivers/STM32G4xx_HAL_Driver/Inc/Legacy -I../Drivers/CMSIS/Device/ST/STM32G4xx/Include -I../Drivers/CMSIS/Include -O0 -ffunction-sections -fdata-sections -Wall -fstack-usage -fcyclomatic-complexity -MMD -MP -MF"Core/Src/adc.d" -MT"Core/Src/adc.o" --specs=nano.specs -mfpu=fpv4-sp-d16 -mfloat-abi=hard -mthumb -o "Core/Src/adc.o"
arm-none-eabi-gcc "../Core/Src/dma.c" -mcpu=cortex-m4 -std=gnu11 -g3 -DDEBUG -DUSE_HAL_DRIVER -DSTM32G474xx -c -I../Core/Inc -I../Drivers/STM32G4xx_HAL_Driver/Inc -I../Drivers/STM32G4xx_HAL_Driver/Inc/Legacy -I../Drivers/CMSIS/Device/ST/STM32G4xx/Include -I../Drivers/CMSIS/Include -O0 -ffunction-sections -fdata-sections -Wall -fstack-usage -fcyclomatic-complexity -MMD -MP -MF"Core/Src/dma.d" -MT"Core/Src/dma.o" --specs=nano.specs -mfpu=fpv4-sp-d16 -mfloat-abi=hard -mthumb -o "Core/Src/dma.o"
arm-none-eabi-gcc "../Core/Src/encoderSystem.c" -mcpu=cortex-m4 -std=gnu11 -g3 -DDEBUG -DUSE_HAL_DRIVER -DSTM32G474xx -c -I../Core/Inc -I../Drivers/STM32G4xx_HAL_Driver/Inc -I../Drivers/STM32G4xx_HAL_Driver/Inc/Legacy -I../Drivers/CMSIS/Device/ST/STM32G4xx/Include -I../Drivers/CMSIS/Include -O0 -ffunction-sections -fdata-sections -Wall -fstack-usage -fcyclomatic-complexity -MMD -MP -MF"Core/Src/encoderSystem.d" -MT"Core/Src/encoderSystem.o" --specs=nano.specs -mfpu=fpv4-sp-d16 -mfloat-abi=hard -mthumb -o "Core/Src/encoderSystem.o"
arm-none-eabi-gcc "../Core/Src/gpio.c" -mcpu=cortex-m4 -std=gnu11 -g3 -DDEBUG -DUSE_HAL_DRIVER -DSTM32G474xx -c -I../Core/Inc -I../Drivers/STM32G4xx_HAL_Driver/Inc -I../Drivers/STM32G4xx_HAL_Driver/Inc/Legacy -I../Drivers/CMSIS/Device/ST/STM32G4xx/Include -I../Drivers/CMSIS/Include -O0 -ffunction-sections -fdata-sections -Wall -fstack-usage -fcyclomatic-complexity -MMD -MP -MF"Core/Src/gpio.d" -MT"Core/Src/gpio.o" --specs=nano.specs -mfpu=fpv4-sp-d16 -mfloat-abi=hard -mthumb -o "Core/Src/gpio.o"
arm-none-eabi-gcc "../Core/Src/i2c.c" -mcpu=cortex-m4 -std=gnu11 -g3 -DDEBUG -DUSE_HAL_DRIVER -DSTM32G474xx -c -I../Core/Inc -I../Drivers/STM32G4xx_HAL_Driver/Inc -I../Drivers/STM32G4xx_HAL_Driver/Inc/Legacy -I../Drivers/CMSIS/Device/ST/STM32G4xx/Include -I../Drivers/CMSIS/Include -O0 -ffunction-sections -fdata-sections -Wall -fstack-usage -fcyclomatic-complexity -MMD -MP -MF"Core/Src/i2c.d" -MT"Core/Src/i2c.o" --specs=nano.specs -mfpu=fpv4-sp-d16 -mfloat-abi=hard -mthumb -o "Core/Src/i2c.o"
arm-none-eabi-gcc "../Core/Src/main.c" -mcpu=cortex-m4 -std=gnu11 -g3 -DDEBUG -DUSE_HAL_DRIVER -DSTM32G474xx -c -I../Core/Inc -I../Drivers/STM32G4xx_HAL_Driver/Inc -I../Drivers/STM32G4xx_HAL_Driver/Inc/Legacy -I../Drivers/CMSIS/Device/ST/STM32G4xx/Include -I../Drivers/CMSIS/Include -O0 -ffunction-sections -fdata-sections -Wall -fstack-usage -fcyclomatic-complexity -MMD -MP -MF"Core/Src/main.d" -MT"Core/Src/main.o" --specs=nano.specs -mfpu=fpv4-sp-d16 -mfloat-abi=hard -mthumb -o "Core/Src/main.o"
arm-none-eabi-gcc "../Core/Src/stm32g4xx_hal_msp.c" -mcpu=cortex-m4 -std=gnu11 -g3 -DDEBUG -DUSE_HAL_DRIVER -DSTM32G474xx -c -I../Core/Inc -I../Drivers/STM32G4xx_HAL_Driver/Inc -I../Drivers/STM32G4xx_HAL_Driver/Inc/Legacy -I../Drivers/CMSIS/Device/ST/STM32G4xx/Include -I../Drivers/CMSIS/Include -O0 -ffunction-sections -fdata-sections -Wall -fstack-usage -fcyclomatic-complexity -MMD -MP -MF"Core/Src/stm32g4xx_hal_msp.d" -MT"Core/Src/stm32g4xx_hal_msp.o" --specs=nano.specs -mfpu=fpv4-sp-d16 -mfloat-abi=hard -mthumb -o "Core/Src/stm32g4xx_hal_msp.o"
arm-none-eabi-gcc "../Core/Src/stm32g4xx_it.c" -mcpu=cortex-m4 -std=gnu11 -g3 -DDEBUG -DUSE_HAL_DRIVER -DSTM32G474xx -c -I../Core/Inc -I../Drivers/STM32G4xx_HAL_Driver/Inc -I../Drivers/STM32G4xx_HAL_Driver/Inc/Legacy -I../Drivers/CMSIS/Device/ST/STM32G4xx/Include -I../Drivers/CMSIS/Include -O0 -ffunction-sections -fdata-sections -Wall -fstack-usage -fcyclomatic-complexity -MMD -MP -MF"Core/Src/stm32g4xx_it.d" -MT"Core/Src/stm32g4xx_it.o" --specs=nano.specs -mfpu=fpv4-sp-d16 -mfloat-abi=hard -mthumb -o "Core/Src/stm32g4xx_it.o"
../Core/Src/encoderSystem.c:15:29: warning: 'pRightMotorCount' defined but not used [-Wunused-variable]
   15 | static int* pLeftMotorCoun, pRightMotorCount;
      |                             ^~~~~~~~~~~~~~~~
../Core/Src/encoderSystem.c:15:13: warning: 'pLeftMotorCoun' defined but not used [-Wunused-variable]
   15 | static int* pLeftMotorCoun, pRightMotorCount;
      |             ^~~~~~~~~~~~~~
In file included from ../Core/Src/ComSystem.c:15:
../Core/Inc/ComSystem.h:52:1: warning: parameter names (without types) in function declaration
   52 | void vComSystemInit(pTelemetryData,pStateEstimate,pMotorCommands);
      | ^~~~
../Core/Src/ComSystem.c:108:1: warning: return type defaults to 'int' [-Wimplicit-int]
  108 | vComSystemInit(pTelemetryData,pStateEstimate,pMotorCommands){
      | ^~~~~~~~~~~~~~
../Core/Src/ComSystem.c:108:1: warning: conflicting types for 'vComSystemInit'
../Core/Inc/ComSystem.h:52:6: note: previous declaration of 'vComSystemInit' with type 'void()'
   52 | void vComSystemInit(pTelemetryData,pStateEstimate,pMotorCommands);
      |      ^~~~~~~~~~~~~~
../Core/Src/ComSystem.c: In function 'vComSystemInit':
../Core/Src/ComSystem.c:108:1: warning: type of 'pTelemetryData' defaults to 'int' [-Wimplicit-int]
  108 | vComSystemInit(pTelemetryData,pStateEstimate,pMotorCommands){
      | ^~~~~~~~~~~~~~
../Core/Src/ComSystem.c:108:1: warning: type of 'pStateEstimate' defaults to 'int' [-Wimplicit-int]
../Core/Src/ComSystem.c:108:1: warning: type of 'pMotorCommands' defaults to 'int' [-Wimplicit-int]
../Core/Src/ComSystem.c: At top level:
../Core/Src/ComSystem.c:113:1: warning: return type defaults to 'int' [-Wimplicit-int]
  113 | vComSystemSendRobotData(){
      | ^~~~~~~~~~~~~~~~~~~~~~~
../Core/Src/ComSystem.c:113:1: warning: conflicting types for 'vComSystemSendRobotData'
../Core/Inc/ComSystem.h:54:6: note: previous declaration of 'vComSystemSendRobotData' with type 'void()'
   54 | void vComSystemSendRobotData();
      |      ^~~~~~~~~~~~~~~~~~~~~~~
../Core/Src/ComSystem.c:118:1: warning: return type defaults to 'int' [-Wimplicit-int]
  118 | vComSystemParseIncomingData(){
      | ^~~~~~~~~~~~~~~~~~~~~~~~~~~
../Core/Src/ComSystem.c:118:1: warning: conflicting types for 'vComSystemParseIncomingData'
../Core/Inc/ComSystem.h:56:6: note: previous declaration of 'vComSystemParseIncomingData' with type 'void()'
   56 | void vComSystemParseIncomingData();
      |      ^~~~~~~~~~~~~~~~~~~~~~~~~~~
In file included from ../Core/Src/main.c:29:
../Core/Inc/ComSystem.h:52:1: warning: parameter names (without types) in function declaration
   52 | void vComSystemInit(pTelemetryData,pStateEstimate,pMotorCommands);
      | ^~~~
arm-none-eabi-gcc "../Core/Src/syscalls.c" -mcpu=cortex-m4 -std=gnu11 -g3 -DDEBUG -DUSE_HAL_DRIVER -DSTM32G474xx -c -I../Core/Inc -I../Drivers/STM32G4xx_HAL_Driver/Inc -I../Drivers/STM32G4xx_HAL_Driver/Inc/Legacy -I../Drivers/CMSIS/Device/ST/STM32G4xx/Include -I../Drivers/CMSIS/Include -O0 -ffunction-sections -fdata-sections -Wall -fstack-usage -fcyclomatic-complexity -MMD -MP -MF"Core/Src/syscalls.d" -MT"Core/Src/syscalls.o" --specs=nano.specs -mfpu=fpv4-sp-d16 -mfloat-abi=hard -mthumb -o "Core/Src/syscalls.o"
arm-none-eabi-gcc "../Core/Src/sysmem.c" -mcpu=cortex-m4 -std=gnu11 -g3 -DDEBUG -DUSE_HAL_DRIVER -DSTM32G474xx -c -I../Core/Inc -I../Drivers/STM32G4xx_HAL_Driver/Inc -I../Drivers/STM32G4xx_HAL_Driver/Inc/Legacy -I../Drivers/CMSIS/Device/ST/STM32G4xx/Include -I../Drivers/CMSIS/Include -O0 -ffunction-sections -fdata-sections -Wall -fstack-usage -fcyclomatic-complexity -MMD -MP -MF"Core/Src/sysmem.d" -MT"Core/Src/sysmem.o" --specs=nano.specs -mfpu=fpv4-sp-d16 -mfloat-abi=hard -mthumb -o "Core/Src/sysmem.o"
arm-none-eabi-gcc "../Core/Src/system_stm32g4xx.c" -mcpu=cortex-m4 -std=gnu11 -g3 -DDEBUG -DUSE_HAL_DRIVER -DSTM32G474xx -c -I../Core/Inc -I../Drivers/STM32G4xx_HAL_Driver/Inc -I../Drivers/STM32G4xx_HAL_Driver/Inc/Legacy -I../Drivers/CMSIS/Device/ST/STM32G4xx/Include -I../Drivers/CMSIS/Include -O0 -ffunction-sections -fdata-sections -Wall -fstack-usage -fcyclomatic-complexity -MMD -MP -MF"Core/Src/system_stm32g4xx.d" -MT"Core/Src/system_stm32g4xx.o" --specs=nano.specs -mfpu=fpv4-sp-d16 -mfloat-abi=hard -mthumb -o "Core/Src/system_stm32g4xx.o"
arm-none-eabi-gcc "../Core/Src/tim.c" -mcpu=cortex-m4 -std=gnu11 -g3 -DDEBUG -DUSE_HAL_DRIVER -DSTM32G474xx -c -I../Core/Inc -I../Drivers/STM32G4xx_HAL_Driver/Inc -I../Drivers/STM32G4xx_HAL_Driver/Inc/Legacy -I../Drivers/CMSIS/Device/ST/STM32G4xx/Include -I../Drivers/CMSIS/Include -O0 -ffunction-sections -fdata-sections -Wall -fstack-usage -fcyclomatic-complexity -MMD -MP -MF"Core/Src/tim.d" -MT"Core/Src/tim.o" --specs=nano.specs -mfpu=fpv4-sp-d16 -mfloat-abi=hard -mthumb -o "Core/Src/tim.o"
arm-none-eabi-gcc "../Core/Src/usart.c" -mcpu=cortex-m4 -std=gnu11 -g3 -DDEBUG -DUSE_HAL_DRIVER -DSTM32G474xx -c -I../Core/Inc -I../Drivers/STM32G4xx_HAL_Driver/Inc -I../Drivers/STM32G4xx_HAL_Driver/Inc/Legacy -I../Drivers/CMSIS/Device/ST/STM32G4xx/Include -I../Drivers/CMSIS/Include -O0 -ffunction-sections -fdata-sections -Wall -fstack-usage -fcyclomatic-complexity -MMD -MP -MF"Core/Src/usart.d" -MT"Core/Src/usart.o" --specs=nano.specs -mfpu=fpv4-sp-d16 -mfloat-abi=hard -mthumb -o "Core/Src/usart.o"
arm-none-eabi-gcc -o "Autonomous_Cart.elf" @"objects.list"   -mcpu=cortex-m4 -T"C:\Users\njsne\OneDrive\Documentos\ES070\Autonomous-Cart\FIRMWARE\Autonomous_Cart\STM32G474RETX_FLASH.ld" --specs=nosys.specs -Wl,-Map="Autonomous_Cart.map" -Wl,--gc-sections -static --specs=nano.specs -mfpu=fpv4-sp-d16 -mfloat-abi=hard -mthumb -Wl,--start-group -lc -lm -Wl,--end-group
C:/ST/STM32CubeIDE_1.16.0/STM32CubeIDE/plugins/com.st.stm32cube.ide.mcu.externaltools.gnu-tools-for-stm32.12.3.rel1.win32_1.0.200.202406191623/tools/bin/../lib/gcc/arm-none-eabi/12.3.1/../../../../arm-none-eabi/bin/ld.exe: warning: Autonomous_Cart.elf has a LOAD segment with RWX permissions
Finished building target: Autonomous_Cart.elf
 
arm-none-eabi-size  Autonomous_Cart.elf 
arm-none-eabi-objdump -h -S Autonomous_Cart.elf  > "Autonomous_Cart.list"
   text	   data	    bss	    dec	    hex	filename
  30932	     20	   3348	  34300	   85fc	Autonomous_Cart.elf
Finished building: default.size.stdout
 
Finished building: Autonomous_Cart.list
 
19:11:27 **** Incremental Build of configuration Debug for project Autonomous_Cart ****
make -j16 all 
arm-none-eabi-size  Autonomous_Cart.elf 
   text	   data	    bss	    dec	    hex	filename
  30932	     20	   3348	  34300	   85fc	Autonomous_Cart.elf
Finished building: default.size.stdout
 
19:13:03 **** Incremental Build of configuration Debug for project Autonomous_Cart ****
make -j16 all 
arm-none-eabi-gcc "../Core/Src/adc.c" -mcpu=cortex-m4 -std=gnu11 -g3 -DDEBUG -DUSE_HAL_DRIVER -DSTM32G474xx -c -I../Core/Inc -I../Drivers/STM32G4xx_HAL_Driver/Inc -I../Drivers/STM32G4xx_HAL_Driver/Inc/Legacy -I../Drivers/CMSIS/Device/ST/STM32G4xx/Include -I../Drivers/CMSIS/Include -O0 -ffunction-sections -fdata-sections -Wall -fstack-usage -fcyclomatic-complexity -MMD -MP -MF"Core/Src/adc.d" -MT"Core/Src/adc.o" --specs=nano.specs -mfpu=fpv4-sp-d16 -mfloat-abi=hard -mthumb -o "Core/Src/adc.o"
arm-none-eabi-gcc -o "Autonomous_Cart.elf" @"objects.list"   -mcpu=cortex-m4 -T"C:\Users\njsne\OneDrive\Documentos\ES070\Autonomous-Cart\FIRMWARE\Autonomous_Cart\STM32G474RETX_FLASH.ld" --specs=nosys.specs -Wl,-Map="Autonomous_Cart.map" -Wl,--gc-sections -static --specs=nano.specs -mfpu=fpv4-sp-d16 -mfloat-abi=hard -mthumb -Wl,--start-group -lc -lm -Wl,--end-group
C:/ST/STM32CubeIDE_1.16.0/STM32CubeIDE/plugins/com.st.stm32cube.ide.mcu.externaltools.gnu-tools-for-stm32.12.3.rel1.win32_1.0.200.202406191623/tools/bin/../lib/gcc/arm-none-eabi/12.3.1/../../../../arm-none-eabi/bin/ld.exe: warning: Autonomous_Cart.elf has a LOAD segment with RWX permissions
Finished building target: Autonomous_Cart.elf
 
arm-none-eabi-size  Autonomous_Cart.elf 
arm-none-eabi-objdump -h -S Autonomous_Cart.elf  > "Autonomous_Cart.list"
   text	   data	    bss	    dec	    hex	filename
  30932	     20	   3348	  34300	   85fc	Autonomous_Cart.elf
Finished building: default.size.stdout
 
Finished building: Autonomous_Cart.list
 
19:13:14 **** Incremental Build of configuration Debug for project Autonomous_Cart ****
make -j16 all 
arm-none-eabi-size  Autonomous_Cart.elf 
   text	   data	    bss	    dec	    hex	filename
  30932	     20	   3348	  34300	   85fc	Autonomous_Cart.elf
Finished building: default.size.stdout
 
19:14:57 **** Incremental Build of configuration Debug for project Autonomous_Cart ****
make -j16 all 
arm-none-eabi-gcc "../Core/Src/LineSensorSystem.c" -mcpu=cortex-m4 -std=gnu11 -g3 -DDEBUG -DUSE_HAL_DRIVER -DSTM32G474xx -c -I../Core/Inc -I../Drivers/STM32G4xx_HAL_Driver/Inc -I../Drivers/STM32G4xx_HAL_Driver/Inc/Legacy -I../Drivers/CMSIS/Device/ST/STM32G4xx/Include -I../Drivers/CMSIS/Include -O0 -ffunction-sections -fdata-sections -Wall -fstack-usage -fcyclomatic-complexity -MMD -MP -MF"Core/Src/LineSensorSystem.d" -MT"Core/Src/LineSensorSystem.o" --specs=nano.specs -mfpu=fpv4-sp-d16 -mfloat-abi=hard -mthumb -o "Core/Src/LineSensorSystem.o"
arm-none-eabi-gcc -o "Autonomous_Cart.elf" @"objects.list"   -mcpu=cortex-m4 -T"C:\Users\njsne\OneDrive\Documentos\ES070\Autonomous-Cart\FIRMWARE\Autonomous_Cart\STM32G474RETX_FLASH.ld" --specs=nosys.specs -Wl,-Map="Autonomous_Cart.map" -Wl,--gc-sections -static --specs=nano.specs -mfpu=fpv4-sp-d16 -mfloat-abi=hard -mthumb -Wl,--start-group -lc -lm -Wl,--end-group
C:/ST/STM32CubeIDE_1.16.0/STM32CubeIDE/plugins/com.st.stm32cube.ide.mcu.externaltools.gnu-tools-for-stm32.12.3.rel1.win32_1.0.200.202406191623/tools/bin/../lib/gcc/arm-none-eabi/12.3.1/../../../../arm-none-eabi/bin/ld.exe: warning: Autonomous_Cart.elf has a LOAD segment with RWX permissions
C:/ST/STM32CubeIDE_1.16.0/STM32CubeIDE/plugins/com.st.stm32cube.ide.mcu.externaltools.gnu-tools-for-stm32.12.3.rel1.win32_1.0.200.202406191623/tools/bin/../lib/gcc/arm-none-eabi/12.3.1/../../../../arm-none-eabi/bin/ld.exe: ./Core/Src/LineSensorSystem.o: in function `vLineSensorSystemInit':
C:/Users/njsne/OneDrive/Documentos/ES070/Autonomous-Cart/FIRMWARE/Autonomous_Cart/Debug/../Core/Src/LineSensorSystem.c:35: undefined reference to `uiAdcValue'
collect2.exe: error: ld returned 1 exit status
make: *** [makefile:64: Autonomous_Cart.elf] Error 1
"make -j16 all" terminated with exit code 2. Build might be incomplete.
19:15:18 **** Incremental Build of configuration Debug for project Autonomous_Cart ****
make -j16 all 
arm-none-eabi-gcc -o "Autonomous_Cart.elf" @"objects.list"   -mcpu=cortex-m4 -T"C:\Users\njsne\OneDrive\Documentos\ES070\Autonomous-Cart\FIRMWARE\Autonomous_Cart\STM32G474RETX_FLASH.ld" --specs=nosys.specs -Wl,-Map="Autonomous_Cart.map" -Wl,--gc-sections -static --specs=nano.specs -mfpu=fpv4-sp-d16 -mfloat-abi=hard -mthumb -Wl,--start-group -lc -lm -Wl,--end-group
C:/ST/STM32CubeIDE_1.16.0/STM32CubeIDE/plugins/com.st.stm32cube.ide.mcu.externaltools.gnu-tools-for-stm32.12.3.rel1.win32_1.0.200.202406191623/tools/bin/../lib/gcc/arm-none-eabi/12.3.1/../../../../arm-none-eabi/bin/ld.exe: warning: Autonomous_Cart.elf has a LOAD segment with RWX permissions
C:/ST/STM32CubeIDE_1.16.0/STM32CubeIDE/plugins/com.st.stm32cube.ide.mcu.externaltools.gnu-tools-for-stm32.12.3.rel1.win32_1.0.200.202406191623/tools/bin/../lib/gcc/arm-none-eabi/12.3.1/../../../../arm-none-eabi/bin/ld.exe: ./Core/Src/LineSensorSystem.o: in function `vLineSensorSystemInit':
C:/Users/njsne/OneDrive/Documentos/ES070/Autonomous-Cart/FIRMWARE/Autonomous_Cart/Debug/../Core/Src/LineSensorSystem.c:35: undefined reference to `uiAdcValue'
collect2.exe: error: ld returned 1 exit status
make: *** [makefile:64: Autonomous_Cart.elf] Error 1
"make -j16 all" terminated with exit code 2. Build might be incomplete.
19:15:49 **** Incremental Build of configuration Debug for project Autonomous_Cart ****
make -j16 all 
arm-none-eabi-gcc "../Core/Src/main.c" -mcpu=cortex-m4 -std=gnu11 -g3 -DDEBUG -DUSE_HAL_DRIVER -DSTM32G474xx -c -I../Core/Inc -I../Drivers/STM32G4xx_HAL_Driver/Inc -I../Drivers/STM32G4xx_HAL_Driver/Inc/Legacy -I../Drivers/CMSIS/Device/ST/STM32G4xx/Include -I../Drivers/CMSIS/Include -O0 -ffunction-sections -fdata-sections -Wall -fstack-usage -fcyclomatic-complexity -MMD -MP -MF"Core/Src/main.d" -MT"Core/Src/main.o" --specs=nano.specs -mfpu=fpv4-sp-d16 -mfloat-abi=hard -mthumb -o "Core/Src/main.o"
In file included from ../Core/Src/main.c:29:
../Core/Inc/ComSystem.h:52:1: warning: parameter names (without types) in function declaration
   52 | void vComSystemInit(pTelemetryData,pStateEstimate,pMotorCommands);
      | ^~~~
arm-none-eabi-gcc -o "Autonomous_Cart.elf" @"objects.list"   -mcpu=cortex-m4 -T"C:\Users\njsne\OneDrive\Documentos\ES070\Autonomous-Cart\FIRMWARE\Autonomous_Cart\STM32G474RETX_FLASH.ld" --specs=nosys.specs -Wl,-Map="Autonomous_Cart.map" -Wl,--gc-sections -static --specs=nano.specs -mfpu=fpv4-sp-d16 -mfloat-abi=hard -mthumb -Wl,--start-group -lc -lm -Wl,--end-group
C:/ST/STM32CubeIDE_1.16.0/STM32CubeIDE/plugins/com.st.stm32cube.ide.mcu.externaltools.gnu-tools-for-stm32.12.3.rel1.win32_1.0.200.202406191623/tools/bin/../lib/gcc/arm-none-eabi/12.3.1/../../../../arm-none-eabi/bin/ld.exe: warning: Autonomous_Cart.elf has a LOAD segment with RWX permissions
Finished building target: Autonomous_Cart.elf
 
arm-none-eabi-size  Autonomous_Cart.elf 
arm-none-eabi-objdump -h -S Autonomous_Cart.elf  > "Autonomous_Cart.list"
   text	   data	    bss	    dec	    hex	filename
  30932	     20	   3348	  34300	   85fc	Autonomous_Cart.elf
Finished building: default.size.stdout
 
Finished building: Autonomous_Cart.list
 
19:15:55 **** Incremental Build of configuration Debug for project Autonomous_Cart ****
make -j16 all 
arm-none-eabi-size  Autonomous_Cart.elf 
   text	   data	    bss	    dec	    hex	filename
  30932	     20	   3348	  34300	   85fc	Autonomous_Cart.elf
Finished building: default.size.stdout
 
19:16:34 **** Incremental Build of configuration Debug for project Autonomous_Cart ****
make -j16 all 
arm-none-eabi-gcc "../Core/Src/LineSensorSystem.c" -mcpu=cortex-m4 -std=gnu11 -g3 -DDEBUG -DUSE_HAL_DRIVER -DSTM32G474xx -c -I../Core/Inc -I../Drivers/STM32G4xx_HAL_Driver/Inc -I../Drivers/STM32G4xx_HAL_Driver/Inc/Legacy -I../Drivers/CMSIS/Device/ST/STM32G4xx/Include -I../Drivers/CMSIS/Include -O0 -ffunction-sections -fdata-sections -Wall -fstack-usage -fcyclomatic-complexity -MMD -MP -MF"Core/Src/LineSensorSystem.d" -MT"Core/Src/LineSensorSystem.o" --specs=nano.specs -mfpu=fpv4-sp-d16 -mfloat-abi=hard -mthumb -o "Core/Src/LineSensorSystem.o"
arm-none-eabi-gcc -o "Autonomous_Cart.elf" @"objects.list"   -mcpu=cortex-m4 -T"C:\Users\njsne\OneDrive\Documentos\ES070\Autonomous-Cart\FIRMWARE\Autonomous_Cart\STM32G474RETX_FLASH.ld" --specs=nosys.specs -Wl,-Map="Autonomous_Cart.map" -Wl,--gc-sections -static --specs=nano.specs -mfpu=fpv4-sp-d16 -mfloat-abi=hard -mthumb -Wl,--start-group -lc -lm -Wl,--end-group
C:/ST/STM32CubeIDE_1.16.0/STM32CubeIDE/plugins/com.st.stm32cube.ide.mcu.externaltools.gnu-tools-for-stm32.12.3.rel1.win32_1.0.200.202406191623/tools/bin/../lib/gcc/arm-none-eabi/12.3.1/../../../../arm-none-eabi/bin/ld.exe: warning: Autonomous_Cart.elf has a LOAD segment with RWX permissions
Finished building target: Autonomous_Cart.elf
 
arm-none-eabi-size  Autonomous_Cart.elf 
arm-none-eabi-objdump -h -S Autonomous_Cart.elf  > "Autonomous_Cart.list"
   text	   data	    bss	    dec	    hex	filename
  30908	     20	   3348	  34276	   85e4	Autonomous_Cart.elf
Finished building: default.size.stdout
 
Finished building: Autonomous_Cart.list
 
19:16:39 **** Incremental Build of configuration Debug for project Autonomous_Cart ****
make -j16 all 
arm-none-eabi-size  Autonomous_Cart.elf 
   text	   data	    bss	    dec	    hex	filename
  30908	     20	   3348	  34276	   85e4	Autonomous_Cart.elf
Finished building: default.size.stdout
 
19:18:20 **** Incremental Build of configuration Debug for project Autonomous_Cart ****
make -j16 all 
arm-none-eabi-gcc "../Core/Src/LineSensorSystem.c" -mcpu=cortex-m4 -std=gnu11 -g3 -DDEBUG -DUSE_HAL_DRIVER -DSTM32G474xx -c -I../Core/Inc -I../Drivers/STM32G4xx_HAL_Driver/Inc -I../Drivers/STM32G4xx_HAL_Driver/Inc/Legacy -I../Drivers/CMSIS/Device/ST/STM32G4xx/Include -I../Drivers/CMSIS/Include -O0 -ffunction-sections -fdata-sections -Wall -fstack-usage -fcyclomatic-complexity -MMD -MP -MF"Core/Src/LineSensorSystem.d" -MT"Core/Src/LineSensorSystem.o" --specs=nano.specs -mfpu=fpv4-sp-d16 -mfloat-abi=hard -mthumb -o "Core/Src/LineSensorSystem.o"
arm-none-eabi-gcc -o "Autonomous_Cart.elf" @"objects.list"   -mcpu=cortex-m4 -T"C:\Users\njsne\OneDrive\Documentos\ES070\Autonomous-Cart\FIRMWARE\Autonomous_Cart\STM32G474RETX_FLASH.ld" --specs=nosys.specs -Wl,-Map="Autonomous_Cart.map" -Wl,--gc-sections -static --specs=nano.specs -mfpu=fpv4-sp-d16 -mfloat-abi=hard -mthumb -Wl,--start-group -lc -lm -Wl,--end-group
[...]
arm-none-eabi-gcc "../Drivers/STM32G4xx_HAL_Driver/Src/stm32g4xx_hal_uart_ex.c" -mcpu=cortex-m4 -std=gnu11 -g3 -DDEBUG -DUSE_HAL_DRIVER -DSTM32G474xx -c -I../Core/Inc -I../Drivers/STM32G4xx_HAL_Driver/Inc -I../Drivers/STM32G4xx_HAL_Driver/Inc/Legacy -I../Drivers/CMSIS/Device/ST/STM32G4xx/Include -I../Drivers/CMSIS/Include -O0 -ffunction-sections -fdata-sections -Wall -fstack-usage -fcyclomatic-complexity -MMD -MP -MF"Drivers/STM32G4xx_HAL_Driver/Src/stm32g4xx_hal_uart_ex.d" -MT"Drivers/STM32G4xx_HAL_Driver/Src/stm32g4xx_hal_uart_ex.o" --specs=nano.specs -mfpu=fpv4-sp-d16 -mfloat-abi=hard -mthumb -o "Drivers/STM32G4xx_HAL_Driver/Src/stm32g4xx_hal_uart_ex.o"
arm-none-eabi-gcc "../Drivers/STM32G4xx_HAL_Driver/Src/stm32g4xx_ll_adc.c" -mcpu=cortex-m4 -std=gnu11 -g3 -DDEBUG -DUSE_HAL_DRIVER -DSTM32G474xx -c -I../Core/Inc -I../Drivers/STM32G4xx_HAL_Driver/Inc -I../Drivers/STM32G4xx_HAL_Driver/Inc/Legacy -I../Drivers/CMSIS/Device/ST/STM32G4xx/Include -I../Drivers/CMSIS/Include -O0 -ffunction-sections -fdata-sections -Wall -fstack-usage -fcyclomatic-complexity -MMD -MP -MF"Drivers/STM32G4xx_HAL_Driver/Src/stm32g4xx_ll_adc.d" -MT"Drivers/STM32G4xx_HAL_Driver/Src/stm32g4xx_ll_adc.o" --specs=nano.specs -mfpu=fpv4-sp-d16 -mfloat-abi=hard -mthumb -o "Drivers/STM32G4xx_HAL_Driver/Src/stm32g4xx_ll_adc.o"
arm-none-eabi-gcc -mcpu=cortex-m4 -g3 -DDEBUG -c -x assembler-with-cpp -MMD -MP -MF"Core/Startup/startup_stm32g474retx.d" -MT"Core/Startup/startup_stm32g474retx.o" --specs=nano.specs -mfpu=fpv4-sp-d16 -mfloat-abi=hard -mthumb -o "Core/Startup/startup_stm32g474retx.o" "../Core/Startup/startup_stm32g474retx.s"
arm-none-eabi-gcc "../Core/Src/ComSystem.c" -mcpu=cortex-m4 -std=gnu11 -g3 -DDEBUG -DUSE_HAL_DRIVER -DSTM32G474xx -c -I../Core/Inc -I../Drivers/STM32G4xx_HAL_Driver/Inc -I../Drivers/STM32G4xx_HAL_Driver/Inc/Legacy -I../Drivers/CMSIS/Device/ST/STM32G4xx/Include -I../Drivers/CMSIS/Include -O0 -ffunction-sections -fdata-sections -Wall -fstack-usage -fcyclomatic-complexity -MMD -MP -MF"Core/Src/ComSystem.d" -MT"Core/Src/ComSystem.o" --specs=nano.specs -mfpu=fpv4-sp-d16 -mfloat-abi=hard -mthumb -o "Core/Src/ComSystem.o"
arm-none-eabi-gcc "../Core/Src/LineSensorSystem.c" -mcpu=cortex-m4 -std=gnu11 -g3 -DDEBUG -DUSE_HAL_DRIVER -DSTM32G474xx -c -I../Core/Inc -I../Drivers/STM32G4xx_HAL_Driver/Inc -I../Drivers/STM32G4xx_HAL_Driver/Inc/Legacy -I../Drivers/CMSIS/Device/ST/STM32G4xx/Include -I../Drivers/CMSIS/Include -O0 -ffunction-sections -fdata-sections -Wall -fstack-usage -fcyclomatic-complexity -MMD -MP -MF"Core/Src/LineSensorSystem.d" -MT"Core/Src/LineSensorSystem.o" --specs=nano.specs -mfpu=fpv4-sp-d16 -mfloat-abi=hard -mthumb -o "Core/Src/LineSensorSystem.o"
arm-none-eabi-gcc "../Core/Src/PowerTrainSystem.c" -mcpu=cortex-m4 -std=gnu11 -g3 -DDEBUG -DUSE_HAL_DRIVER -DSTM32G474xx -c -I../Core/Inc -I../Drivers/STM32G4xx_HAL_Driver/Inc -I../Drivers/STM32G4xx_HAL_Driver/Inc/Legacy -I../Drivers/CMSIS/Device/ST/STM32G4xx/Include -I../Drivers/CMSIS/Include -O0 -ffunction-sections -fdata-sections -Wall -fstack-usage -fcyclomatic-complexity -MMD -MP -MF"Core/Src/PowerTrainSystem.d" -MT"Core/Src/PowerTrainSystem.o" --specs=nano.specs -mfpu=fpv4-sp-d16 -mfloat-abi=hard -mthumb -o "Core/Src/PowerTrainSystem.o"
arm-none-eabi-gcc "../Core/Src/adc.c" -mcpu=cortex-m4 -std=gnu11 -g3 -DDEBUG -DUSE_HAL_DRIVER -DSTM32G474xx -c -I../Core/Inc -I../Drivers/STM32G4xx_HAL_Driver/Inc -I../Drivers/STM32G4xx_HAL_Driver/Inc/Legacy -I../Drivers/CMSIS/Device/ST/STM32G4xx/Include -I../Drivers/CMSIS/Include -O0 -ffunction-sections -fdata-sections -Wall -fstack-usage -fcyclomatic-complexity -MMD -MP -MF"Core/Src/adc.d" -MT"Core/Src/adc.o" --specs=nano.specs -mfpu=fpv4-sp-d16 -mfloat-abi=hard -mthumb -o "Core/Src/adc.o"
arm-none-eabi-gcc "../Core/Src/dma.c" -mcpu=cortex-m4 -std=gnu11 -g3 -DDEBUG -DUSE_HAL_DRIVER -DSTM32G474xx -c -I../Core/Inc -I../Drivers/STM32G4xx_HAL_Driver/Inc -I../Drivers/STM32G4xx_HAL_Driver/Inc/Legacy -I../Drivers/CMSIS/Device/ST/STM32G4xx/Include -I../Drivers/CMSIS/Include -O0 -ffunction-sections -fdata-sections -Wall -fstack-usage -fcyclomatic-complexity -MMD -MP -MF"Core/Src/dma.d" -MT"Core/Src/dma.o" --specs=nano.specs -mfpu=fpv4-sp-d16 -mfloat-abi=hard -mthumb -o "Core/Src/dma.o"
arm-none-eabi-gcc "../Core/Src/encoderSystem.c" -mcpu=cortex-m4 -std=gnu11 -g3 -DDEBUG -DUSE_HAL_DRIVER -DSTM32G474xx -c -I../Core/Inc -I../Drivers/STM32G4xx_HAL_Driver/Inc -I../Drivers/STM32G4xx_HAL_Driver/Inc/Legacy -I../Drivers/CMSIS/Device/ST/STM32G4xx/Include -I../Drivers/CMSIS/Include -O0 -ffunction-sections -fdata-sections -Wall -fstack-usage -fcyclomatic-complexity -MMD -MP -MF"Core/Src/encoderSystem.d" -MT"Core/Src/encoderSystem.o" --specs=nano.specs -mfpu=fpv4-sp-d16 -mfloat-abi=hard -mthumb -o "Core/Src/encoderSystem.o"
arm-none-eabi-gcc "../Core/Src/gpio.c" -mcpu=cortex-m4 -std=gnu11 -g3 -DDEBUG -DUSE_HAL_DRIVER -DSTM32G474xx -c -I../Core/Inc -I../Drivers/STM32G4xx_HAL_Driver/Inc -I../Drivers/STM32G4xx_HAL_Driver/Inc/Legacy -I../Drivers/CMSIS/Device/ST/STM32G4xx/Include -I../Drivers/CMSIS/Include -O0 -ffunction-sections -fdata-sections -Wall -fstack-usage -fcyclomatic-complexity -MMD -MP -MF"Core/Src/gpio.d" -MT"Core/Src/gpio.o" --specs=nano.specs -mfpu=fpv4-sp-d16 -mfloat-abi=hard -mthumb -o "Core/Src/gpio.o"
arm-none-eabi-gcc "../Core/Src/i2c.c" -mcpu=cortex-m4 -std=gnu11 -g3 -DDEBUG -DUSE_HAL_DRIVER -DSTM32G474xx -c -I../Core/Inc -I../Drivers/STM32G4xx_HAL_Driver/Inc -I../Drivers/STM32G4xx_HAL_Driver/Inc/Legacy -I../Drivers/CMSIS/Device/ST/STM32G4xx/Include -I../Drivers/CMSIS/Include -O0 -ffunction-sections -fdata-sections -Wall -fstack-usage -fcyclomatic-complexity -MMD -MP -MF"Core/Src/i2c.d" -MT"Core/Src/i2c.o" --specs=nano.specs -mfpu=fpv4-sp-d16 -mfloat-abi=hard -mthumb -o "Core/Src/i2c.o"
arm-none-eabi-gcc "../Core/Src/main.c" -mcpu=cortex-m4 -std=gnu11 -g3 -DDEBUG -DUSE_HAL_DRIVER -DSTM32G474xx -c -I../Core/Inc -I../Drivers/STM32G4xx_HAL_Driver/Inc -I../Drivers/STM32G4xx_HAL_Driver/Inc/Legacy -I../Drivers/CMSIS/Device/ST/STM32G4xx/Include -I../Drivers/CMSIS/Include -O0 -ffunction-sections -fdata-sections -Wall -fstack-usage -fcyclomatic-complexity -MMD -MP -MF"Core/Src/main.d" -MT"Core/Src/main.o" --specs=nano.specs -mfpu=fpv4-sp-d16 -mfloat-abi=hard -mthumb -o "Core/Src/main.o"
arm-none-eabi-gcc "../Core/Src/stm32g4xx_hal_msp.c" -mcpu=cortex-m4 -std=gnu11 -g3 -DDEBUG -DUSE_HAL_DRIVER -DSTM32G474xx -c -I../Core/Inc -I../Drivers/STM32G4xx_HAL_Driver/Inc -I../Drivers/STM32G4xx_HAL_Driver/Inc/Legacy -I../Drivers/CMSIS/Device/ST/STM32G4xx/Include -I../Drivers/CMSIS/Include -O0 -ffunction-sections -fdata-sections -Wall -fstack-usage -fcyclomatic-complexity -MMD -MP -MF"Core/Src/stm32g4xx_hal_msp.d" -MT"Core/Src/stm32g4xx_hal_msp.o" --specs=nano.specs -mfpu=fpv4-sp-d16 -mfloat-abi=hard -mthumb -o "Core/Src/stm32g4xx_hal_msp.o"
arm-none-eabi-gcc "../Core/Src/stm32g4xx_it.c" -mcpu=cortex-m4 -std=gnu11 -g3 -DDEBUG -DUSE_HAL_DRIVER -DSTM32G474xx -c -I../Core/Inc -I../Drivers/STM32G4xx_HAL_Driver/Inc -I../Drivers/STM32G4xx_HAL_Driver/Inc/Legacy -I../Drivers/CMSIS/Device/ST/STM32G4xx/Include -I../Drivers/CMSIS/Include -O0 -ffunction-sections -fdata-sections -Wall -fstack-usage -fcyclomatic-complexity -MMD -MP -MF"Core/Src/stm32g4xx_it.d" -MT"Core/Src/stm32g4xx_it.o" --specs=nano.specs -mfpu=fpv4-sp-d16 -mfloat-abi=hard -mthumb -o "Core/Src/stm32g4xx_it.o"
In file included from ../Core/Src/ComSystem.c:15:
../Core/Inc/ComSystem.h:52:1: warning: parameter names (without types) in function declaration
   52 | void vComSystemInit(pTelemetryData,pStateEstimate,pMotorCommands);
      | ^~~~
../Core/Src/ComSystem.c:108:1: warning: return type defaults to 'int' [-Wimplicit-int]
  108 | vComSystemInit(pTelemetryData,pStateEstimate,pMotorCommands){
      | ^~~~~~~~~~~~~~
../Core/Src/ComSystem.c:108:1: warning: conflicting types for 'vComSystemInit'
../Core/Inc/ComSystem.h:52:6: note: previous declaration of 'vComSystemInit' with type 'void()'
   52 | void vComSystemInit(pTelemetryData,pStateEstimate,pMotorCommands);
      |      ^~~~~~~~~~~~~~
../Core/Src/ComSystem.c: In function 'vComSystemInit':
../Core/Src/ComSystem.c:108:1: warning: type of 'pTelemetryData' defaults to 'int' [-Wimplicit-int]
  108 | vComSystemInit(pTelemetryData,pStateEstimate,pMotorCommands){
      | ^~~~~~~~~~~~~~
../Core/Src/ComSystem.c:108:1: warning: type of 'pStateEstimate' defaults to 'int' [-Wimplicit-int]
../Core/Src/ComSystem.c:108:1: warning: type of 'pMotorCommands' defaults to 'int' [-Wimplicit-int]
../Core/Src/ComSystem.c: At top level:
../Core/Src/ComSystem.c:113:1: warning: return type defaults to 'int' [-Wimplicit-int]
  113 | vComSystemSendRobotData(){
      | ^~~~~~~~~~~~~~~~~~~~~~~
../Core/Src/ComSystem.c:113:1: warning: conflicting types for 'vComSystemSendRobotData'
../Core/Inc/ComSystem.h:54:6: note: previous declaration of 'vComSystemSendRobotData' with type 'void()'
   54 | void vComSystemSendRobotData();
      |      ^~~~~~~~~~~~~~~~~~~~~~~
../Core/Src/ComSystem.c:118:1: warning: return type defaults to 'int' [-Wimplicit-int]
  118 | vComSystemParseIncomingData(){
      | ^~~~~~~~~~~~~~~~~~~~~~~~~~~
../Core/Src/ComSystem.c:118:1: warning: conflicting types for 'vComSystemParseIncomingData'
../Core/Inc/ComSystem.h:56:6: note: previous declaration of 'vComSystemParseIncomingData' with type 'void()'
   56 | void vComSystemParseIncomingData();
      |      ^~~~~~~~~~~~~~~~~~~~~~~~~~~
../Core/Src/encoderSystem.c:15:29: warning: 'pRightMotorCount' defined but not used [-Wunused-variable]
   15 | static int* pLeftMotorCoun, pRightMotorCount;
      |                             ^~~~~~~~~~~~~~~~
../Core/Src/encoderSystem.c:15:13: warning: 'pLeftMotorCoun' defined but not used [-Wunused-variable]
   15 | static int* pLeftMotorCoun, pRightMotorCount;
      |             ^~~~~~~~~~~~~~
../Core/Src/main.c: In function 'main':
../Core/Src/main.c:108:3: warning: implicit declaration of function 'vLineSensorSystemInit' [-Wimplicit-function-declaration]
  108 |   vLineSensorSystemInit(pLineSensorsReadings);
      |   ^~~~~~~~~~~~~~~~~~~~~
arm-none-eabi-gcc "../Core/Src/syscalls.c" -mcpu=cortex-m4 -std=gnu11 -g3 -DDEBUG -DUSE_HAL_DRIVER -DSTM32G474xx -c -I../Core/Inc -I../Drivers/STM32G4xx_HAL_Driver/Inc -I../Drivers/STM32G4xx_HAL_Driver/Inc/Legacy -I../Drivers/CMSIS/Device/ST/STM32G4xx/Include -I../Drivers/CMSIS/Include -O0 -ffunction-sections -fdata-sections -Wall -fstack-usage -fcyclomatic-complexity -MMD -MP -MF"Core/Src/syscalls.d" -MT"Core/Src/syscalls.o" --specs=nano.specs -mfpu=fpv4-sp-d16 -mfloat-abi=hard -mthumb -o "Core/Src/syscalls.o"
../Core/Src/main.c:109:3: warning: implicit declaration of function 'vPowerTrainSystemInit' [-Wimplicit-function-declaration]
  109 |   vPowerTrainSystemInit();
      |   ^~~~~~~~~~~~~~~~~~~~~
arm-none-eabi-gcc "../Core/Src/sysmem.c" -mcpu=cortex-m4 -std=gnu11 -g3 -DDEBUG -DUSE_HAL_DRIVER -DSTM32G474xx -c -I../Core/Inc -I../Drivers/STM32G4xx_HAL_Driver/Inc -I../Drivers/STM32G4xx_HAL_Driver/Inc/Legacy -I../Drivers/CMSIS/Device/ST/STM32G4xx/Include -I../Drivers/CMSIS/Include -O0 -ffunction-sections -fdata-sections -Wall -fstack-usage -fcyclomatic-complexity -MMD -MP -MF"Core/Src/sysmem.d" -MT"Core/Src/sysmem.o" --specs=nano.specs -mfpu=fpv4-sp-d16 -mfloat-abi=hard -mthumb -o "Core/Src/sysmem.o"
../Core/Src/main.c:119:11: warning: implicit declaration of function 'vPowerTrainSystemSetMotorDirection' [-Wimplicit-function-declaration]
  119 |           vPowerTrainSystemSetMotorDirection(LEFT_MOTOR, CLOCKWISE);
      |           ^~~~~~~~~~~~~~~~~~~~~~~~~~~~~~~~~~
../Core/Src/main.c:119:46: error: 'LEFT_MOTOR' undeclared (first use in this function)
  119 |           vPowerTrainSystemSetMotorDirection(LEFT_MOTOR, CLOCKWISE);
      |                                              ^~~~~~~~~~
../Core/Src/main.c:119:46: note: each undeclared identifier is reported only once for each function it appears in
../Core/Src/main.c:119:58: error: 'CLOCKWISE' undeclared (first use in this function)
  119 |           vPowerTrainSystemSetMotorDirection(LEFT_MOTOR, CLOCKWISE);
      |                                                          ^~~~~~~~~
../Core/Src/main.c:120:46: error: 'RIGHT_MOTOR' undeclared (first use in this function)
  120 |           vPowerTrainSystemSetMotorDirection(RIGHT_MOTOR, COUNTER_CLOCKWISE);
      |                                              ^~~~~~~~~~~
arm-none-eabi-gcc "../Core/Src/system_stm32g4xx.c" -mcpu=cortex-m4 -std=gnu11 -g3 -DDEBUG -DUSE_HAL_DRIVER -DSTM32G474xx -c -I../Core/Inc -I../Drivers/STM32G4xx_HAL_Driver/Inc -I../Drivers/STM32G4xx_HAL_Driver/Inc/Legacy -I../Drivers/CMSIS/Device/ST/STM32G4xx/Include -I../Drivers/CMSIS/Include -O0 -ffunction-sections -fdata-sections -Wall -fstack-usage -fcyclomatic-complexity -MMD -MP -MF"Core/Src/system_stm32g4xx.d" -MT"Core/Src/system_stm32g4xx.o" --specs=nano.specs -mfpu=fpv4-sp-d16 -mfloat-abi=hard -mthumb -o "Core/Src/system_stm32g4xx.o"
../Core/Src/main.c:120:59: error: 'COUNTER_CLOCKWISE' undeclared (first use in this function)
  120 |           vPowerTrainSystemSetMotorDirection(RIGHT_MOTOR, COUNTER_CLOCKWISE);
      |                                                           ^~~~~~~~~~~~~~~~~
arm-none-eabi-gcc "../Core/Src/tim.c" -mcpu=cortex-m4 -std=gnu11 -g3 -DDEBUG -DUSE_HAL_DRIVER -DSTM32G474xx -c -I../Core/Inc -I../Drivers/STM32G4xx_HAL_Driver/Inc -I../Drivers/STM32G4xx_HAL_Driver/Inc/Legacy -I../Drivers/CMSIS/Device/ST/STM32G4xx/Include -I../Drivers/CMSIS/Include -O0 -ffunction-sections -fdata-sections -Wall -fstack-usage -fcyclomatic-complexity -MMD -MP -MF"Core/Src/tim.d" -MT"Core/Src/tim.o" --specs=nano.specs -mfpu=fpv4-sp-d16 -mfloat-abi=hard -mthumb -o "Core/Src/tim.o"
arm-none-eabi-gcc "../Core/Src/usart.c" -mcpu=cortex-m4 -std=gnu11 -g3 -DDEBUG -DUSE_HAL_DRIVER -DSTM32G474xx -c -I../Core/Inc -I../Drivers/STM32G4xx_HAL_Driver/Inc -I../Drivers/STM32G4xx_HAL_Driver/Inc/Legacy -I../Drivers/CMSIS/Device/ST/STM32G4xx/Include -I../Drivers/CMSIS/Include -O0 -ffunction-sections -fdata-sections -Wall -fstack-usage -fcyclomatic-complexity -MMD -MP -MF"Core/Src/usart.d" -MT"Core/Src/usart.o" --specs=nano.specs -mfpu=fpv4-sp-d16 -mfloat-abi=hard -mthumb -o "Core/Src/usart.o"
../Core/Src/main.c:122:11: warning: implicit declaration of function 'vPowerTrainSystemSetMotorSpeed' [-Wimplicit-function-declaration]
  122 |           vPowerTrainSystemSetMotorSpeed(LEFT_MOTOR,1000);
      |           ^~~~~~~~~~~~~~~~~~~~~~~~~~~~~~
make: *** [Core/Src/subdir.mk:64: Core/Src/main.o] Error 1
make: *** Waiting for unfinished jobs....
"make -j16 all" terminated with exit code 2. Build might be incomplete.
20:15:49 **** Incremental Build of configuration Debug for project Autonomous_Cart ****
make -j16 all 
arm-none-eabi-gcc "../Core/Src/main.c" -mcpu=cortex-m4 -std=gnu11 -g3 -DDEBUG -DUSE_HAL_DRIVER -DSTM32G474xx -c -I../Core/Inc -I../Drivers/STM32G4xx_HAL_Driver/Inc -I../Drivers/STM32G4xx_HAL_Driver/Inc/Legacy -I../Drivers/CMSIS/Device/ST/STM32G4xx/Include -I../Drivers/CMSIS/Include -O0 -ffunction-sections -fdata-sections -Wall -fstack-usage -fcyclomatic-complexity -MMD -MP -MF"Core/Src/main.d" -MT"Core/Src/main.o" --specs=nano.specs -mfpu=fpv4-sp-d16 -mfloat-abi=hard -mthumb -o "Core/Src/main.o"
../Core/Src/main.c: In function 'main':
../Core/Src/main.c:108:3: warning: implicit declaration of function 'vLineSensorSystemInit' [-Wimplicit-function-declaration]
  108 |   vLineSensorSystemInit(pLineSensorsReadings);
      |   ^~~~~~~~~~~~~~~~~~~~~
../Core/Src/main.c:109:3: warning: implicit declaration of function 'vPowerTrainSystemInit' [-Wimplicit-function-declaration]
  109 |   vPowerTrainSystemInit();
      |   ^~~~~~~~~~~~~~~~~~~~~
arm-none-eabi-gcc -o "Autonomous_Cart.elf" @"objects.list"   -mcpu=cortex-m4 -T"C:\Users\njsne\OneDrive\Documentos\ES070\Autonomous-Cart\FIRMWARE\Autonomous_Cart\STM32G474RETX_FLASH.ld" --specs=nosys.specs -Wl,-Map="Autonomous_Cart.map" -Wl,--gc-sections -static --specs=nano.specs -mfpu=fpv4-sp-d16 -mfloat-abi=hard -mthumb -Wl,--start-group -lc -lm -Wl,--end-group
C:/ST/STM32CubeIDE_1.16.0/STM32CubeIDE/plugins/com.st.stm32cube.ide.mcu.externaltools.gnu-tools-for-stm32.12.3.rel1.win32_1.0.200.202406191623/tools/bin/../lib/gcc/arm-none-eabi/12.3.1/../../../../arm-none-eabi/bin/ld.exe: warning: Autonomous_Cart.elf has a LOAD segment with RWX permissions
Finished building target: Autonomous_Cart.elf
 
arm-none-eabi-size  Autonomous_Cart.elf 
arm-none-eabi-objdump -h -S Autonomous_Cart.elf  > "Autonomous_Cart.list"
   text	   data	    bss	    dec	    hex	filename
  30408	     20	   3348	  33776	   83f0	Autonomous_Cart.elf
Finished building: default.size.stdout
 
Finished building: Autonomous_Cart.list
 
20:15:53 **** Incremental Build of configuration Debug for project Autonomous_Cart ****
make -j16 all 
arm-none-eabi-size  Autonomous_Cart.elf 
   text	   data	    bss	    dec	    hex	filename
  30408	     20	   3348	  33776	   83f0	Autonomous_Cart.elf
Finished building: default.size.stdout
 
20:16:18 **** Incremental Build of configuration Debug for project Autonomous_Cart ****
make -j16 all 
arm-none-eabi-size  Autonomous_Cart.elf 
   text	   data	    bss	    dec	    hex	filename
  30408	     20	   3348	  33776	   83f0	Autonomous_Cart.elf
Finished building: default.size.stdout
 
20:17:41 **** Incremental Build of configuration Debug for project Autonomous_Cart ****
make -j16 all 
arm-none-eabi-size  Autonomous_Cart.elf 
   text	   data	    bss	    dec	    hex	filename
  30408	     20	   3348	  33776	   83f0	Autonomous_Cart.elf
Finished building: default.size.stdout
 
20:21:21 **** Incremental Build of configuration Debug for project Autonomous_Cart ****
make -j16 all 
arm-none-eabi-gcc "../Core/Src/LineSensorSystem.c" -mcpu=cortex-m4 -std=gnu11 -g3 -DDEBUG -DUSE_HAL_DRIVER -DSTM32G474xx -c -I../Core/Inc -I../Drivers/STM32G4xx_HAL_Driver/Inc -I../Drivers/STM32G4xx_HAL_Driver/Inc/Legacy -I../Drivers/CMSIS/Device/ST/STM32G4xx/Include -I../Drivers/CMSIS/Include -O0 -ffunction-sections -fdata-sections -Wall -fstack-usage -fcyclomatic-complexity -MMD -MP -MF"Core/Src/LineSensorSystem.d" -MT"Core/Src/LineSensorSystem.o" --specs=nano.specs -mfpu=fpv4-sp-d16 -mfloat-abi=hard -mthumb -o "Core/Src/LineSensorSystem.o"
arm-none-eabi-gcc -o "Autonomous_Cart.elf" @"objects.list"   -mcpu=cortex-m4 -T"C:\Users\njsne\OneDrive\Documentos\ES070\Autonomous-Cart\FIRMWARE\Autonomous_Cart\STM32G474RETX_FLASH.ld" --specs=nosys.specs -Wl,-Map="Autonomous_Cart.map" -Wl,--gc-sections -static --specs=nano.specs -mfpu=fpv4-sp-d16 -mfloat-abi=hard -mthumb -Wl,--start-group -lc -lm -Wl,--end-group
C:/ST/STM32CubeIDE_1.16.0/STM32CubeIDE/plugins/com.st.stm32cube.ide.mcu.externaltools.gnu-tools-for-stm32.12.3.rel1.win32_1.0.200.202406191623/tools/bin/../lib/gcc/arm-none-eabi/12.3.1/../../../../arm-none-eabi/bin/ld.exe: warning: Autonomous_Cart.elf has a LOAD segment with RWX permissions
Finished building target: Autonomous_Cart.elf
 
arm-none-eabi-size  Autonomous_Cart.elf 
arm-none-eabi-objdump -h -S Autonomous_Cart.elf  > "Autonomous_Cart.list"
   text	   data	    bss	    dec	    hex	filename
  30408	     20	   3348	  33776	   83f0	Autonomous_Cart.elf
Finished building: default.size.stdout
 
Finished building: Autonomous_Cart.list
 
20:21:30 **** Incremental Build of configuration Debug for project Autonomous_Cart ****
make -j16 all 
arm-none-eabi-size  Autonomous_Cart.elf 
   text	   data	    bss	    dec	    hex	filename
  30408	     20	   3348	  33776	   83f0	Autonomous_Cart.elf
Finished building: default.size.stdout
 
20:21:50 **** Incremental Build of configuration Debug for project Autonomous_Cart ****
make -j16 all 
arm-none-eabi-size  Autonomous_Cart.elf 
   text	   data	    bss	    dec	    hex	filename
  30408	     20	   3348	  33776	   83f0	Autonomous_Cart.elf
Finished building: default.size.stdout
 
