Archive member included to satisfy reference by file (symbol)

C:/ST/STM32CubeIDE_1.14.1/STM32CubeIDE/plugins/com.st.stm32cube.ide.mcu.externaltools.gnu-tools-for-stm32.11.3.rel1.win32_1.1.100.202309141235/tools/bin/../lib/gcc/arm-none-eabi/11.3.1/../../../../arm-none-eabi/lib/thumb/v7e-m+fp/hard\libc_nano.a(libc_a-atof.o)
                              ./Core/Src/ComSystem.o (atof)
C:/ST/STM32CubeIDE_1.14.1/STM32CubeIDE/plugins/com.st.stm32cube.ide.mcu.externaltools.gnu-tools-for-stm32.11.3.rel1.win32_1.1.100.202309141235/tools/bin/../lib/gcc/arm-none-eabi/11.3.1/../../../../arm-none-eabi/lib/thumb/v7e-m+fp/hard\libc_nano.a(libc_a-exit.o)
                              C:/ST/STM32CubeIDE_1.14.1/STM32CubeIDE/plugins/com.st.stm32cube.ide.mcu.externaltools.gnu-tools-for-stm32.11.3.rel1.win32_1.1.100.202309141235/tools/bin/../lib/gcc/arm-none-eabi/11.3.1/../../../../arm-none-eabi/lib/thumb/v7e-m+fp/hard/crt0.o (exit)
C:/ST/STM32CubeIDE_1.14.1/STM32CubeIDE/plugins/com.st.stm32cube.ide.mcu.externaltools.gnu-tools-for-stm32.11.3.rel1.win32_1.1.100.202309141235/tools/bin/../lib/gcc/arm-none-eabi/11.3.1/../../../../arm-none-eabi/lib/thumb/v7e-m+fp/hard\libc_nano.a(libc_a-strtod.o)
                              C:/ST/STM32CubeIDE_1.14.1/STM32CubeIDE/plugins/com.st.stm32cube.ide.mcu.externaltools.gnu-tools-for-stm32.11.3.rel1.win32_1.1.100.202309141235/tools/bin/../lib/gcc/arm-none-eabi/11.3.1/../../../../arm-none-eabi/lib/thumb/v7e-m+fp/hard\libc_nano.a(libc_a-atof.o) (strtod)
C:/ST/STM32CubeIDE_1.14.1/STM32CubeIDE/plugins/com.st.stm32cube.ide.mcu.externaltools.gnu-tools-for-stm32.11.3.rel1.win32_1.1.100.202309141235/tools/bin/../lib/gcc/arm-none-eabi/11.3.1/../../../../arm-none-eabi/lib/thumb/v7e-m+fp/hard\libc_nano.a(libc_a-findfp.o)
                              C:/ST/STM32CubeIDE_1.14.1/STM32CubeIDE/plugins/com.st.stm32cube.ide.mcu.externaltools.gnu-tools-for-stm32.11.3.rel1.win32_1.1.100.202309141235/tools/bin/../lib/gcc/arm-none-eabi/11.3.1/../../../../arm-none-eabi/lib/thumb/v7e-m+fp/hard\libc_nano.a(libc_a-exit.o) (__stdio_exit_handler)
C:/ST/STM32CubeIDE_1.14.1/STM32CubeIDE/plugins/com.st.stm32cube.ide.mcu.externaltools.gnu-tools-for-stm32.11.3.rel1.win32_1.1.100.202309141235/tools/bin/../lib/gcc/arm-none-eabi/11.3.1/../../../../arm-none-eabi/lib/thumb/v7e-m+fp/hard\libc_nano.a(libc_a-fwalk.o)
                              C:/ST/STM32CubeIDE_1.14.1/STM32CubeIDE/plugins/com.st.stm32cube.ide.mcu.externaltools.gnu-tools-for-stm32.11.3.rel1.win32_1.1.100.202309141235/tools/bin/../lib/gcc/arm-none-eabi/11.3.1/../../../../arm-none-eabi/lib/thumb/v7e-m+fp/hard\libc_nano.a(libc_a-findfp.o) (_fwalk_sglue)
C:/ST/STM32CubeIDE_1.14.1/STM32CubeIDE/plugins/com.st.stm32cube.ide.mcu.externaltools.gnu-tools-for-stm32.11.3.rel1.win32_1.1.100.202309141235/tools/bin/../lib/gcc/arm-none-eabi/11.3.1/../../../../arm-none-eabi/lib/thumb/v7e-m+fp/hard\libc_nano.a(libc_a-stdio.o)
                              C:/ST/STM32CubeIDE_1.14.1/STM32CubeIDE/plugins/com.st.stm32cube.ide.mcu.externaltools.gnu-tools-for-stm32.11.3.rel1.win32_1.1.100.202309141235/tools/bin/../lib/gcc/arm-none-eabi/11.3.1/../../../../arm-none-eabi/lib/thumb/v7e-m+fp/hard\libc_nano.a(libc_a-findfp.o) (__sread)
C:/ST/STM32CubeIDE_1.14.1/STM32CubeIDE/plugins/com.st.stm32cube.ide.mcu.externaltools.gnu-tools-for-stm32.11.3.rel1.win32_1.1.100.202309141235/tools/bin/../lib/gcc/arm-none-eabi/11.3.1/../../../../arm-none-eabi/lib/thumb/v7e-m+fp/hard\libc_nano.a(libc_a-memset.o)
                              C:/ST/STM32CubeIDE_1.14.1/STM32CubeIDE/plugins/com.st.stm32cube.ide.mcu.externaltools.gnu-tools-for-stm32.11.3.rel1.win32_1.1.100.202309141235/tools/bin/../lib/gcc/arm-none-eabi/11.3.1/../../../../arm-none-eabi/lib/thumb/v7e-m+fp/hard/crt0.o (memset)
C:/ST/STM32CubeIDE_1.14.1/STM32CubeIDE/plugins/com.st.stm32cube.ide.mcu.externaltools.gnu-tools-for-stm32.11.3.rel1.win32_1.1.100.202309141235/tools/bin/../lib/gcc/arm-none-eabi/11.3.1/../../../../arm-none-eabi/lib/thumb/v7e-m+fp/hard\libc_nano.a(libc_a-strncmp.o)
                              C:/ST/STM32CubeIDE_1.14.1/STM32CubeIDE/plugins/com.st.stm32cube.ide.mcu.externaltools.gnu-tools-for-stm32.11.3.rel1.win32_1.1.100.202309141235/tools/bin/../lib/gcc/arm-none-eabi/11.3.1/../../../../arm-none-eabi/lib/thumb/v7e-m+fp/hard\libc_nano.a(libc_a-strtod.o) (strncmp)
C:/ST/STM32CubeIDE_1.14.1/STM32CubeIDE/plugins/com.st.stm32cube.ide.mcu.externaltools.gnu-tools-for-stm32.11.3.rel1.win32_1.1.100.202309141235/tools/bin/../lib/gcc/arm-none-eabi/11.3.1/../../../../arm-none-eabi/lib/thumb/v7e-m+fp/hard\libc_nano.a(libc_a-locale.o)
                              C:/ST/STM32CubeIDE_1.14.1/STM32CubeIDE/plugins/com.st.stm32cube.ide.mcu.externaltools.gnu-tools-for-stm32.11.3.rel1.win32_1.1.100.202309141235/tools/bin/../lib/gcc/arm-none-eabi/11.3.1/../../../../arm-none-eabi/lib/thumb/v7e-m+fp/hard\libc_nano.a(libc_a-strtod.o) (__global_locale)
[...]
Memory Configuration

Name             Origin             Length             Attributes
RAM              0x0000000020000000 0x0000000000020000 xrw
FLASH            0x0000000008000000 0x0000000000080000 xr
*default*        0x0000000000000000 0xffffffffffffffff

Linker script and memory map

LOAD C:/ST/STM32CubeIDE_1.14.1/STM32CubeIDE/plugins/com.st.stm32cube.ide.mcu.externaltools.gnu-tools-for-stm32.11.3.rel1.win32_1.1.100.202309141235/tools/bin/../lib/gcc/arm-none-eabi/11.3.1/thumb/v7e-m+fp/hard/crti.o
LOAD C:/ST/STM32CubeIDE_1.14.1/STM32CubeIDE/plugins/com.st.stm32cube.ide.mcu.externaltools.gnu-tools-for-stm32.11.3.rel1.win32_1.1.100.202309141235/tools/bin/../lib/gcc/arm-none-eabi/11.3.1/thumb/v7e-m+fp/hard/crtbegin.o
LOAD C:/ST/STM32CubeIDE_1.14.1/STM32CubeIDE/plugins/com.st.stm32cube.ide.mcu.externaltools.gnu-tools-for-stm32.11.3.rel1.win32_1.1.100.202309141235/tools/bin/../lib/gcc/arm-none-eabi/11.3.1/../../../../arm-none-eabi/lib/thumb/v7e-m+fp/hard/crt0.o
LOAD ./Core/Src/ComSystem.o
LOAD ./Core/Src/LineSensorSystem.o
LOAD ./Core/Src/PowerTrainSystem.o
LOAD ./Core/Src/adc.o
LOAD ./Core/Src/dma.o
LOAD ./Core/Src/encoderSystem.o
LOAD ./Core/Src/gpio.o
LOAD ./Core/Src/i2c.o
LOAD ./Core/Src/main.o
LOAD ./Core/Src/stm32g4xx_hal_msp.o
LOAD ./Core/Src/stm32g4xx_it.o
LOAD ./Core/Src/syscalls.o
LOAD ./Core/Src/sysmem.o
LOAD ./Core/Src/system_stm32g4xx.o
LOAD ./Core/Src/tim.o
LOAD ./Core/Src/usart.o
LOAD ./Core/Startup/startup_stm32g474retx.o
LOAD ./Drivers/STM32G4xx_HAL_Driver/Src/stm32g4xx_hal.o
LOAD ./Drivers/STM32G4xx_HAL_Driver/Src/stm32g4xx_hal_adc.o
LOAD ./Drivers/STM32G4xx_HAL_Driver/Src/stm32g4xx_hal_adc_ex.o
LOAD ./Drivers/STM32G4xx_HAL_Driver/Src/stm32g4xx_hal_cortex.o
LOAD ./Drivers/STM32G4xx_HAL_Driver/Src/stm32g4xx_hal_dma.o
LOAD ./Drivers/STM32G4xx_HAL_Driver/Src/stm32g4xx_hal_dma_ex.o
LOAD ./Drivers/STM32G4xx_HAL_Driver/Src/stm32g4xx_hal_exti.o
LOAD ./Drivers/STM32G4xx_HAL_Driver/Src/stm32g4xx_hal_flash.o
LOAD ./Drivers/STM32G4xx_HAL_Driver/Src/stm32g4xx_hal_flash_ex.o
LOAD ./Drivers/STM32G4xx_HAL_Driver/Src/stm32g4xx_hal_flash_ramfunc.o
LOAD ./Drivers/STM32G4xx_HAL_Driver/Src/stm32g4xx_hal_gpio.o
LOAD ./Drivers/STM32G4xx_HAL_Driver/Src/stm32g4xx_hal_i2c.o
LOAD ./Drivers/STM32G4xx_HAL_Driver/Src/stm32g4xx_hal_i2c_ex.o
LOAD ./Drivers/STM32G4xx_HAL_Driver/Src/stm32g4xx_hal_pwr.o
LOAD ./Drivers/STM32G4xx_HAL_Driver/Src/stm32g4xx_hal_pwr_ex.o
LOAD ./Drivers/STM32G4xx_HAL_Driver/Src/stm32g4xx_hal_rcc.o
LOAD ./Drivers/STM32G4xx_HAL_Driver/Src/stm32g4xx_hal_rcc_ex.o
LOAD ./Drivers/STM32G4xx_HAL_Driver/Src/stm32g4xx_hal_tim.o
LOAD ./Drivers/STM32G4xx_HAL_Driver/Src/stm32g4xx_hal_tim_ex.o
LOAD ./Drivers/STM32G4xx_HAL_Driver/Src/stm32g4xx_hal_uart.o
LOAD ./Drivers/STM32G4xx_HAL_Driver/Src/stm32g4xx_hal_uart_ex.o
LOAD ./Drivers/STM32G4xx_HAL_Driver/Src/stm32g4xx_ll_adc.o
START GROUP
LOAD C:/ST/STM32CubeIDE_1.14.1/STM32CubeIDE/plugins/com.st.stm32cube.ide.mcu.externaltools.gnu-tools-for-stm32.11.3.rel1.win32_1.1.100.202309141235/tools/bin/../lib/gcc/arm-none-eabi/11.3.1/../../../../arm-none-eabi/lib/thumb/v7e-m+fp/hard\libc_nano.a
LOAD C:/ST/STM32CubeIDE_1.14.1/STM32CubeIDE/plugins/com.st.stm32cube.ide.mcu.externaltools.gnu-tools-for-stm32.11.3.rel1.win32_1.1.100.202309141235/tools/bin/../lib/gcc/arm-none-eabi/11.3.1/../../../../arm-none-eabi/lib/thumb/v7e-m+fp/hard\libm.a
END GROUP
START GROUP
LOAD C:/ST/STM32CubeIDE_1.14.1/STM32CubeIDE/plugins/com.st.stm32cube.ide.mcu.externaltools.gnu-tools-for-stm32.11.3.rel1.win32_1.1.100.202309141235/tools/bin/../lib/gcc/arm-none-eabi/11.3.1/thumb/v7e-m+fp/hard\libgcc.a
LOAD C:/ST/STM32CubeIDE_1.14.1/STM32CubeIDE/plugins/com.st.stm32cube.ide.mcu.externaltools.gnu-tools-for-stm32.11.3.rel1.win32_1.1.100.202309141235/tools/bin/../lib/gcc/arm-none-eabi/11.3.1/../../../../arm-none-eabi/lib/thumb/v7e-m+fp/hard\libc_nano.a
END GROUP
START GROUP
LOAD C:/ST/STM32CubeIDE_1.14.1/STM32CubeIDE/plugins/com.st.stm32cube.ide.mcu.externaltools.gnu-tools-for-stm32.11.3.rel1.win32_1.1.100.202309141235/tools/bin/../lib/gcc/arm-none-eabi/11.3.1/thumb/v7e-m+fp/hard\libgcc.a
LOAD C:/ST/STM32CubeIDE_1.14.1/STM32CubeIDE/plugins/com.st.stm32cube.ide.mcu.externaltools.gnu-tools-for-stm32.11.3.rel1.win32_1.1.100.202309141235/tools/bin/../lib/gcc/arm-none-eabi/11.3.1/../../../../arm-none-eabi/lib/thumb/v7e-m+fp/hard\libc_nano.a
LOAD C:/ST/STM32CubeIDE_1.14.1/STM32CubeIDE/plugins/com.st.stm32cube.ide.mcu.externaltools.gnu-tools-for-stm32.11.3.rel1.win32_1.1.100.202309141235/tools/bin/../lib/gcc/arm-none-eabi/11.3.1/../../../../arm-none-eabi/lib/thumb/v7e-m+fp/hard\libnosys.a
END GROUP
START GROUP
LOAD C:/ST/STM32CubeIDE_1.14.1/STM32CubeIDE/plugins/com.st.stm32cube.ide.mcu.externaltools.gnu-tools-for-stm32.11.3.rel1.win32_1.1.100.202309141235/tools/bin/../lib/gcc/arm-none-eabi/11.3.1/thumb/v7e-m+fp/hard\libgcc.a
LOAD C:/ST/STM32CubeIDE_1.14.1/STM32CubeIDE/plugins/com.st.stm32cube.ide.mcu.externaltools.gnu-tools-for-stm32.11.3.rel1.win32_1.1.100.202309141235/tools/bin/../lib/gcc/arm-none-eabi/11.3.1/../../../../arm-none-eabi/lib/thumb/v7e-m+fp/hard\libc_nano.a
LOAD C:/ST/STM32CubeIDE_1.14.1/STM32CubeIDE/plugins/com.st.stm32cube.ide.mcu.externaltools.gnu-tools-for-stm32.11.3.rel1.win32_1.1.100.202309141235/tools/bin/../lib/gcc/arm-none-eabi/11.3.1/../../../../arm-none-eabi/lib/thumb/v7e-m+fp/hard\libnosys.a
END GROUP
LOAD C:/ST/STM32CubeIDE_1.14.1/STM32CubeIDE/plugins/com.st.stm32cube.ide.mcu.externaltools.gnu-tools-for-stm32.11.3.rel1.win32_1.1.100.202309141235/tools/bin/../lib/gcc/arm-none-eabi/11.3.1/thumb/v7e-m+fp/hard/crtend.o
LOAD C:/ST/STM32CubeIDE_1.14.1/STM32CubeIDE/plugins/com.st.stm32cube.ide.mcu.externaltools.gnu-tools-for-stm32.11.3.rel1.win32_1.1.100.202309141235/tools/bin/../lib/gcc/arm-none-eabi/11.3.1/thumb/v7e-m+fp/hard/crtn.o
                0x0000000020020000                _estack = (ORIGIN (RAM) + LENGTH (RAM))
                0x0000000000000200                _Min_Heap_Size = 0x200
                0x0000000000000400                _Min_Stack_Size = 0x400

.isr_vector     0x0000000008000000      0x1d8
                0x0000000008000000                . = ALIGN (0x4)
 *(.isr_vector)
 .isr_vector    0x0000000008000000      0x1d8 ./Core/Startup/startup_stm32g474retx.o
                0x0000000008000000                g_pfnVectors
                0x00000000080001d8                . = ALIGN (0x4)

.text           0x00000000080001d8     0x76ac
                0x00000000080001d8                . = ALIGN (0x4)
 *(.text)
 .text          0x00000000080001d8       0x40 C:/ST/STM32CubeIDE_1.14.1/STM32CubeIDE/plugins/com.st.stm32cube.ide.mcu.externaltools.gnu-tools-for-stm32.11.3.rel1.win32_1.1.100.202309141235/tools/bin/../lib/gcc/arm-none-eabi/11.3.1/thumb/v7e-m+fp/hard/crtbegin.o
 .text          0x0000000008000218       0x40 C:/ST/STM32CubeIDE_1.14.1/STM32CubeIDE/plugins/com.st.stm32cube.ide.mcu.externaltools.gnu-tools-for-stm32.11.3.rel1.win32_1.1.100.202309141235/tools/bin/../lib/gcc/arm-none-eabi/11.3.1/thumb/v7e-m+fp/hard\libgcc.a(_arm_fixunsdfsi.o)
                0x0000000008000218                __aeabi_d2uiz
                0x0000000008000218                __fixunsdfsi
 .text          0x0000000008000258       0x30 C:/ST/STM32CubeIDE_1.14.1/STM32CubeIDE/plugins/com.st.stm32cube.ide.mcu.externaltools.gnu-tools-for-stm32.11.3.rel1.win32_1.1.100.202309141235/tools/bin/../lib/gcc/arm-none-eabi/11.3.1/thumb/v7e-m+fp/hard\libgcc.a(_aeabi_uldivmod.o)
                0x0000000008000258                __aeabi_uldivmod
 .text          0x0000000008000288      0x2c8 C:/ST/STM32CubeIDE_1.14.1/STM32CubeIDE/plugins/com.st.stm32cube.ide.mcu.externaltools.gnu-tools-for-stm32.11.3.rel1.win32_1.1.100.202309141235/tools/bin/../lib/gcc/arm-none-eabi/11.3.1/thumb/v7e-m+fp/hard\libgcc.a(_udivmoddi4.o)
                0x0000000008000288                __udivmoddi4
 .text          0x0000000008000550        0x4 C:/ST/STM32CubeIDE_1.14.1/STM32CubeIDE/plugins/com.st.stm32cube.ide.mcu.externaltools.gnu-tools-for-stm32.11.3.rel1.win32_1.1.100.202309141235/tools/bin/../lib/gcc/arm-none-eabi/11.3.1/thumb/v7e-m+fp/hard\libgcc.a(_dvmd_tls.o)
                0x0000000008000550                __aeabi_idiv0
                0x0000000008000550                __aeabi_ldiv0
 *(.text*)
 .text.vLineSensorSystemInit
                0x0000000008000554       0x90 ./Core/Src/LineSensorSystem.o
                0x0000000008000554                vLineSensorSystemInit
 .text.vPowerTrainSystemInit
                0x00000000080005e4       0x24 ./Core/Src/PowerTrainSystem.o
                0x00000000080005e4                vPowerTrainSystemInit
 .text.vPowerTrainSystemSetMotorDirection
                0x0000000008000608       0xac ./Core/Src/PowerTrainSystem.o
                0x0000000008000608                vPowerTrainSystemSetMotorDirection
 .text.vPowerTrainSystemSetMotorSpeed
                0x00000000080006b4       0x4c ./Core/Src/PowerTrainSystem.o
                0x00000000080006b4                vPowerTrainSystemSetMotorSpeed
 .text.MX_ADC1_Init
                0x0000000008000700       0xf0 ./Core/Src/adc.o
                0x0000000008000700                MX_ADC1_Init
 .text.MX_ADC2_Init
                0x00000000080007f0       0xec ./Core/Src/adc.o
                0x00000000080007f0                MX_ADC2_Init
 .text.MX_ADC3_Init
                0x00000000080008dc       0xf0 ./Core/Src/adc.o
                0x00000000080008dc                MX_ADC3_Init
 .text.MX_ADC4_Init
                0x00000000080009cc       0xcc ./Core/Src/adc.o
                0x00000000080009cc                MX_ADC4_Init
 .text.MX_ADC5_Init
                0x0000000008000a98       0xcc ./Core/Src/adc.o
                0x0000000008000a98                MX_ADC5_Init
 .text.HAL_ADC_MspInit
                0x0000000008000b64      0x4f8 ./Core/Src/adc.o
                0x0000000008000b64                HAL_ADC_MspInit
 .text.MX_DMA_Init
                0x000000000800105c       0xb4 ./Core/Src/dma.o
                0x000000000800105c                MX_DMA_Init
 .text.MX_GPIO_Init
                0x0000000008001110      0x1e0 ./Core/Src/gpio.o
                0x0000000008001110                MX_GPIO_Init
 .text.MX_I2C2_Init
                0x00000000080012f0       0x80 ./Core/Src/i2c.o
                0x00000000080012f0                MX_I2C2_Init
 .text.HAL_I2C_MspInit
                0x0000000008001370       0xec ./Core/Src/i2c.o
                0x0000000008001370                HAL_I2C_MspInit
 *fill*         0x000000000800145c        0x4 
 .text.main     0x0000000008001460       0xdc ./Core/Src/main.o
                0x0000000008001460                main
 .text.SystemClock_Config
                0x000000000800153c       0x96 ./Core/Src/main.o
                0x000000000800153c                SystemClock_Config
 .text.Error_Handler
                0x00000000080015d2        0xa ./Core/Src/main.o
                0x00000000080015d2                Error_Handler
 .text.HAL_MspInit
                0x00000000080015dc       0x48 ./Core/Src/stm32g4xx_hal_msp.o
                0x00000000080015dc                HAL_MspInit
 .text.NMI_Handler
                0x0000000008001624        0x6 ./Core/Src/stm32g4xx_it.o
                0x0000000008001624                NMI_Handler
 .text.HardFault_Handler
                0x000000000800162a        0x6 ./Core/Src/stm32g4xx_it.o
                0x000000000800162a                HardFault_Handler
 .text.MemManage_Handler
                0x0000000008001630        0x6 ./Core/Src/stm32g4xx_it.o
                0x0000000008001630                MemManage_Handler
 .text.BusFault_Handler
                0x0000000008001636        0x6 ./Core/Src/stm32g4xx_it.o
                0x0000000008001636                BusFault_Handler
 .text.UsageFault_Handler
                0x000000000800163c        0x6 ./Core/Src/stm32g4xx_it.o
                0x000000000800163c                UsageFault_Handler
 .text.SVC_Handler
                0x0000000008001642        0xe ./Core/Src/stm32g4xx_it.o
                0x0000000008001642                SVC_Handler
 .text.DebugMon_Handler
                0x0000000008001650        0xe ./Core/Src/stm32g4xx_it.o
                0x0000000008001650                DebugMon_Handler
 .text.PendSV_Handler
                0x000000000800165e        0xe ./Core/Src/stm32g4xx_it.o
                0x000000000800165e                PendSV_Handler
 .text.SysTick_Handler
                0x000000000800166c        0xc ./Core/Src/stm32g4xx_it.o
                0x000000000800166c                SysTick_Handler
 .text.DMA1_Channel1_IRQHandler
                0x0000000008001678       0x14 ./Core/Src/stm32g4xx_it.o
                0x0000000008001678                DMA1_Channel1_IRQHandler
 .text.DMA1_Channel2_IRQHandler
                0x000000000800168c       0x14 ./Core/Src/stm32g4xx_it.o
                0x000000000800168c                DMA1_Channel2_IRQHandler
 .text.DMA1_Channel3_IRQHandler
                0x00000000080016a0       0x14 ./Core/Src/stm32g4xx_it.o
                0x00000000080016a0                DMA1_Channel3_IRQHandler
 .text.DMA1_Channel4_IRQHandler
                0x00000000080016b4       0x14 ./Core/Src/stm32g4xx_it.o
                0x00000000080016b4                DMA1_Channel4_IRQHandler
 .text.DMA1_Channel5_IRQHandler
                0x00000000080016c8       0x14 ./Core/Src/stm32g4xx_it.o
                0x00000000080016c8                DMA1_Channel5_IRQHandler
 .text.DMA1_Channel6_IRQHandler
                0x00000000080016dc       0x14 ./Core/Src/stm32g4xx_it.o
                0x00000000080016dc                DMA1_Channel6_IRQHandler
 .text.DMA1_Channel7_IRQHandler
                0x00000000080016f0       0x14 ./Core/Src/stm32g4xx_it.o
                0x00000000080016f0                DMA1_Channel7_IRQHandler
 .text.EXTI15_10_IRQHandler
                0x0000000008001704       0x10 ./Core/Src/stm32g4xx_it.o
                0x0000000008001704                EXTI15_10_IRQHandler
 .text.SystemInit
                0x0000000008001714       0x24 ./Core/Src/system_stm32g4xx.o
                0x0000000008001714                SystemInit
 .text.MX_TIM1_Init
                0x0000000008001738      0x178 ./Core/Src/tim.o
                0x0000000008001738                MX_TIM1_Init
 .text.MX_TIM4_Init
                0x00000000080018b0       0xa0 ./Core/Src/tim.o
                0x00000000080018b0                MX_TIM4_Init
 .text.MX_TIM8_Init
                0x0000000008001950      0x128 ./Core/Src/tim.o
                0x0000000008001950                MX_TIM8_Init
 .text.MX_TIM16_Init
                0x0000000008001a78       0xf4 ./Core/Src/tim.o
                0x0000000008001a78                MX_TIM16_Init
 .text.HAL_TIM_Base_MspInit
                0x0000000008001b6c       0x90 ./Core/Src/tim.o
                0x0000000008001b6c                HAL_TIM_Base_MspInit
 .text.HAL_TIM_PWM_MspInit
                0x0000000008001bfc       0x40 ./Core/Src/tim.o
                0x0000000008001bfc                HAL_TIM_PWM_MspInit
 .text.HAL_TIM_MspPostInit
                0x0000000008001c3c      0x108 ./Core/Src/tim.o
                0x0000000008001c3c                HAL_TIM_MspPostInit
 .text.MX_LPUART1_UART_Init
                0x0000000008001d44       0x94 ./Core/Src/usart.o
                0x0000000008001d44                MX_LPUART1_UART_Init
 .text.HAL_UART_MspInit
                0x0000000008001dd8      0x168 ./Core/Src/usart.o
                0x0000000008001dd8                HAL_UART_MspInit
 .text.Reset_Handler
                0x0000000008001f40       0x50 ./Core/Startup/startup_stm32g474retx.o
                0x0000000008001f40                Reset_Handler
 .text.Default_Handler
                0x0000000008001f90        0x2 ./Core/Startup/startup_stm32g474retx.o
                0x0000000008001f90                RTC_Alarm_IRQHandler
                0x0000000008001f90                EXTI2_IRQHandler
                0x0000000008001f90                TIM8_TRG_COM_IRQHandler
                0x0000000008001f90                TIM8_CC_IRQHandler
                0x0000000008001f90                HRTIM1_Master_IRQHandler
                0x0000000008001f90                SPI4_IRQHandler
                0x0000000008001f90                FDCAN3_IT0_IRQHandler
                0x0000000008001f90                TIM1_CC_IRQHandler
                0x0000000008001f90                HRTIM1_FLT_IRQHandler
                0x0000000008001f90                HRTIM1_TIMF_IRQHandler
                0x0000000008001f90                USB_HP_IRQHandler
                0x0000000008001f90                CORDIC_IRQHandler
                0x0000000008001f90                HRTIM1_TIMD_IRQHandler
                0x0000000008001f90                DMA2_Channel8_IRQHandler
                0x0000000008001f90                EXTI3_IRQHandler
                0x0000000008001f90                I2C3_ER_IRQHandler
                0x0000000008001f90                EXTI0_IRQHandler
                0x0000000008001f90                I2C2_EV_IRQHandler
                0x0000000008001f90                FPU_IRQHandler
                0x0000000008001f90                FDCAN1_IT1_IRQHandler
                0x0000000008001f90                TIM1_UP_TIM16_IRQHandler
                0x0000000008001f90                ADC1_2_IRQHandler
                0x0000000008001f90                HRTIM1_TIME_IRQHandler
                0x0000000008001f90                SPI1_IRQHandler
                0x0000000008001f90                TIM6_DAC_IRQHandler
                0x0000000008001f90                HRTIM1_TIMC_IRQHandler
                0x0000000008001f90                TIM8_UP_IRQHandler
                0x0000000008001f90                DMA2_Channel2_IRQHandler
                0x0000000008001f90                TIM20_TRG_COM_IRQHandler
                0x0000000008001f90                USART3_IRQHandler
                0x0000000008001f90                UART5_IRQHandler
                0x0000000008001f90                ADC3_IRQHandler
                0x0000000008001f90                TIM4_IRQHandler
                0x0000000008001f90                DMA2_Channel1_IRQHandler
                0x0000000008001f90                QUADSPI_IRQHandler
                0x0000000008001f90                I2C1_EV_IRQHandler
                0x0000000008001f90                UART4_IRQHandler
                0x0000000008001f90                DMA2_Channel4_IRQHandler
                0x0000000008001f90                TIM3_IRQHandler
                0x0000000008001f90                RCC_IRQHandler
                0x0000000008001f90                TIM20_UP_IRQHandler
                0x0000000008001f90                Default_Handler
                0x0000000008001f90                DMA2_Channel7_IRQHandler
                0x0000000008001f90                RTC_TAMP_LSECSS_IRQHandler
                0x0000000008001f90                FMAC_IRQHandler
                0x0000000008001f90                DMA1_Channel8_IRQHandler
                0x0000000008001f90                HRTIM1_TIMA_IRQHandler
                0x0000000008001f90                TIM7_DAC_IRQHandler
                0x0000000008001f90                FDCAN3_IT1_IRQHandler
                0x0000000008001f90                TIM5_IRQHandler
                0x0000000008001f90                UCPD1_IRQHandler
                0x0000000008001f90                I2C3_EV_IRQHandler
                0x0000000008001f90                EXTI9_5_IRQHandler
                0x0000000008001f90                RTC_WKUP_IRQHandler
                0x0000000008001f90                PVD_PVM_IRQHandler
                0x0000000008001f90                SPI2_IRQHandler
                0x0000000008001f90                ADC5_IRQHandler
                0x0000000008001f90                DMA2_Channel5_IRQHandler
                0x0000000008001f90                CRS_IRQHandler
                0x0000000008001f90                USB_LP_IRQHandler
                0x0000000008001f90                EXTI4_IRQHandler
                0x0000000008001f90                RNG_IRQHandler
                0x0000000008001f90                HRTIM1_TIMB_IRQHandler
                0x0000000008001f90                TIM1_TRG_COM_TIM17_IRQHandler
                0x0000000008001f90                FDCAN2_IT1_IRQHandler
                0x0000000008001f90                ADC4_IRQHandler
                0x0000000008001f90                WWDG_IRQHandler
                0x0000000008001f90                I2C4_EV_IRQHandler
                0x0000000008001f90                FDCAN2_IT0_IRQHandler
                0x0000000008001f90                LPUART1_IRQHandler
                0x0000000008001f90                DMA2_Channel6_IRQHandler
                0x0000000008001f90                FDCAN1_IT0_IRQHandler
                0x0000000008001f90                TIM2_IRQHandler
                0x0000000008001f90                COMP7_IRQHandler
                0x0000000008001f90                COMP1_2_3_IRQHandler
                0x0000000008001f90                EXTI1_IRQHandler
                0x0000000008001f90                USART2_IRQHandler
                0x0000000008001f90                COMP4_5_6_IRQHandler
                0x0000000008001f90                TIM20_BRK_IRQHandler
                0x0000000008001f90                I2C2_ER_IRQHandler
                0x0000000008001f90                TIM8_BRK_IRQHandler
                0x0000000008001f90                FLASH_IRQHandler
                0x0000000008001f90                TIM20_CC_IRQHandler
                0x0000000008001f90                USART1_IRQHandler
                0x0000000008001f90                SPI3_IRQHandler
                0x0000000008001f90                I2C1_ER_IRQHandler
                0x0000000008001f90                FMC_IRQHandler
                0x0000000008001f90                LPTIM1_IRQHandler
                0x0000000008001f90                DMAMUX_OVR_IRQHandler
                0x0000000008001f90                I2C4_ER_IRQHandler
                0x0000000008001f90                USBWakeUp_IRQHandler
                0x0000000008001f90                SAI1_IRQHandler
                0x0000000008001f90                DMA2_Channel3_IRQHandler
                0x0000000008001f90                TIM1_BRK_TIM15_IRQHandler
 .text.HAL_Init
                0x0000000008001f92       0x30 ./Drivers/STM32G4xx_HAL_Driver/Src/stm32g4xx_hal.o
                0x0000000008001f92                HAL_Init
 *fill*         0x0000000008001fc2        0x2 
 .text.HAL_InitTick
                0x0000000008001fc4       0x74 ./Drivers/STM32G4xx_HAL_Driver/Src/stm32g4xx_hal.o
                0x0000000008001fc4                HAL_InitTick
 .text.HAL_IncTick
                0x0000000008002038       0x24 ./Drivers/STM32G4xx_HAL_Driver/Src/stm32g4xx_hal.o
                0x0000000008002038                HAL_IncTick
 .text.HAL_GetTick
                0x000000000800205c       0x18 ./Drivers/STM32G4xx_HAL_Driver/Src/stm32g4xx_hal.o
                0x000000000800205c                HAL_GetTick
 .text.HAL_Delay
                0x0000000008002074       0x44 ./Drivers/STM32G4xx_HAL_Driver/Src/stm32g4xx_hal.o
                0x0000000008002074                HAL_Delay
 .text.LL_ADC_SetCommonClock
                0x00000000080020b8       0x26 ./Drivers/STM32G4xx_HAL_Driver/Src/stm32g4xx_hal_adc.o
 .text.LL_ADC_SetCommonPathInternalCh
                0x00000000080020de       0x26 ./Drivers/STM32G4xx_HAL_Driver/Src/stm32g4xx_hal_adc.o
 .text.LL_ADC_GetCommonPathInternalCh
                0x0000000008002104       0x1c ./Drivers/STM32G4xx_HAL_Driver/Src/stm32g4xx_hal_adc.o
 .text.LL_ADC_SetOffset
                0x0000000008002120       0x48 ./Drivers/STM32G4xx_HAL_Driver/Src/stm32g4xx_hal_adc.o
 .text.LL_ADC_GetOffsetChannel
                0x0000000008002168       0x2c ./Drivers/STM32G4xx_HAL_Driver/Src/stm32g4xx_hal_adc.o
 .text.LL_ADC_SetOffsetState
                0x0000000008002194       0x36 ./Drivers/STM32G4xx_HAL_Driver/Src/stm32g4xx_hal_adc.o
 .text.LL_ADC_SetOffsetSign
                0x00000000080021ca       0x36 ./Drivers/STM32G4xx_HAL_Driver/Src/stm32g4xx_hal_adc.o
 .text.LL_ADC_SetOffsetSaturation
                0x0000000008002200       0x36 ./Drivers/STM32G4xx_HAL_Driver/Src/stm32g4xx_hal_adc.o
 .text.LL_ADC_SetSamplingTimeCommonConfig
                0x0000000008002236       0x26 ./Drivers/STM32G4xx_HAL_Driver/Src/stm32g4xx_hal_adc.o
 .text.LL_ADC_REG_IsTriggerSourceSWStart
                0x000000000800225c       0x26 ./Drivers/STM32G4xx_HAL_Driver/Src/stm32g4xx_hal_adc.o
 .text.LL_ADC_REG_SetSequencerRanks
                0x0000000008002282       0x58 ./Drivers/STM32G4xx_HAL_Driver/Src/stm32g4xx_hal_adc.o
 .text.LL_ADC_SetChannelSamplingTime
                0x00000000080022da       0x56 ./Drivers/STM32G4xx_HAL_Driver/Src/stm32g4xx_hal_adc.o
 .text.LL_ADC_SetChannelSingleDiff
                0x0000000008002330       0x48 ./Drivers/STM32G4xx_HAL_Driver/Src/stm32g4xx_hal_adc.o
 .text.LL_ADC_GetMultimode
                0x0000000008002378       0x1c ./Drivers/STM32G4xx_HAL_Driver/Src/stm32g4xx_hal_adc.o
 .text.LL_ADC_DisableDeepPowerDown
                0x0000000008002394       0x24 ./Drivers/STM32G4xx_HAL_Driver/Src/stm32g4xx_hal_adc.o
 .text.LL_ADC_IsDeepPowerDownEnabled
                0x00000000080023b8       0x28 ./Drivers/STM32G4xx_HAL_Driver/Src/stm32g4xx_hal_adc.o
 .text.LL_ADC_EnableInternalRegulator
                0x00000000080023e0       0x28 ./Drivers/STM32G4xx_HAL_Driver/Src/stm32g4xx_hal_adc.o
 .text.LL_ADC_IsInternalRegulatorEnabled
                0x0000000008002408       0x28 ./Drivers/STM32G4xx_HAL_Driver/Src/stm32g4xx_hal_adc.o
 .text.LL_ADC_Enable
                0x0000000008002430       0x28 ./Drivers/STM32G4xx_HAL_Driver/Src/stm32g4xx_hal_adc.o
 .text.LL_ADC_Disable
                0x0000000008002458       0x28 ./Drivers/STM32G4xx_HAL_Driver/Src/stm32g4xx_hal_adc.o
 .text.LL_ADC_IsEnabled
                0x0000000008002480       0x26 ./Drivers/STM32G4xx_HAL_Driver/Src/stm32g4xx_hal_adc.o
 .text.LL_ADC_IsDisableOngoing
                0x00000000080024a6       0x26 ./Drivers/STM32G4xx_HAL_Driver/Src/stm32g4xx_hal_adc.o
 .text.LL_ADC_REG_StartConversion
                0x00000000080024cc       0x28 ./Drivers/STM32G4xx_HAL_Driver/Src/stm32g4xx_hal_adc.o
 .text.LL_ADC_REG_IsConversionOngoing
                0x00000000080024f4       0x26 ./Drivers/STM32G4xx_HAL_Driver/Src/stm32g4xx_hal_adc.o
 .text.LL_ADC_INJ_IsConversionOngoing
                0x000000000800251a       0x26 ./Drivers/STM32G4xx_HAL_Driver/Src/stm32g4xx_hal_adc.o
 .text.HAL_ADC_Init
                0x0000000008002540      0x378 ./Drivers/STM32G4xx_HAL_Driver/Src/stm32g4xx_hal_adc.o
                0x0000000008002540                HAL_ADC_Init
 .text.HAL_ADC_Start_DMA
                0x00000000080028b8      0x1a8 ./Drivers/STM32G4xx_HAL_Driver/Src/stm32g4xx_hal_adc.o
                0x00000000080028b8                HAL_ADC_Start_DMA
 .text.HAL_ADC_ConvCpltCallback
                0x0000000008002a60       0x14 ./Drivers/STM32G4xx_HAL_Driver/Src/stm32g4xx_hal_adc.o
                0x0000000008002a60                HAL_ADC_ConvCpltCallback
 .text.HAL_ADC_ConvHalfCpltCallback
                0x0000000008002a74       0x14 ./Drivers/STM32G4xx_HAL_Driver/Src/stm32g4xx_hal_adc.o
                0x0000000008002a74                HAL_ADC_ConvHalfCpltCallback
 .text.HAL_ADC_ErrorCallback
                0x0000000008002a88       0x14 ./Drivers/STM32G4xx_HAL_Driver/Src/stm32g4xx_hal_adc.o
                0x0000000008002a88                HAL_ADC_ErrorCallback
 .text.HAL_ADC_ConfigChannel
                0x0000000008002a9c      0x880 ./Drivers/STM32G4xx_HAL_Driver/Src/stm32g4xx_hal_adc.o
                0x0000000008002a9c                HAL_ADC_ConfigChannel
 .text.ADC_Enable
                0x000000000800331c      0x12c ./Drivers/STM32G4xx_HAL_Driver/Src/stm32g4xx_hal_adc.o
                0x000000000800331c                ADC_Enable
 .text.ADC_Disable
                0x0000000008003448       0xbe ./Drivers/STM32G4xx_HAL_Driver/Src/stm32g4xx_hal_adc.o
                0x0000000008003448                ADC_Disable
 .text.ADC_DMAConvCplt
                0x0000000008003506       0xd8 ./Drivers/STM32G4xx_HAL_Driver/Src/stm32g4xx_hal_adc.o
                0x0000000008003506                ADC_DMAConvCplt
 .text.ADC_DMAHalfConvCplt
                0x00000000080035de       0x1c ./Drivers/STM32G4xx_HAL_Driver/Src/stm32g4xx_hal_adc.o
                0x00000000080035de                ADC_DMAHalfConvCplt
 .text.ADC_DMAError
                0x00000000080035fa       0x34 ./Drivers/STM32G4xx_HAL_Driver/Src/stm32g4xx_hal_adc.o
                0x00000000080035fa                ADC_DMAError
 .text.LL_ADC_IsEnabled
                0x000000000800362e       0x26 ./Drivers/STM32G4xx_HAL_Driver/Src/stm32g4xx_hal_adc_ex.o
 .text.LL_ADC_StartCalibration
                0x0000000008003654       0x32 ./Drivers/STM32G4xx_HAL_Driver/Src/stm32g4xx_hal_adc_ex.o
 .text.LL_ADC_IsCalibrationOnGoing
                0x0000000008003686       0x28 ./Drivers/STM32G4xx_HAL_Driver/Src/stm32g4xx_hal_adc_ex.o
 .text.LL_ADC_REG_IsConversionOngoing
                0x00000000080036ae       0x26 ./Drivers/STM32G4xx_HAL_Driver/Src/stm32g4xx_hal_adc_ex.o
 .text.HAL_ADCEx_Calibration_Start
                0x00000000080036d4       0xc4 ./Drivers/STM32G4xx_HAL_Driver/Src/stm32g4xx_hal_adc_ex.o
                0x00000000080036d4                HAL_ADCEx_Calibration_Start
 .text.HAL_ADCEx_MultiModeConfigChannel
                0x0000000008003798      0x210 ./Drivers/STM32G4xx_HAL_Driver/Src/stm32g4xx_hal_adc_ex.o
                0x0000000008003798                HAL_ADCEx_MultiModeConfigChannel
 .text.__NVIC_SetPriorityGrouping
                0x00000000080039a8       0x48 ./Drivers/STM32G4xx_HAL_Driver/Src/stm32g4xx_hal_cortex.o
 .text.__NVIC_GetPriorityGrouping
                0x00000000080039f0       0x1c ./Drivers/STM32G4xx_HAL_Driver/Src/stm32g4xx_hal_cortex.o
 .text.__NVIC_EnableIRQ
                0x0000000008003a0c       0x3c ./Drivers/STM32G4xx_HAL_Driver/Src/stm32g4xx_hal_cortex.o
 .text.__NVIC_SetPriority
                0x0000000008003a48       0x54 ./Drivers/STM32G4xx_HAL_Driver/Src/stm32g4xx_hal_cortex.o
 .text.NVIC_EncodePriority
                0x0000000008003a9c       0x66 ./Drivers/STM32G4xx_HAL_Driver/Src/stm32g4xx_hal_cortex.o
 *fill*         0x0000000008003b02        0x2 
 .text.SysTick_Config
                0x0000000008003b04       0x44 ./Drivers/STM32G4xx_HAL_Driver/Src/stm32g4xx_hal_cortex.o
 .text.HAL_NVIC_SetPriorityGrouping
                0x0000000008003b48       0x16 ./Drivers/STM32G4xx_HAL_Driver/Src/stm32g4xx_hal_cortex.o
                0x0000000008003b48                HAL_NVIC_SetPriorityGrouping
 .text.HAL_NVIC_SetPriority
                0x0000000008003b5e       0x34 ./Drivers/STM32G4xx_HAL_Driver/Src/stm32g4xx_hal_cortex.o
                0x0000000008003b5e                HAL_NVIC_SetPriority
 .text.HAL_NVIC_EnableIRQ
                0x0000000008003b92       0x1c ./Drivers/STM32G4xx_HAL_Driver/Src/stm32g4xx_hal_cortex.o
                0x0000000008003b92                HAL_NVIC_EnableIRQ
 .text.HAL_SYSTICK_Config
                0x0000000008003bae       0x18 ./Drivers/STM32G4xx_HAL_Driver/Src/stm32g4xx_hal_cortex.o
                0x0000000008003bae                HAL_SYSTICK_Config
 *fill*         0x0000000008003bc6        0x2 
 .text.HAL_DMA_Init
                0x0000000008003bc8      0x150 ./Drivers/STM32G4xx_HAL_Driver/Src/stm32g4xx_hal_dma.o
                0x0000000008003bc8                HAL_DMA_Init
 .text.HAL_DMA_Start_IT
                0x0000000008003d18       0xf6 ./Drivers/STM32G4xx_HAL_Driver/Src/stm32g4xx_hal_dma.o
                0x0000000008003d18                HAL_DMA_Start_IT
 .text.HAL_DMA_IRQHandler
                0x0000000008003e0e      0x15e ./Drivers/STM32G4xx_HAL_Driver/Src/stm32g4xx_hal_dma.o
                0x0000000008003e0e                HAL_DMA_IRQHandler
 .text.DMA_SetConfig
                0x0000000008003f6c       0x7c ./Drivers/STM32G4xx_HAL_Driver/Src/stm32g4xx_hal_dma.o
 .text.DMA_CalcDMAMUXChannelBaseAndMask
                0x0000000008003fe8       0x7c ./Drivers/STM32G4xx_HAL_Driver/Src/stm32g4xx_hal_dma.o
 .text.DMA_CalcDMAMUXRequestGenBaseAndMask
                0x0000000008004064       0x48 ./Drivers/STM32G4xx_HAL_Driver/Src/stm32g4xx_hal_dma.o
 .text.HAL_GPIO_Init
                0x00000000080040ac      0x304 ./Drivers/STM32G4xx_HAL_Driver/Src/stm32g4xx_hal_gpio.o
                0x00000000080040ac                HAL_GPIO_Init
 .text.HAL_GPIO_WritePin
                0x00000000080043b0       0x30 ./Drivers/STM32G4xx_HAL_Driver/Src/stm32g4xx_hal_gpio.o
                0x00000000080043b0                HAL_GPIO_WritePin
 .text.HAL_GPIO_EXTI_IRQHandler
                0x00000000080043e0       0x30 ./Drivers/STM32G4xx_HAL_Driver/Src/stm32g4xx_hal_gpio.o
                0x00000000080043e0                HAL_GPIO_EXTI_IRQHandler
 .text.HAL_GPIO_EXTI_Callback
                0x0000000008004410       0x16 ./Drivers/STM32G4xx_HAL_Driver/Src/stm32g4xx_hal_gpio.o
                0x0000000008004410                HAL_GPIO_EXTI_Callback
 .text.HAL_I2C_Init
                0x0000000008004426      0x136 ./Drivers/STM32G4xx_HAL_Driver/Src/stm32g4xx_hal_i2c.o
                0x0000000008004426                HAL_I2C_Init
 .text.HAL_I2CEx_ConfigAnalogFilter
                0x000000000800455c       0x96 ./Drivers/STM32G4xx_HAL_Driver/Src/stm32g4xx_hal_i2c_ex.o
                0x000000000800455c                HAL_I2CEx_ConfigAnalogFilter
 .text.HAL_I2CEx_ConfigDigitalFilter
                0x00000000080045f2       0x98 ./Drivers/STM32G4xx_HAL_Driver/Src/stm32g4xx_hal_i2c_ex.o
                0x00000000080045f2                HAL_I2CEx_ConfigDigitalFilter
 *fill*         0x000000000800468a        0x2 
 .text.HAL_PWREx_ControlVoltageScaling
                0x000000000800468c      0x148 ./Drivers/STM32G4xx_HAL_Driver/Src/stm32g4xx_hal_pwr_ex.o
                0x000000000800468c                HAL_PWREx_ControlVoltageScaling
 .text.HAL_PWREx_DisableUCPDDeadBattery
                0x00000000080047d4       0x20 ./Drivers/STM32G4xx_HAL_Driver/Src/stm32g4xx_hal_pwr_ex.o
                0x00000000080047d4                HAL_PWREx_DisableUCPDDeadBattery
 .text.HAL_RCC_OscConfig
                0x00000000080047f4      0x624 ./Drivers/STM32G4xx_HAL_Driver/Src/stm32g4xx_hal_rcc.o
                0x00000000080047f4                HAL_RCC_OscConfig
 .text.HAL_RCC_ClockConfig
                0x0000000008004e18      0x278 ./Drivers/STM32G4xx_HAL_Driver/Src/stm32g4xx_hal_rcc.o
                0x0000000008004e18                HAL_RCC_ClockConfig
 .text.HAL_RCC_GetSysClockFreq
                0x0000000008005090       0xc4 ./Drivers/STM32G4xx_HAL_Driver/Src/stm32g4xx_hal_rcc.o
                0x0000000008005090                HAL_RCC_GetSysClockFreq
 .text.HAL_RCC_GetHCLKFreq
                0x0000000008005154       0x18 ./Drivers/STM32G4xx_HAL_Driver/Src/stm32g4xx_hal_rcc.o
                0x0000000008005154                HAL_RCC_GetHCLKFreq
 .text.HAL_RCC_GetPCLK1Freq
                0x000000000800516c       0x2c ./Drivers/STM32G4xx_HAL_Driver/Src/stm32g4xx_hal_rcc.o
                0x000000000800516c                HAL_RCC_GetPCLK1Freq
 .text.HAL_RCC_GetPCLK2Freq
                0x0000000008005198       0x2c ./Drivers/STM32G4xx_HAL_Driver/Src/stm32g4xx_hal_rcc.o
                0x0000000008005198                HAL_RCC_GetPCLK2Freq
 .text.RCC_GetSysClockFreqFromPLLSource
                0x00000000080051c4       0x8c ./Drivers/STM32G4xx_HAL_Driver/Src/stm32g4xx_hal_rcc.o
 .text.HAL_RCCEx_PeriphCLKConfig
                0x0000000008005250      0x49c ./Drivers/STM32G4xx_HAL_Driver/Src/stm32g4xx_hal_rcc_ex.o
                0x0000000008005250                HAL_RCCEx_PeriphCLKConfig
 .text.HAL_TIM_Base_Init
                0x00000000080056ec       0xae ./Drivers/STM32G4xx_HAL_Driver/Src/stm32g4xx_hal_tim.o
                0x00000000080056ec                HAL_TIM_Base_Init
 *fill*         0x000000000800579a        0x2 
 .text.HAL_TIM_Base_Start
                0x000000000800579c       0xe0 ./Drivers/STM32G4xx_HAL_Driver/Src/stm32g4xx_hal_tim.o
                0x000000000800579c                HAL_TIM_Base_Start
 .text.HAL_TIM_PWM_Init
                0x000000000800587c       0xae ./Drivers/STM32G4xx_HAL_Driver/Src/stm32g4xx_hal_tim.o
                0x000000000800587c                HAL_TIM_PWM_Init
 *fill*         0x000000000800592a        0x2 
 .text.HAL_TIM_PWM_Start
                0x000000000800592c      0x224 ./Drivers/STM32G4xx_HAL_Driver/Src/stm32g4xx_hal_tim.o
                0x000000000800592c                HAL_TIM_PWM_Start
 .text.HAL_TIM_PWM_ConfigChannel
                0x0000000008005b50      0x228 ./Drivers/STM32G4xx_HAL_Driver/Src/stm32g4xx_hal_tim.o
                0x0000000008005b50                HAL_TIM_PWM_ConfigChannel
 .text.HAL_TIM_ConfigClockSource
                0x0000000008005d78      0x22c ./Drivers/STM32G4xx_HAL_Driver/Src/stm32g4xx_hal_tim.o
                0x0000000008005d78                HAL_TIM_ConfigClockSource
 .text.TIM_Base_SetConfig
                0x0000000008005fa4      0x168 ./Drivers/STM32G4xx_HAL_Driver/Src/stm32g4xx_hal_tim.o
                0x0000000008005fa4                TIM_Base_SetConfig
 .text.TIM_OC1_SetConfig
                0x000000000800610c      0x134 ./Drivers/STM32G4xx_HAL_Driver/Src/stm32g4xx_hal_tim.o
 .text.TIM_OC2_SetConfig
                0x0000000008006240      0x128 ./Drivers/STM32G4xx_HAL_Driver/Src/stm32g4xx_hal_tim.o
                0x0000000008006240                TIM_OC2_SetConfig
 .text.TIM_OC3_SetConfig
                0x0000000008006368      0x124 ./Drivers/STM32G4xx_HAL_Driver/Src/stm32g4xx_hal_tim.o
 .text.TIM_OC4_SetConfig
                0x000000000800648c      0x128 ./Drivers/STM32G4xx_HAL_Driver/Src/stm32g4xx_hal_tim.o
 .text.TIM_OC5_SetConfig
                0x00000000080065b4       0xd4 ./Drivers/STM32G4xx_HAL_Driver/Src/stm32g4xx_hal_tim.o
 .text.TIM_OC6_SetConfig
                0x0000000008006688       0xd8 ./Drivers/STM32G4xx_HAL_Driver/Src/stm32g4xx_hal_tim.o
 .text.TIM_TI1_ConfigInputStage
                0x0000000008006760       0x5e ./Drivers/STM32G4xx_HAL_Driver/Src/stm32g4xx_hal_tim.o
 .text.TIM_TI2_ConfigInputStage
                0x00000000080067be       0x60 ./Drivers/STM32G4xx_HAL_Driver/Src/stm32g4xx_hal_tim.o
 .text.TIM_ITRx_SetConfig
                0x000000000800681e       0x3a ./Drivers/STM32G4xx_HAL_Driver/Src/stm32g4xx_hal_tim.o
 .text.TIM_ETR_SetConfig
                0x0000000008006858       0x40 ./Drivers/STM32G4xx_HAL_Driver/Src/stm32g4xx_hal_tim.o
                0x0000000008006858                TIM_ETR_SetConfig
 .text.TIM_CCxChannelCmd
                0x0000000008006898       0x4a ./Drivers/STM32G4xx_HAL_Driver/Src/stm32g4xx_hal_tim.o
                0x0000000008006898                TIM_CCxChannelCmd
 *fill*         0x00000000080068e2        0x2 
 .text.HAL_TIMEx_MasterConfigSynchronization
                0x00000000080068e4      0x12c ./Drivers/STM32G4xx_HAL_Driver/Src/stm32g4xx_hal_tim_ex.o
                0x00000000080068e4                HAL_TIMEx_MasterConfigSynchronization
 .text.HAL_TIMEx_ConfigBreakDeadTime
                0x0000000008006a10      0x128 ./Drivers/STM32G4xx_HAL_Driver/Src/stm32g4xx_hal_tim_ex.o
                0x0000000008006a10                HAL_TIMEx_ConfigBreakDeadTime
 .text.HAL_UART_Init
                0x0000000008006b38       0xa0 ./Drivers/STM32G4xx_HAL_Driver/Src/stm32g4xx_hal_uart.o
                0x0000000008006b38                HAL_UART_Init
 .text.UART_SetConfig
                0x0000000008006bd8      0x5f8 ./Drivers/STM32G4xx_HAL_Driver/Src/stm32g4xx_hal_uart.o
                0x0000000008006bd8                UART_SetConfig
 .text.UART_AdvFeatureConfig
                0x00000000080071d0      0x144 ./Drivers/STM32G4xx_HAL_Driver/Src/stm32g4xx_hal_uart.o
                0x00000000080071d0                UART_AdvFeatureConfig
 .text.UART_CheckIdleState
                0x0000000008007314      0x154 ./Drivers/STM32G4xx_HAL_Driver/Src/stm32g4xx_hal_uart.o
                0x0000000008007314                UART_CheckIdleState
 .text.UART_WaitOnFlagUntilTimeout
                0x0000000008007468       0xda ./Drivers/STM32G4xx_HAL_Driver/Src/stm32g4xx_hal_uart.o
                0x0000000008007468                UART_WaitOnFlagUntilTimeout
 .text.UART_EndRxTransfer
                0x0000000008007542       0xcc ./Drivers/STM32G4xx_HAL_Driver/Src/stm32g4xx_hal_uart.o
 .text.HAL_UARTEx_DisableFifoMode
                0x000000000800760e       0x72 ./Drivers/STM32G4xx_HAL_Driver/Src/stm32g4xx_hal_uart_ex.o
                0x000000000800760e                HAL_UARTEx_DisableFifoMode
 .text.HAL_UARTEx_SetTxFifoThreshold
                0x0000000008007680       0x7c ./Drivers/STM32G4xx_HAL_Driver/Src/stm32g4xx_hal_uart_ex.o
                0x0000000008007680                HAL_UARTEx_SetTxFifoThreshold
 .text.HAL_UARTEx_SetRxFifoThreshold
                0x00000000080076fc       0x7c ./Drivers/STM32G4xx_HAL_Driver/Src/stm32g4xx_hal_uart_ex.o
                0x00000000080076fc                HAL_UARTEx_SetRxFifoThreshold
 .text.UARTEx_SetNbDataToProcess
                0x0000000008007778       0x9c ./Drivers/STM32G4xx_HAL_Driver/Src/stm32g4xx_hal_uart_ex.o
 .text.memset   0x0000000008007814       0x10 C:/ST/STM32CubeIDE_1.14.1/STM32CubeIDE/plugins/com.st.stm32cube.ide.mcu.externaltools.gnu-tools-for-stm32.11.3.rel1.win32_1.1.100.202309141235/tools/bin/../lib/gcc/arm-none-eabi/11.3.1/../../../../arm-none-eabi/lib/thumb/v7e-m+fp/hard\libc_nano.a(libc_a-memset.o)
                0x0000000008007814                memset
 .text.__libc_init_array
                0x0000000008007824       0x48 C:/ST/STM32CubeIDE_1.14.1/STM32CubeIDE/plugins/com.st.stm32cube.ide.mcu.externaltools.gnu-tools-for-stm32.11.3.rel1.win32_1.1.100.202309141235/tools/bin/../lib/gcc/arm-none-eabi/11.3.1/../../../../arm-none-eabi/lib/thumb/v7e-m+fp/hard\libc_nano.a(libc_a-init.o)
                0x0000000008007824                __libc_init_array
 *(.glue_7)
 .glue_7        0x000000000800786c        0x0 linker stubs
 *(.glue_7t)
 .glue_7t       0x000000000800786c        0x0 linker stubs
 *(.eh_frame)
 .eh_frame      0x000000000800786c        0x0 C:/ST/STM32CubeIDE_1.14.1/STM32CubeIDE/plugins/com.st.stm32cube.ide.mcu.externaltools.gnu-tools-for-stm32.11.3.rel1.win32_1.1.100.202309141235/tools/bin/../lib/gcc/arm-none-eabi/11.3.1/thumb/v7e-m+fp/hard/crtbegin.o
 *(.init)
 .init          0x000000000800786c        0x4 C:/ST/STM32CubeIDE_1.14.1/STM32CubeIDE/plugins/com.st.stm32cube.ide.mcu.externaltools.gnu-tools-for-stm32.11.3.rel1.win32_1.1.100.202309141235/tools/bin/../lib/gcc/arm-none-eabi/11.3.1/thumb/v7e-m+fp/hard/crti.o
                0x000000000800786c                _init
 .init          0x0000000008007870        0x8 C:/ST/STM32CubeIDE_1.14.1/STM32CubeIDE/plugins/com.st.stm32cube.ide.mcu.externaltools.gnu-tools-for-stm32.11.3.rel1.win32_1.1.100.202309141235/tools/bin/../lib/gcc/arm-none-eabi/11.3.1/thumb/v7e-m+fp/hard/crtn.o
 *(.fini)
 .fini          0x0000000008007878        0x4 C:/ST/STM32CubeIDE_1.14.1/STM32CubeIDE/plugins/com.st.stm32cube.ide.mcu.externaltools.gnu-tools-for-stm32.11.3.rel1.win32_1.1.100.202309141235/tools/bin/../lib/gcc/arm-none-eabi/11.3.1/thumb/v7e-m+fp/hard/crti.o
                0x0000000008007878                _fini
 .fini          0x000000000800787c        0x8 C:/ST/STM32CubeIDE_1.14.1/STM32CubeIDE/plugins/com.st.stm32cube.ide.mcu.externaltools.gnu-tools-for-stm32.11.3.rel1.win32_1.1.100.202309141235/tools/bin/../lib/gcc/arm-none-eabi/11.3.1/thumb/v7e-m+fp/hard/crtn.o
                0x0000000008007884                . = ALIGN (0x4)
                0x0000000008007884                _etext = .

.vfp11_veneer   0x0000000008007884        0x0
 .vfp11_veneer  0x0000000008007884        0x0 linker stubs

.v4_bx          0x0000000008007884        0x0
 .v4_bx         0x0000000008007884        0x0 linker stubs

.iplt           0x0000000008007884        0x0
 .iplt          0x0000000008007884        0x0 C:/ST/STM32CubeIDE_1.14.1/STM32CubeIDE/plugins/com.st.stm32cube.ide.mcu.externaltools.gnu-tools-for-stm32.11.3.rel1.win32_1.1.100.202309141235/tools/bin/../lib/gcc/arm-none-eabi/11.3.1/thumb/v7e-m+fp/hard/crtbegin.o

.rodata         0x0000000008007884       0x40
                0x0000000008007884                . = ALIGN (0x4)
 *(.rodata)
 *(.rodata*)
 .rodata.AHBPrescTable
                0x0000000008007884       0x10 ./Core/Src/system_stm32g4xx.o
                0x0000000008007884                AHBPrescTable
 .rodata.APBPrescTable
                0x0000000008007894        0x8 ./Core/Src/system_stm32g4xx.o
                0x0000000008007894                APBPrescTable
 .rodata.UARTPrescTable
                0x000000000800789c       0x18 ./Drivers/STM32G4xx_HAL_Driver/Src/stm32g4xx_hal_uart.o
                0x000000000800789c                UARTPrescTable
 .rodata.numerator.1
                0x00000000080078b4        0x8 ./Drivers/STM32G4xx_HAL_Driver/Src/stm32g4xx_hal_uart_ex.o
 .rodata.denominator.0
                0x00000000080078bc        0x8 ./Drivers/STM32G4xx_HAL_Driver/Src/stm32g4xx_hal_uart_ex.o
                0x00000000080078c4                . = ALIGN (0x4)

.ARM.extab      0x00000000080078c4        0x0
                0x00000000080078c4                . = ALIGN (0x4)
 *(.ARM.extab* .gnu.linkonce.armextab.*)
                0x00000000080078c4                . = ALIGN (0x4)

.ARM            0x00000000080078c4        0x8
                0x00000000080078c4                . = ALIGN (0x4)
                0x00000000080078c4                __exidx_start = .
 *(.ARM.exidx*)
 .ARM.exidx     0x00000000080078c4        0x8 C:/ST/STM32CubeIDE_1.14.1/STM32CubeIDE/plugins/com.st.stm32cube.ide.mcu.externaltools.gnu-tools-for-stm32.11.3.rel1.win32_1.1.100.202309141235/tools/bin/../lib/gcc/arm-none-eabi/11.3.1/thumb/v7e-m+fp/hard\libgcc.a(_udivmoddi4.o)
                0x00000000080078cc                __exidx_end = .
                0x00000000080078cc                . = ALIGN (0x4)

.rel.dyn        0x00000000080078cc        0x0
 .rel.iplt      0x00000000080078cc        0x0 C:/ST/STM32CubeIDE_1.14.1/STM32CubeIDE/plugins/com.st.stm32cube.ide.mcu.externaltools.gnu-tools-for-stm32.11.3.rel1.win32_1.1.100.202309141235/tools/bin/../lib/gcc/arm-none-eabi/11.3.1/thumb/v7e-m+fp/hard/crtbegin.o

.preinit_array  0x00000000080078cc        0x0
                0x00000000080078cc                . = ALIGN (0x4)
                0x00000000080078cc                PROVIDE (__preinit_array_start = .)
 *(.preinit_array*)
                0x00000000080078cc                PROVIDE (__preinit_array_end = .)
                0x00000000080078cc                . = ALIGN (0x4)

.init_array     0x00000000080078cc        0x4
                0x00000000080078cc                . = ALIGN (0x4)
                0x00000000080078cc                PROVIDE (__init_array_start = .)
 *(SORT_BY_NAME(.init_array.*))
 *(.init_array*)
 .init_array    0x00000000080078cc        0x4 C:/ST/STM32CubeIDE_1.14.1/STM32CubeIDE/plugins/com.st.stm32cube.ide.mcu.externaltools.gnu-tools-for-stm32.11.3.rel1.win32_1.1.100.202309141235/tools/bin/../lib/gcc/arm-none-eabi/11.3.1/thumb/v7e-m+fp/hard/crtbegin.o
                0x00000000080078d0                PROVIDE (__init_array_end = .)
                0x00000000080078d0                . = ALIGN (0x4)

.fini_array     0x00000000080078d0        0x4
                0x00000000080078d0                . = ALIGN (0x4)
                [!provide]                        PROVIDE (__fini_array_start = .)
 *(SORT_BY_NAME(.fini_array.*))
 *(.fini_array*)
 .fini_array    0x00000000080078d0        0x4 C:/ST/STM32CubeIDE_1.14.1/STM32CubeIDE/plugins/com.st.stm32cube.ide.mcu.externaltools.gnu-tools-for-stm32.11.3.rel1.win32_1.1.100.202309141235/tools/bin/../lib/gcc/arm-none-eabi/11.3.1/thumb/v7e-m+fp/hard/crtbegin.o
                [!provide]                        PROVIDE (__fini_array_end = .)
                0x00000000080078d4                . = ALIGN (0x4)
                0x00000000080078d4                _sidata = LOADADDR (.data)

.data           0x0000000020000000        0xc load address 0x00000000080078d4
                0x0000000020000000                . = ALIGN (0x4)
                0x0000000020000000                _sdata = .
 *(.data)
 *(.data*)
 .data.SystemCoreClock
                0x0000000020000000        0x4 ./Core/Src/system_stm32g4xx.o
                0x0000000020000000                SystemCoreClock
 .data.uwTickPrio
                0x0000000020000004        0x4 ./Drivers/STM32G4xx_HAL_Driver/Src/stm32g4xx_hal.o
                0x0000000020000004                uwTickPrio
 .data.uwTickFreq
                0x0000000020000008        0x4 ./Drivers/STM32G4xx_HAL_Driver/Src/stm32g4xx_hal.o
                0x0000000020000008                uwTickFreq
 *(.RamFunc)
 *(.RamFunc*)
                0x000000002000000c                . = ALIGN (0x4)
                0x000000002000000c                _edata = .

.igot.plt       0x000000002000000c        0x0 load address 0x00000000080078e0
 .igot.plt      0x000000002000000c        0x0 C:/ST/STM32CubeIDE_1.14.1/STM32CubeIDE/plugins/com.st.stm32cube.ide.mcu.externaltools.gnu-tools-for-stm32.11.3.rel1.win32_1.1.100.202309141235/tools/bin/../lib/gcc/arm-none-eabi/11.3.1/thumb/v7e-m+fp/hard/crtbegin.o
                0x000000002000000c                . = ALIGN (0x4)

.bss            0x000000002000000c      0x710 load address 0x00000000080078e0
                0x000000002000000c                _sbss = .
                0x000000002000000c                __bss_start__ = _sbss
 *(.bss)
 .bss           0x000000002000000c       0x1c C:/ST/STM32CubeIDE_1.14.1/STM32CubeIDE/plugins/com.st.stm32cube.ide.mcu.externaltools.gnu-tools-for-stm32.11.3.rel1.win32_1.1.100.202309141235/tools/bin/../lib/gcc/arm-none-eabi/11.3.1/thumb/v7e-m+fp/hard/crtbegin.o
 *(.bss*)
 .bss.hadc1     0x0000000020000028       0x6c ./Core/Src/adc.o
                0x0000000020000028                hadc1
 .bss.hadc2     0x0000000020000094       0x6c ./Core/Src/adc.o
                0x0000000020000094                hadc2
 .bss.hadc3     0x0000000020000100       0x6c ./Core/Src/adc.o
                0x0000000020000100                hadc3
 .bss.hadc4     0x000000002000016c       0x6c ./Core/Src/adc.o
                0x000000002000016c                hadc4
 .bss.hadc5     0x00000000200001d8       0x6c ./Core/Src/adc.o
                0x00000000200001d8                hadc5
 .bss.hdma_adc1
                0x0000000020000244       0x60 ./Core/Src/adc.o
                0x0000000020000244                hdma_adc1
 .bss.hdma_adc2
                0x00000000200002a4       0x60 ./Core/Src/adc.o
                0x00000000200002a4                hdma_adc2
 .bss.hdma_adc3
                0x0000000020000304       0x60 ./Core/Src/adc.o
                0x0000000020000304                hdma_adc3
 .bss.hdma_adc4
                0x0000000020000364       0x60 ./Core/Src/adc.o
                0x0000000020000364                hdma_adc4
 .bss.hdma_adc5
                0x00000000200003c4       0x60 ./Core/Src/adc.o
                0x00000000200003c4                hdma_adc5
 .bss.HAL_RCC_ADC12_CLK_ENABLED
                0x0000000020000424        0x4 ./Core/Src/adc.o
 .bss.HAL_RCC_ADC345_CLK_ENABLED
                0x0000000020000428        0x4 ./Core/Src/adc.o
 .bss.hi2c2     0x000000002000042c       0x54 ./Core/Src/i2c.o
                0x000000002000042c                hi2c2
 .bss.pLineSensorsReadings
                0x0000000020000480       0x14 ./Core/Src/main.o
                0x0000000020000480                pLineSensorsReadings
 .bss.htim1     0x0000000020000494       0x4c ./Core/Src/tim.o
                0x0000000020000494                htim1
 .bss.htim4     0x00000000200004e0       0x4c ./Core/Src/tim.o
                0x00000000200004e0                htim4
 .bss.htim8     0x000000002000052c       0x4c ./Core/Src/tim.o
                0x000000002000052c                htim8
 .bss.htim16    0x0000000020000578       0x4c ./Core/Src/tim.o
                0x0000000020000578                htim16
 .bss.hlpuart1  0x00000000200005c4       0x94 ./Core/Src/usart.o
                0x00000000200005c4                hlpuart1
 .bss.hdma_lpuart1_rx
                0x0000000020000658       0x60 ./Core/Src/usart.o
                0x0000000020000658                hdma_lpuart1_rx
 .bss.hdma_lpuart1_tx
                0x00000000200006b8       0x60 ./Core/Src/usart.o
                0x00000000200006b8                hdma_lpuart1_tx
 .bss.uwTick    0x0000000020000718        0x4 ./Drivers/STM32G4xx_HAL_Driver/Src/stm32g4xx_hal.o
                0x0000000020000718                uwTick
 *(COMMON)
                0x000000002000071c                . = ALIGN (0x4)
                0x000000002000071c                _ebss = .
                0x000000002000071c                __bss_end__ = _ebss

._user_heap_stack
                0x000000002000071c      0x604 load address 0x00000000080078e0
                0x0000000020000720                . = ALIGN (0x8)
 *fill*         0x000000002000071c        0x4 
                [!provide]                        PROVIDE (end = .)
                0x0000000020000720                PROVIDE (_end = .)
                0x0000000020000920                . = (. + _Min_Heap_Size)
 *fill*         0x0000000020000720      0x200 
                0x0000000020000d20                . = (. + _Min_Stack_Size)
 *fill*         0x0000000020000920      0x400 
                0x0000000020000d20                . = ALIGN (0x8)

/DISCARD/
 libc.a(*)
 libm.a(*)
 libgcc.a(*)

.ARM.attributes
                0x0000000000000000       0x30
 *(.ARM.attributes)
 .ARM.attributes
                0x0000000000000000       0x1e C:/ST/STM32CubeIDE_1.14.1/STM32CubeIDE/plugins/com.st.stm32cube.ide.mcu.externaltools.gnu-tools-for-stm32.11.3.rel1.win32_1.1.100.202309141235/tools/bin/../lib/gcc/arm-none-eabi/11.3.1/thumb/v7e-m+fp/hard/crti.o
 .ARM.attributes
                0x000000000000001e       0x34 C:/ST/STM32CubeIDE_1.14.1/STM32CubeIDE/plugins/com.st.stm32cube.ide.mcu.externaltools.gnu-tools-for-stm32.11.3.rel1.win32_1.1.100.202309141235/tools/bin/../lib/gcc/arm-none-eabi/11.3.1/thumb/v7e-m+fp/hard/crtbegin.o
 .ARM.attributes
                0x0000000000000052       0x34 ./Core/Src/LineSensorSystem.o
 .ARM.attributes
                0x0000000000000086       0x34 ./Core/Src/PowerTrainSystem.o
 .ARM.attributes
                0x00000000000000ba       0x34 ./Core/Src/adc.o
 .ARM.attributes
                0x00000000000000ee       0x34 ./Core/Src/dma.o
 .ARM.attributes
                0x0000000000000122       0x34 ./Core/Src/gpio.o
 .ARM.attributes
                0x0000000000000156       0x34 ./Core/Src/i2c.o
 .ARM.attributes
                0x000000000000018a       0x34 ./Core/Src/main.o
 .ARM.attributes
                0x00000000000001be       0x34 ./Core/Src/stm32g4xx_hal_msp.o
 .ARM.attributes
                0x00000000000001f2       0x34 ./Core/Src/stm32g4xx_it.o
 .ARM.attributes
                0x0000000000000226       0x34 ./Core/Src/system_stm32g4xx.o
 .ARM.attributes
                0x000000000000025a       0x34 ./Core/Src/tim.o
 .ARM.attributes
                0x000000000000028e       0x34 ./Core/Src/usart.o
 .ARM.attributes
                0x00000000000002c2       0x21 ./Core/Startup/startup_stm32g474retx.o
 .ARM.attributes
                0x00000000000002e3       0x34 ./Drivers/STM32G4xx_HAL_Driver/Src/stm32g4xx_hal.o
 .ARM.attributes
                0x0000000000000317       0x34 ./Drivers/STM32G4xx_HAL_Driver/Src/stm32g4xx_hal_adc.o
 .ARM.attributes
                0x000000000000034b       0x34 ./Drivers/STM32G4xx_HAL_Driver/Src/stm32g4xx_hal_adc_ex.o
 .ARM.attributes
                0x000000000000037f       0x34 ./Drivers/STM32G4xx_HAL_Driver/Src/stm32g4xx_hal_cortex.o
 .ARM.attributes
                0x00000000000003b3       0x34 ./Drivers/STM32G4xx_HAL_Driver/Src/stm32g4xx_hal_dma.o
 .ARM.attributes
                0x00000000000003e7       0x34 ./Drivers/STM32G4xx_HAL_Driver/Src/stm32g4xx_hal_gpio.o
 .ARM.attributes
                0x000000000000041b       0x34 ./Drivers/STM32G4xx_HAL_Driver/Src/stm32g4xx_hal_i2c.o
 .ARM.attributes
                0x000000000000044f       0x34 ./Drivers/STM32G4xx_HAL_Driver/Src/stm32g4xx_hal_i2c_ex.o
 .ARM.attributes
                0x0000000000000483       0x34 ./Drivers/STM32G4xx_HAL_Driver/Src/stm32g4xx_hal_pwr_ex.o
 .ARM.attributes
                0x00000000000004b7       0x34 ./Drivers/STM32G4xx_HAL_Driver/Src/stm32g4xx_hal_rcc.o
 .ARM.attributes
                0x00000000000004eb       0x34 ./Drivers/STM32G4xx_HAL_Driver/Src/stm32g4xx_hal_rcc_ex.o
 .ARM.attributes
                0x000000000000051f       0x34 ./Drivers/STM32G4xx_HAL_Driver/Src/stm32g4xx_hal_tim.o
 .ARM.attributes
                0x0000000000000553       0x34 ./Drivers/STM32G4xx_HAL_Driver/Src/stm32g4xx_hal_tim_ex.o
 .ARM.attributes
                0x0000000000000587       0x34 ./Drivers/STM32G4xx_HAL_Driver/Src/stm32g4xx_hal_uart.o
 .ARM.attributes
                0x00000000000005bb       0x34 ./Drivers/STM32G4xx_HAL_Driver/Src/stm32g4xx_hal_uart_ex.o
 .ARM.attributes
                0x00000000000005ef       0x34 C:/ST/STM32CubeIDE_1.14.1/STM32CubeIDE/plugins/com.st.stm32cube.ide.mcu.externaltools.gnu-tools-for-stm32.11.3.rel1.win32_1.1.100.202309141235/tools/bin/../lib/gcc/arm-none-eabi/11.3.1/../../../../arm-none-eabi/lib/thumb/v7e-m+fp/hard\libc_nano.a(libc_a-memset.o)
 .ARM.attributes
                0x0000000000000623       0x34 C:/ST/STM32CubeIDE_1.14.1/STM32CubeIDE/plugins/com.st.stm32cube.ide.mcu.externaltools.gnu-tools-for-stm32.11.3.rel1.win32_1.1.100.202309141235/tools/bin/../lib/gcc/arm-none-eabi/11.3.1/../../../../arm-none-eabi/lib/thumb/v7e-m+fp/hard\libc_nano.a(libc_a-init.o)
 .ARM.attributes
                0x0000000000000657       0x1e C:/ST/STM32CubeIDE_1.14.1/STM32CubeIDE/plugins/com.st.stm32cube.ide.mcu.externaltools.gnu-tools-for-stm32.11.3.rel1.win32_1.1.100.202309141235/tools/bin/../lib/gcc/arm-none-eabi/11.3.1/thumb/v7e-m+fp/hard\libgcc.a(_arm_fixunsdfsi.o)
 .ARM.attributes
                0x0000000000000675       0x1e C:/ST/STM32CubeIDE_1.14.1/STM32CubeIDE/plugins/com.st.stm32cube.ide.mcu.externaltools.gnu-tools-for-stm32.11.3.rel1.win32_1.1.100.202309141235/tools/bin/../lib/gcc/arm-none-eabi/11.3.1/thumb/v7e-m+fp/hard\libgcc.a(_aeabi_uldivmod.o)
 .ARM.attributes
                0x0000000000000693       0x34 C:/ST/STM32CubeIDE_1.14.1/STM32CubeIDE/plugins/com.st.stm32cube.ide.mcu.externaltools.gnu-tools-for-stm32.11.3.rel1.win32_1.1.100.202309141235/tools/bin/../lib/gcc/arm-none-eabi/11.3.1/thumb/v7e-m+fp/hard\libgcc.a(_udivmoddi4.o)
 .ARM.attributes
                0x00000000000006c7       0x1e C:/ST/STM32CubeIDE_1.14.1/STM32CubeIDE/plugins/com.st.stm32cube.ide.mcu.externaltools.gnu-tools-for-stm32.11.3.rel1.win32_1.1.100.202309141235/tools/bin/../lib/gcc/arm-none-eabi/11.3.1/thumb/v7e-m+fp/hard\libgcc.a(_dvmd_tls.o)
 .ARM.attributes
                0x00000000000006e5       0x1e C:/ST/STM32CubeIDE_1.14.1/STM32CubeIDE/plugins/com.st.stm32cube.ide.mcu.externaltools.gnu-tools-for-stm32.11.3.rel1.win32_1.1.100.202309141235/tools/bin/../lib/gcc/arm-none-eabi/11.3.1/thumb/v7e-m+fp/hard/crtn.o
OUTPUT(Autonomous_Cart.elf elf32-littlearm)
LOAD linker stubs
LOAD C:/ST/STM32CubeIDE_1.14.1/STM32CubeIDE/plugins/com.st.stm32cube.ide.mcu.externaltools.gnu-tools-for-stm32.11.3.rel1.win32_1.1.100.202309141235/tools/bin/../lib/gcc/arm-none-eabi/11.3.1/../../../../arm-none-eabi/lib/thumb/v7e-m+fp/hard\libc.a
LOAD C:/ST/STM32CubeIDE_1.14.1/STM32CubeIDE/plugins/com.st.stm32cube.ide.mcu.externaltools.gnu-tools-for-stm32.11.3.rel1.win32_1.1.100.202309141235/tools/bin/../lib/gcc/arm-none-eabi/11.3.1/../../../../arm-none-eabi/lib/thumb/v7e-m+fp/hard\libm.a
LOAD C:/ST/STM32CubeIDE_1.14.1/STM32CubeIDE/plugins/com.st.stm32cube.ide.mcu.externaltools.gnu-tools-for-stm32.11.3.rel1.win32_1.1.100.202309141235/tools/bin/../lib/gcc/arm-none-eabi/11.3.1/thumb/v7e-m+fp/hard\libgcc.a

.comment        0x0000000000000000       0x43
 .comment       0x0000000000000000       0x43 C:/ST/STM32CubeIDE_1.14.1/STM32CubeIDE/plugins/com.st.stm32cube.ide.mcu.externaltools.gnu-tools-for-stm32.11.3.rel1.win32_1.1.100.202309141235/tools/bin/../lib/gcc/arm-none-eabi/11.3.1/thumb/v7e-m+fp/hard/crtbegin.o
                                         0x44 (size before relaxing)
 .comment       0x0000000000000043       0x44 ./Core/Src/LineSensorSystem.o
 .comment       0x0000000000000043       0x44 ./Core/Src/PowerTrainSystem.o
 .comment       0x0000000000000043       0x44 ./Core/Src/adc.o
 .comment       0x0000000000000043       0x44 ./Core/Src/dma.o
 .comment       0x0000000000000043       0x44 ./Core/Src/gpio.o
 .comment       0x0000000000000043       0x44 ./Core/Src/i2c.o
 .comment       0x0000000000000043       0x44 ./Core/Src/main.o
 .comment       0x0000000000000043       0x44 ./Core/Src/stm32g4xx_hal_msp.o
 .comment       0x0000000000000043       0x44 ./Core/Src/stm32g4xx_it.o
 .comment       0x0000000000000043       0x44 ./Core/Src/system_stm32g4xx.o
 .comment       0x0000000000000043       0x44 ./Core/Src/tim.o
 .comment       0x0000000000000043       0x44 ./Core/Src/usart.o
 .comment       0x0000000000000043       0x44 ./Drivers/STM32G4xx_HAL_Driver/Src/stm32g4xx_hal.o
 .comment       0x0000000000000043       0x44 ./Drivers/STM32G4xx_HAL_Driver/Src/stm32g4xx_hal_adc.o
 .comment       0x0000000000000043       0x44 ./Drivers/STM32G4xx_HAL_Driver/Src/stm32g4xx_hal_adc_ex.o
 .comment       0x0000000000000043       0x44 ./Drivers/STM32G4xx_HAL_Driver/Src/stm32g4xx_hal_cortex.o
 .comment       0x0000000000000043       0x44 ./Drivers/STM32G4xx_HAL_Driver/Src/stm32g4xx_hal_dma.o
 .comment       0x0000000000000043       0x44 ./Drivers/STM32G4xx_HAL_Driver/Src/stm32g4xx_hal_gpio.o
 .comment       0x0000000000000043       0x44 ./Drivers/STM32G4xx_HAL_Driver/Src/stm32g4xx_hal_i2c.o
 .comment       0x0000000000000043       0x44 ./Drivers/STM32G4xx_HAL_Driver/Src/stm32g4xx_hal_i2c_ex.o
 .comment       0x0000000000000043       0x44 ./Drivers/STM32G4xx_HAL_Driver/Src/stm32g4xx_hal_pwr_ex.o
 .comment       0x0000000000000043       0x44 ./Drivers/STM32G4xx_HAL_Driver/Src/stm32g4xx_hal_rcc.o
 .comment       0x0000000000000043       0x44 ./Drivers/STM32G4xx_HAL_Driver/Src/stm32g4xx_hal_rcc_ex.o
 .comment       0x0000000000000043       0x44 ./Drivers/STM32G4xx_HAL_Driver/Src/stm32g4xx_hal_tim.o
 .comment       0x0000000000000043       0x44 ./Drivers/STM32G4xx_HAL_Driver/Src/stm32g4xx_hal_tim_ex.o
 .comment       0x0000000000000043       0x44 ./Drivers/STM32G4xx_HAL_Driver/Src/stm32g4xx_hal_uart.o
 .comment       0x0000000000000043       0x44 ./Drivers/STM32G4xx_HAL_Driver/Src/stm32g4xx_hal_uart_ex.o

.debug_info     0x0000000000000000    0x1c60b
 .debug_info    0x0000000000000000      0x8dc ./Core/Src/LineSensorSystem.o
 .debug_info    0x00000000000008dc      0x9f6 ./Core/Src/PowerTrainSystem.o
 .debug_info    0x00000000000012d2     0x11d4 ./Core/Src/adc.o
 .debug_info    0x00000000000024a6      0x5ac ./Core/Src/dma.o
 .debug_info    0x0000000000002a52      0x792 ./Core/Src/gpio.o
 .debug_info    0x00000000000031e4      0xcc0 ./Core/Src/i2c.o
 .debug_info    0x0000000000003ea4      0x3e2 ./Core/Src/main.o
 .debug_info    0x0000000000004286      0x2da ./Core/Src/stm32g4xx_hal_msp.o
 .debug_info    0x0000000000004560      0x54b ./Core/Src/stm32g4xx_it.o
 .debug_info    0x0000000000004aab      0x58e ./Core/Src/system_stm32g4xx.o
 .debug_info    0x0000000000005039     0x10e2 ./Core/Src/tim.o
 .debug_info    0x000000000000611b      0xdef ./Core/Src/usart.o
 .debug_info    0x0000000000006f0a       0x23 ./Core/Startup/startup_stm32g474retx.o
 .debug_info    0x0000000000006f2d      0xb95 ./Drivers/STM32G4xx_HAL_Driver/Src/stm32g4xx_hal.o
 .debug_info    0x0000000000007ac2     0x2063 ./Drivers/STM32G4xx_HAL_Driver/Src/stm32g4xx_hal_adc.o
 .debug_info    0x0000000000009b25     0x1d80 ./Drivers/STM32G4xx_HAL_Driver/Src/stm32g4xx_hal_adc_ex.o
 .debug_info    0x000000000000b8a5      0xdad ./Drivers/STM32G4xx_HAL_Driver/Src/stm32g4xx_hal_cortex.o
 .debug_info    0x000000000000c652      0x85f ./Drivers/STM32G4xx_HAL_Driver/Src/stm32g4xx_hal_dma.o
 .debug_info    0x000000000000ceb1      0x763 ./Drivers/STM32G4xx_HAL_Driver/Src/stm32g4xx_hal_gpio.o
 .debug_info    0x000000000000d614     0x21db ./Drivers/STM32G4xx_HAL_Driver/Src/stm32g4xx_hal_i2c.o
 .debug_info    0x000000000000f7ef      0xad6 ./Drivers/STM32G4xx_HAL_Driver/Src/stm32g4xx_hal_i2c_ex.o
 .debug_info    0x00000000000102c5      0x93f ./Drivers/STM32G4xx_HAL_Driver/Src/stm32g4xx_hal_pwr_ex.o
 .debug_info    0x0000000000010c04      0xbe0 ./Drivers/STM32G4xx_HAL_Driver/Src/stm32g4xx_hal_rcc.o
 .debug_info    0x00000000000117e4      0xc45 ./Drivers/STM32G4xx_HAL_Driver/Src/stm32g4xx_hal_rcc_ex.o
 .debug_info    0x0000000000012429     0x2c52 ./Drivers/STM32G4xx_HAL_Driver/Src/stm32g4xx_hal_tim.o
 .debug_info    0x000000000001507b     0x1d95 ./Drivers/STM32G4xx_HAL_Driver/Src/stm32g4xx_hal_tim_ex.o
 .debug_info    0x0000000000016e10     0x481e ./Drivers/STM32G4xx_HAL_Driver/Src/stm32g4xx_hal_uart.o
 .debug_info    0x000000000001b62e      0xfdd ./Drivers/STM32G4xx_HAL_Driver/Src/stm32g4xx_hal_uart_ex.o

.debug_abbrev   0x0000000000000000     0x39a3
 .debug_abbrev  0x0000000000000000      0x172 ./Core/Src/LineSensorSystem.o
 .debug_abbrev  0x0000000000000172      0x1d7 ./Core/Src/PowerTrainSystem.o
 .debug_abbrev  0x0000000000000349      0x239 ./Core/Src/adc.o
 .debug_abbrev  0x0000000000000582      0x109 ./Core/Src/dma.o
 .debug_abbrev  0x000000000000068b      0x15b ./Core/Src/gpio.o
 .debug_abbrev  0x00000000000007e6      0x213 ./Core/Src/i2c.o
 .debug_abbrev  0x00000000000009f9      0x1ce ./Core/Src/main.o
 .debug_abbrev  0x0000000000000bc7       0xd9 ./Core/Src/stm32g4xx_hal_msp.o
 .debug_abbrev  0x0000000000000ca0      0x187 ./Core/Src/stm32g4xx_it.o
 .debug_abbrev  0x0000000000000e27      0x11a ./Core/Src/system_stm32g4xx.o
 .debug_abbrev  0x0000000000000f41      0x286 ./Core/Src/tim.o
 .debug_abbrev  0x00000000000011c7      0x222 ./Core/Src/usart.o
 .debug_abbrev  0x00000000000013e9       0x12 ./Core/Startup/startup_stm32g474retx.o
 .debug_abbrev  0x00000000000013fb      0x271 ./Drivers/STM32G4xx_HAL_Driver/Src/stm32g4xx_hal.o
 .debug_abbrev  0x000000000000166c      0x2d3 ./Drivers/STM32G4xx_HAL_Driver/Src/stm32g4xx_hal_adc.o
 .debug_abbrev  0x000000000000193f      0x2ee ./Drivers/STM32G4xx_HAL_Driver/Src/stm32g4xx_hal_adc_ex.o
 .debug_abbrev  0x0000000000001c2d      0x31c ./Drivers/STM32G4xx_HAL_Driver/Src/stm32g4xx_hal_cortex.o
 .debug_abbrev  0x0000000000001f49      0x1e2 ./Drivers/STM32G4xx_HAL_Driver/Src/stm32g4xx_hal_dma.o
 .debug_abbrev  0x000000000000212b      0x1cb ./Drivers/STM32G4xx_HAL_Driver/Src/stm32g4xx_hal_gpio.o
 .debug_abbrev  0x00000000000022f6      0x25e ./Drivers/STM32G4xx_HAL_Driver/Src/stm32g4xx_hal_i2c.o
 .debug_abbrev  0x0000000000002554      0x1c0 ./Drivers/STM32G4xx_HAL_Driver/Src/stm32g4xx_hal_i2c_ex.o
 .debug_abbrev  0x0000000000002714      0x22c ./Drivers/STM32G4xx_HAL_Driver/Src/stm32g4xx_hal_pwr_ex.o
 .debug_abbrev  0x0000000000002940      0x2c9 ./Drivers/STM32G4xx_HAL_Driver/Src/stm32g4xx_hal_rcc.o
 .debug_abbrev  0x0000000000002c09      0x258 ./Drivers/STM32G4xx_HAL_Driver/Src/stm32g4xx_hal_rcc_ex.o
 .debug_abbrev  0x0000000000002e61      0x2a7 ./Drivers/STM32G4xx_HAL_Driver/Src/stm32g4xx_hal_tim.o
 .debug_abbrev  0x0000000000003108      0x2c5 ./Drivers/STM32G4xx_HAL_Driver/Src/stm32g4xx_hal_tim_ex.o
 .debug_abbrev  0x00000000000033cd      0x304 ./Drivers/STM32G4xx_HAL_Driver/Src/stm32g4xx_hal_uart.o
 .debug_abbrev  0x00000000000036d1      0x2d2 ./Drivers/STM32G4xx_HAL_Driver/Src/stm32g4xx_hal_uart_ex.o

.debug_aranges  0x0000000000000000     0x18b0
 .debug_aranges
                0x0000000000000000       0x20 ./Core/Src/LineSensorSystem.o
 .debug_aranges
                0x0000000000000020       0x30 ./Core/Src/PowerTrainSystem.o
 .debug_aranges
                0x0000000000000050       0x50 ./Core/Src/adc.o
 .debug_aranges
                0x00000000000000a0       0x20 ./Core/Src/dma.o
 .debug_aranges
                0x00000000000000c0       0x20 ./Core/Src/gpio.o
 .debug_aranges
                0x00000000000000e0       0x30 ./Core/Src/i2c.o
 .debug_aranges
                0x0000000000000110       0x30 ./Core/Src/main.o
 .debug_aranges
                0x0000000000000140       0x20 ./Core/Src/stm32g4xx_hal_msp.o
 .debug_aranges
                0x0000000000000160       0xa0 ./Core/Src/stm32g4xx_it.o
 .debug_aranges
                0x0000000000000200       0x28 ./Core/Src/system_stm32g4xx.o
 .debug_aranges
                0x0000000000000228       0x60 ./Core/Src/tim.o
 .debug_aranges
                0x0000000000000288       0x30 ./Core/Src/usart.o
 .debug_aranges
                0x00000000000002b8       0x28 ./Core/Startup/startup_stm32g474retx.o
 .debug_aranges
                0x00000000000002e0      0x148 ./Drivers/STM32G4xx_HAL_Driver/Src/stm32g4xx_hal.o
 .debug_aranges
                0x0000000000000428      0x248 ./Drivers/STM32G4xx_HAL_Driver/Src/stm32g4xx_hal_adc.o
 .debug_aranges
                0x0000000000000670      0x1c0 ./Drivers/STM32G4xx_HAL_Driver/Src/stm32g4xx_hal_adc_ex.o
 .debug_aranges
                0x0000000000000830      0x118 ./Drivers/STM32G4xx_HAL_Driver/Src/stm32g4xx_hal_cortex.o
 .debug_aranges
                0x0000000000000948       0x90 ./Drivers/STM32G4xx_HAL_Driver/Src/stm32g4xx_hal_dma.o
 .debug_aranges
                0x00000000000009d8       0x58 ./Drivers/STM32G4xx_HAL_Driver/Src/stm32g4xx_hal_gpio.o
 .debug_aranges
                0x0000000000000a30      0x2a0 ./Drivers/STM32G4xx_HAL_Driver/Src/stm32g4xx_hal_i2c.o
 .debug_aranges
                0x0000000000000cd0       0x48 ./Drivers/STM32G4xx_HAL_Driver/Src/stm32g4xx_hal_i2c_ex.o
 .debug_aranges
                0x0000000000000d18      0x140 ./Drivers/STM32G4xx_HAL_Driver/Src/stm32g4xx_hal_pwr_ex.o
 .debug_aranges
                0x0000000000000e58       0x98 ./Drivers/STM32G4xx_HAL_Driver/Src/stm32g4xx_hal_rcc.o
 .debug_aranges
                0x0000000000000ef0       0xb0 ./Drivers/STM32G4xx_HAL_Driver/Src/stm32g4xx_hal_rcc_ex.o
 .debug_aranges
                0x0000000000000fa0      0x3e0 ./Drivers/STM32G4xx_HAL_Driver/Src/stm32g4xx_hal_tim.o
 .debug_aranges
                0x0000000000001380      0x240 ./Drivers/STM32G4xx_HAL_Driver/Src/stm32g4xx_hal_tim_ex.o
 .debug_aranges
                0x00000000000015c0      0x248 ./Drivers/STM32G4xx_HAL_Driver/Src/stm32g4xx_hal_uart.o
 .debug_aranges
                0x0000000000001808       0xa8 ./Drivers/STM32G4xx_HAL_Driver/Src/stm32g4xx_hal_uart_ex.o

.debug_rnglists
                0x0000000000000000     0x133e
 .debug_rnglists
                0x0000000000000000       0x14 ./Core/Src/LineSensorSystem.o
 .debug_rnglists
                0x0000000000000014       0x20 ./Core/Src/PowerTrainSystem.o
 .debug_rnglists
                0x0000000000000034       0x3e ./Core/Src/adc.o
 .debug_rnglists
                0x0000000000000072       0x14 ./Core/Src/dma.o
 .debug_rnglists
                0x0000000000000086       0x14 ./Core/Src/gpio.o
 .debug_rnglists
                0x000000000000009a       0x21 ./Core/Src/i2c.o
 .debug_rnglists
                0x00000000000000bb       0x21 ./Core/Src/main.o
 .debug_rnglists
                0x00000000000000dc       0x13 ./Core/Src/stm32g4xx_hal_msp.o
 .debug_rnglists
                0x00000000000000ef       0x73 ./Core/Src/stm32g4xx_it.o
 .debug_rnglists
                0x0000000000000162       0x1a ./Core/Src/system_stm32g4xx.o
 .debug_rnglists
                0x000000000000017c       0x49 ./Core/Src/tim.o
 .debug_rnglists
                0x00000000000001c5       0x21 ./Core/Src/usart.o
 .debug_rnglists
                0x00000000000001e6       0x19 ./Core/Startup/startup_stm32g474retx.o
 .debug_rnglists
                0x00000000000001ff       0xf1 ./Drivers/STM32G4xx_HAL_Driver/Src/stm32g4xx_hal.o
 .debug_rnglists
                0x00000000000002f0      0x1c0 ./Drivers/STM32G4xx_HAL_Driver/Src/stm32g4xx_hal_adc.o
 .debug_rnglists
                0x00000000000004b0      0x15a ./Drivers/STM32G4xx_HAL_Driver/Src/stm32g4xx_hal_adc_ex.o
 .debug_rnglists
                0x000000000000060a       0xce ./Drivers/STM32G4xx_HAL_Driver/Src/stm32g4xx_hal_cortex.o
 .debug_rnglists
                0x00000000000006d8       0x71 ./Drivers/STM32G4xx_HAL_Driver/Src/stm32g4xx_hal_dma.o
 .debug_rnglists
                0x0000000000000749       0x3f ./Drivers/STM32G4xx_HAL_Driver/Src/stm32g4xx_hal_gpio.o
 .debug_rnglists
                0x0000000000000788      0x228 ./Drivers/STM32G4xx_HAL_Driver/Src/stm32g4xx_hal_i2c.o
 .debug_rnglists
                0x00000000000009b0       0x35 ./Drivers/STM32G4xx_HAL_Driver/Src/stm32g4xx_hal_i2c_ex.o
 .debug_rnglists
                0x00000000000009e5       0xf1 ./Drivers/STM32G4xx_HAL_Driver/Src/stm32g4xx_hal_pwr_ex.o
 .debug_rnglists
                0x0000000000000ad6       0x74 ./Drivers/STM32G4xx_HAL_Driver/Src/stm32g4xx_hal_rcc.o
 .debug_rnglists
                0x0000000000000b4a       0x87 ./Drivers/STM32G4xx_HAL_Driver/Src/stm32g4xx_hal_rcc_ex.o
 .debug_rnglists
                0x0000000000000bd1      0x328 ./Drivers/STM32G4xx_HAL_Driver/Src/stm32g4xx_hal_tim.o
 .debug_rnglists
                0x0000000000000ef9      0x1cc ./Drivers/STM32G4xx_HAL_Driver/Src/stm32g4xx_hal_tim_ex.o
 .debug_rnglists
                0x00000000000010c5      0x1fa ./Drivers/STM32G4xx_HAL_Driver/Src/stm32g4xx_hal_uart.o
 .debug_rnglists
                0x00000000000012bf       0x7f ./Drivers/STM32G4xx_HAL_Driver/Src/stm32g4xx_hal_uart_ex.o

.debug_macro    0x0000000000000000     0x3cb5
 .debug_macro   0x0000000000000000      0x255 ./Core/Src/LineSensorSystem.o
 .debug_macro   0x0000000000000255      0x1cd ./Core/Src/LineSensorSystem.o
 .debug_macro   0x0000000000000422      0x23f ./Core/Src/PowerTrainSystem.o
 .debug_macro   0x0000000000000661      0x223 ./Core/Src/adc.o
 .debug_macro   0x0000000000000884      0x223 ./Core/Src/dma.o
 .debug_macro   0x0000000000000aa7      0x223 ./Core/Src/gpio.o
 .debug_macro   0x0000000000000cca      0x223 ./Core/Src/i2c.o
 .debug_macro   0x0000000000000eed      0x281 ./Core/Src/main.o
 .debug_macro   0x000000000000116e      0x219 ./Core/Src/stm32g4xx_hal_msp.o
 .debug_macro   0x0000000000001387      0x223 ./Core/Src/stm32g4xx_it.o
 .debug_macro   0x00000000000015aa      0x20a ./Core/Src/system_stm32g4xx.o
 .debug_macro   0x00000000000017b4      0x223 ./Core/Src/tim.o
 .debug_macro   0x00000000000019d7      0x223 ./Core/Src/usart.o
 .debug_macro   0x0000000000001bfa      0x258 ./Drivers/STM32G4xx_HAL_Driver/Src/stm32g4xx_hal.o
 .debug_macro   0x0000000000001e52      0x227 ./Drivers/STM32G4xx_HAL_Driver/Src/stm32g4xx_hal_adc.o
 .debug_macro   0x0000000000002079      0x216 ./Drivers/STM32G4xx_HAL_Driver/Src/stm32g4xx_hal_adc_ex.o
 .debug_macro   0x000000000000228f      0x20a ./Drivers/STM32G4xx_HAL_Driver/Src/stm32g4xx_hal_cortex.o
 .debug_macro   0x0000000000002499      0x20a ./Drivers/STM32G4xx_HAL_Driver/Src/stm32g4xx_hal_dma.o
 .debug_macro   0x00000000000026a3      0x211 ./Drivers/STM32G4xx_HAL_Driver/Src/stm32g4xx_hal_gpio.o
 .debug_macro   0x00000000000028b4      0x2d6 ./Drivers/STM32G4xx_HAL_Driver/Src/stm32g4xx_hal_i2c.o
 .debug_macro   0x0000000000002b8a      0x20a ./Drivers/STM32G4xx_HAL_Driver/Src/stm32g4xx_hal_i2c_ex.o
 .debug_macro   0x0000000000002d94      0x234 ./Drivers/STM32G4xx_HAL_Driver/Src/stm32g4xx_hal_pwr_ex.o
 .debug_macro   0x0000000000002fc8      0x24c ./Drivers/STM32G4xx_HAL_Driver/Src/stm32g4xx_hal_rcc.o
 .debug_macro   0x0000000000003214      0x234 ./Drivers/STM32G4xx_HAL_Driver/Src/stm32g4xx_hal_rcc_ex.o
 .debug_macro   0x0000000000003448      0x212 ./Drivers/STM32G4xx_HAL_Driver/Src/stm32g4xx_hal_tim.o
 .debug_macro   0x000000000000365a      0x210 ./Drivers/STM32G4xx_HAL_Driver/Src/stm32g4xx_hal_tim_ex.o
 .debug_macro   0x000000000000386a      0x235 ./Drivers/STM32G4xx_HAL_Driver/Src/stm32g4xx_hal_uart.o
 .debug_macro   0x0000000000003a9f      0x216 ./Drivers/STM32G4xx_HAL_Driver/Src/stm32g4xx_hal_uart_ex.o

.debug_line     0x0000000000000000    0x202c0
 .debug_line    0x0000000000000000      0x810 ./Core/Src/LineSensorSystem.o
 .debug_line    0x0000000000000810      0x868 ./Core/Src/PowerTrainSystem.o
 .debug_line    0x0000000000001078      0xc68 ./Core/Src/adc.o
 .debug_line    0x0000000000001ce0      0x7ea ./Core/Src/dma.o
 .debug_line    0x00000000000024ca      0x860 ./Core/Src/gpio.o
 .debug_line    0x0000000000002d2a      0x883 ./Core/Src/i2c.o
 .debug_line    0x00000000000035ad      0x92c ./Core/Src/main.o
 .debug_line    0x0000000000003ed9      0x7e3 ./Core/Src/stm32g4xx_hal_msp.o
 .debug_line    0x00000000000046bc      0x964 ./Core/Src/stm32g4xx_it.o
 .debug_line    0x0000000000005020      0x84b ./Core/Src/system_stm32g4xx.o
 .debug_line    0x000000000000586b      0xb03 ./Core/Src/tim.o
 .debug_line    0x000000000000636e      0x8ca ./Core/Src/usart.o
 .debug_line    0x0000000000006c38       0x7b ./Core/Startup/startup_stm32g474retx.o
 .debug_line    0x0000000000006cb3      0xc0a ./Drivers/STM32G4xx_HAL_Driver/Src/stm32g4xx_hal.o
 .debug_line    0x00000000000078bd     0x231f ./Drivers/STM32G4xx_HAL_Driver/Src/stm32g4xx_hal_adc.o
 .debug_line    0x0000000000009bdc     0x1cc1 ./Drivers/STM32G4xx_HAL_Driver/Src/stm32g4xx_hal_adc_ex.o
 .debug_line    0x000000000000b89d      0xd75 ./Drivers/STM32G4xx_HAL_Driver/Src/stm32g4xx_hal_cortex.o
 .debug_line    0x000000000000c612      0xf2e ./Drivers/STM32G4xx_HAL_Driver/Src/stm32g4xx_hal_dma.o
 .debug_line    0x000000000000d540      0xc05 ./Drivers/STM32G4xx_HAL_Driver/Src/stm32g4xx_hal_gpio.o
 .debug_line    0x000000000000e145     0x3a1a ./Drivers/STM32G4xx_HAL_Driver/Src/stm32g4xx_hal_i2c.o
 .debug_line    0x0000000000011b5f      0x9ff ./Drivers/STM32G4xx_HAL_Driver/Src/stm32g4xx_hal_i2c_ex.o
 .debug_line    0x000000000001255e      0xd79 ./Drivers/STM32G4xx_HAL_Driver/Src/stm32g4xx_hal_pwr_ex.o
 .debug_line    0x00000000000132d7      0xfd2 ./Drivers/STM32G4xx_HAL_Driver/Src/stm32g4xx_hal_rcc.o
 .debug_line    0x00000000000142a9     0x12e5 ./Drivers/STM32G4xx_HAL_Driver/Src/stm32g4xx_hal_rcc_ex.o
 .debug_line    0x000000000001558e     0x40a6 ./Drivers/STM32G4xx_HAL_Driver/Src/stm32g4xx_hal_tim.o
 .debug_line    0x0000000000019634     0x220d ./Drivers/STM32G4xx_HAL_Driver/Src/stm32g4xx_hal_tim_ex.o
 .debug_line    0x000000000001b841     0x3c52 ./Drivers/STM32G4xx_HAL_Driver/Src/stm32g4xx_hal_uart.o
 .debug_line    0x000000000001f493      0xe2d ./Drivers/STM32G4xx_HAL_Driver/Src/stm32g4xx_hal_uart_ex.o

.debug_str      0x0000000000000000   0x11237b
 .debug_str     0x0000000000000000   0x10a929 ./Core/Src/LineSensorSystem.o
                                     0x10af22 (size before relaxing)
 .debug_str     0x000000000010a929      0x488 ./Core/Src/PowerTrainSystem.o
                                     0x10b060 (size before relaxing)
 .debug_str     0x000000000010adb1      0x4c6 ./Core/Src/adc.o
                                     0x10b3b9 (size before relaxing)
 .debug_str     0x000000000010b277      0x669 ./Core/Src/dma.o
                                     0x10aff8 (size before relaxing)
 .debug_str     0x000000000010b8e0       0x36 ./Core/Src/gpio.o
                                     0x10b0d8 (size before relaxing)
 .debug_str     0x000000000010b916      0x2ba ./Core/Src/i2c.o
                                     0x10b24b (size before relaxing)
 .debug_str     0x000000000010bbd0      0x224 ./Core/Src/main.o
                                     0x10ac38 (size before relaxing)
 .debug_str     0x000000000010bdf4       0x4d ./Core/Src/stm32g4xx_hal_msp.o
                                     0x10a9c2 (size before relaxing)
 .debug_str     0x000000000010be41      0x1d9 ./Core/Src/stm32g4xx_it.o
                                     0x10ad15 (size before relaxing)
 .debug_str     0x000000000010c01a       0xd0 ./Core/Src/system_stm32g4xx.o
                                     0x10a280 (size before relaxing)
 .debug_str     0x000000000010c0ea      0x32e ./Core/Src/tim.o
                                     0x10b3f3 (size before relaxing)
 .debug_str     0x000000000010c418      0x2d2 ./Core/Src/usart.o
                                     0x10b29a (size before relaxing)
 .debug_str     0x000000000010c6ea       0x34 ./Core/Startup/startup_stm32g474retx.o
                                         0x7c (size before relaxing)
 .debug_str     0x000000000010c71e      0x5dd ./Drivers/STM32G4xx_HAL_Driver/Src/stm32g4xx_hal.o
                                     0x10af92 (size before relaxing)
 .debug_str     0x000000000010ccfb      0xaf7 ./Drivers/STM32G4xx_HAL_Driver/Src/stm32g4xx_hal_adc.o
                                     0x10b2ad (size before relaxing)
 .debug_str     0x000000000010d7f2      0x675 ./Drivers/STM32G4xx_HAL_Driver/Src/stm32g4xx_hal_adc_ex.o
                                     0x10b253 (size before relaxing)
 .debug_str     0x000000000010de67      0x331 ./Drivers/STM32G4xx_HAL_Driver/Src/stm32g4xx_hal_cortex.o
                                     0x10ac16 (size before relaxing)
 .debug_str     0x000000000010e198      0x278 ./Drivers/STM32G4xx_HAL_Driver/Src/stm32g4xx_hal_dma.o
                                     0x10a65a (size before relaxing)
 .debug_str     0x000000000010e410      0x10a ./Drivers/STM32G4xx_HAL_Driver/Src/stm32g4xx_hal_gpio.o
                                     0x10a40b (size before relaxing)
 .debug_str     0x000000000010e51a      0xdc3 ./Drivers/STM32G4xx_HAL_Driver/Src/stm32g4xx_hal_i2c.o
                                     0x10b581 (size before relaxing)
 .debug_str     0x000000000010f2dd       0xb8 ./Drivers/STM32G4xx_HAL_Driver/Src/stm32g4xx_hal_i2c_ex.o
                                     0x10a89f (size before relaxing)
 .debug_str     0x000000000010f395      0x495 ./Drivers/STM32G4xx_HAL_Driver/Src/stm32g4xx_hal_pwr_ex.o
                                     0x10a76e (size before relaxing)
 .debug_str     0x000000000010f82a      0x4fb ./Drivers/STM32G4xx_HAL_Driver/Src/stm32g4xx_hal_rcc.o
                                     0x10a99f (size before relaxing)
 .debug_str     0x000000000010fd25      0x3f9 ./Drivers/STM32G4xx_HAL_Driver/Src/stm32g4xx_hal_rcc_ex.o
                                     0x10a9c9 (size before relaxing)
 .debug_str     0x000000000011011e      0xe44 ./Drivers/STM32G4xx_HAL_Driver/Src/stm32g4xx_hal_tim.o
                                     0x10b77e (size before relaxing)
 .debug_str     0x0000000000110f62      0x804 ./Drivers/STM32G4xx_HAL_Driver/Src/stm32g4xx_hal_tim_ex.o
                                     0x10b3f2 (size before relaxing)
 .debug_str     0x0000000000111766      0x9b1 ./Drivers/STM32G4xx_HAL_Driver/Src/stm32g4xx_hal_uart.o
                                     0x10b23b (size before relaxing)
 .debug_str     0x0000000000112117      0x264 ./Drivers/STM32G4xx_HAL_Driver/Src/stm32g4xx_hal_uart_ex.o
                                     0x10aa39 (size before relaxing)

.debug_frame    0x0000000000000000     0x6938
 .debug_frame   0x0000000000000000       0x34 ./Core/Src/LineSensorSystem.o
 .debug_frame   0x0000000000000034       0x78 ./Core/Src/PowerTrainSystem.o
 .debug_frame   0x00000000000000ac      0x110 ./Core/Src/adc.o
 .debug_frame   0x00000000000001bc       0x34 ./Core/Src/dma.o
 .debug_frame   0x00000000000001f0       0x34 ./Core/Src/gpio.o
 .debug_frame   0x0000000000000224       0x78 ./Core/Src/i2c.o
 .debug_frame   0x000000000000029c       0x68 ./Core/Src/main.o
 .debug_frame   0x0000000000000304       0x34 ./Core/Src/stm32g4xx_hal_msp.o
 .debug_frame   0x0000000000000338      0x1e4 ./Core/Src/stm32g4xx_it.o
 .debug_frame   0x000000000000051c       0x58 ./Core/Src/system_stm32g4xx.o
 .debug_frame   0x0000000000000574      0x164 ./Core/Src/tim.o
 .debug_frame   0x00000000000006d8       0x78 ./Core/Src/usart.o
 .debug_frame   0x0000000000000750      0x500 ./Drivers/STM32G4xx_HAL_Driver/Src/stm32g4xx_hal.o
 .debug_frame   0x0000000000000c50      0xacc ./Drivers/STM32G4xx_HAL_Driver/Src/stm32g4xx_hal_adc.o
 .debug_frame   0x000000000000171c      0x81c ./Drivers/STM32G4xx_HAL_Driver/Src/stm32g4xx_hal_adc_ex.o
 .debug_frame   0x0000000000001f38      0x498 ./Drivers/STM32G4xx_HAL_Driver/Src/stm32g4xx_hal_cortex.o
 .debug_frame   0x00000000000023d0      0x24c ./Drivers/STM32G4xx_HAL_Driver/Src/stm32g4xx_hal_dma.o
 .debug_frame   0x000000000000261c      0x14c ./Drivers/STM32G4xx_HAL_Driver/Src/stm32g4xx_hal_gpio.o
 .debug_frame   0x0000000000002768      0xc38 ./Drivers/STM32G4xx_HAL_Driver/Src/stm32g4xx_hal_i2c.o
 .debug_frame   0x00000000000033a0      0x100 ./Drivers/STM32G4xx_HAL_Driver/Src/stm32g4xx_hal_i2c_ex.o
 .debug_frame   0x00000000000034a0      0x4fc ./Drivers/STM32G4xx_HAL_Driver/Src/stm32g4xx_hal_pwr_ex.o
 .debug_frame   0x000000000000399c      0x23c ./Drivers/STM32G4xx_HAL_Driver/Src/stm32g4xx_hal_rcc.o
 .debug_frame   0x0000000000003bd8      0x2ac ./Drivers/STM32G4xx_HAL_Driver/Src/stm32g4xx_hal_rcc_ex.o
 .debug_frame   0x0000000000003e84     0x1220 ./Drivers/STM32G4xx_HAL_Driver/Src/stm32g4xx_hal_tim.o
 .debug_frame   0x00000000000050a4      0xa70 ./Drivers/STM32G4xx_HAL_Driver/Src/stm32g4xx_hal_tim_ex.o
 .debug_frame   0x0000000000005b14      0xa94 ./Drivers/STM32G4xx_HAL_Driver/Src/stm32g4xx_hal_uart.o
 .debug_frame   0x00000000000065a8      0x2c0 ./Drivers/STM32G4xx_HAL_Driver/Src/stm32g4xx_hal_uart_ex.o
 .debug_frame   0x0000000000006868       0x20 C:/ST/STM32CubeIDE_1.14.1/STM32CubeIDE/plugins/com.st.stm32cube.ide.mcu.externaltools.gnu-tools-for-stm32.11.3.rel1.win32_1.1.100.202309141235/tools/bin/../lib/gcc/arm-none-eabi/11.3.1/../../../../arm-none-eabi/lib/thumb/v7e-m+fp/hard\libc_nano.a(libc_a-memset.o)
 .debug_frame   0x0000000000006888       0x2c C:/ST/STM32CubeIDE_1.14.1/STM32CubeIDE/plugins/com.st.stm32cube.ide.mcu.externaltools.gnu-tools-for-stm32.11.3.rel1.win32_1.1.100.202309141235/tools/bin/../lib/gcc/arm-none-eabi/11.3.1/../../../../arm-none-eabi/lib/thumb/v7e-m+fp/hard\libc_nano.a(libc_a-init.o)
 .debug_frame   0x00000000000068b4       0x24 C:/ST/STM32CubeIDE_1.14.1/STM32CubeIDE/plugins/com.st.stm32cube.ide.mcu.externaltools.gnu-tools-for-stm32.11.3.rel1.win32_1.1.100.202309141235/tools/bin/../lib/gcc/arm-none-eabi/11.3.1/thumb/v7e-m+fp/hard\libgcc.a(_arm_fixunsdfsi.o)
 .debug_frame   0x00000000000068d8       0x2c C:/ST/STM32CubeIDE_1.14.1/STM32CubeIDE/plugins/com.st.stm32cube.ide.mcu.externaltools.gnu-tools-for-stm32.11.3.rel1.win32_1.1.100.202309141235/tools/bin/../lib/gcc/arm-none-eabi/11.3.1/thumb/v7e-m+fp/hard\libgcc.a(_aeabi_uldivmod.o)
 .debug_frame   0x0000000000006904       0x34 C:/ST/STM32CubeIDE_1.14.1/STM32CubeIDE/plugins/com.st.stm32cube.ide.mcu.externaltools.gnu-tools-for-stm32.11.3.rel1.win32_1.1.100.202309141235/tools/bin/../lib/gcc/arm-none-eabi/11.3.1/thumb/v7e-m+fp/hard\libgcc.a(_udivmoddi4.o)

.debug_line_str
                0x0000000000000000       0x70
 .debug_line_str
                0x0000000000000000       0x70 ./Core/Startup/startup_stm32g474retx.o
                                         0x88 (size before relaxing)
