Archive member included to satisfy reference by file (symbol)

D:/Alguns Programas/stm32/STM32CubeIDE_1.14.0/STM32CubeIDE/plugins/com.st.stm32cube.ide.mcu.externaltools.gnu-tools-for-stm32.11.3.rel1.win32_1.1.100.202309141235/tools/bin/../lib/gcc/arm-none-eabi/11.3.1/../../../../arm-none-eabi/lib/thumb/v7e-m+fp/hard\libc_nano.a(libc_a-exit.o)
                              D:/Alguns Programas/stm32/STM32CubeIDE_1.14.0/STM32CubeIDE/plugins/com.st.stm32cube.ide.mcu.externaltools.gnu-tools-for-stm32.11.3.rel1.win32_1.1.100.202309141235/tools/bin/../lib/gcc/arm-none-eabi/11.3.1/../../../../arm-none-eabi/lib/thumb/v7e-m+fp/hard/crt0.o (exit)
D:/Alguns Programas/stm32/STM32CubeIDE_1.14.0/STM32CubeIDE/plugins/com.st.stm32cube.ide.mcu.externaltools.gnu-tools-for-stm32.11.3.rel1.win32_1.1.100.202309141235/tools/bin/../lib/gcc/arm-none-eabi/11.3.1/../../../../arm-none-eabi/lib/thumb/v7e-m+fp/hard\libc_nano.a(libc_a-findfp.o)
                              D:/Alguns Programas/stm32/STM32CubeIDE_1.14.0/STM32CubeIDE/plugins/com.st.stm32cube.ide.mcu.externaltools.gnu-tools-for-stm32.11.3.rel1.win32_1.1.100.202309141235/tools/bin/../lib/gcc/arm-none-eabi/11.3.1/../../../../arm-none-eabi/lib/thumb/v7e-m+fp/hard\libc_nano.a(libc_a-exit.o) (__stdio_exit_handler)
D:/Alguns Programas/stm32/STM32CubeIDE_1.14.0/STM32CubeIDE/plugins/com.st.stm32cube.ide.mcu.externaltools.gnu-tools-for-stm32.11.3.rel1.win32_1.1.100.202309141235/tools/bin/../lib/gcc/arm-none-eabi/11.3.1/../../../../arm-none-eabi/lib/thumb/v7e-m+fp/hard\libc_nano.a(libc_a-fwalk.o)
                              D:/Alguns Programas/stm32/STM32CubeIDE_1.14.0/STM32CubeIDE/plugins/com.st.stm32cube.ide.mcu.externaltools.gnu-tools-for-stm32.11.3.rel1.win32_1.1.100.202309141235/tools/bin/../lib/gcc/arm-none-eabi/11.3.1/../../../../arm-none-eabi/lib/thumb/v7e-m+fp/hard\libc_nano.a(libc_a-findfp.o) (_fwalk_sglue)
D:/Alguns Programas/stm32/STM32CubeIDE_1.14.0/STM32CubeIDE/plugins/com.st.stm32cube.ide.mcu.externaltools.gnu-tools-for-stm32.11.3.rel1.win32_1.1.100.202309141235/tools/bin/../lib/gcc/arm-none-eabi/11.3.1/../../../../arm-none-eabi/lib/thumb/v7e-m+fp/hard\libc_nano.a(libc_a-stdio.o)
                              D:/Alguns Programas/stm32/STM32CubeIDE_1.14.0/STM32CubeIDE/plugins/com.st.stm32cube.ide.mcu.externaltools.gnu-tools-for-stm32.11.3.rel1.win32_1.1.100.202309141235/tools/bin/../lib/gcc/arm-none-eabi/11.3.1/../../../../arm-none-eabi/lib/thumb/v7e-m+fp/hard\libc_nano.a(libc_a-findfp.o) (__sread)
D:/Alguns Programas/stm32/STM32CubeIDE_1.14.0/STM32CubeIDE/plugins/com.st.stm32cube.ide.mcu.externaltools.gnu-tools-for-stm32.11.3.rel1.win32_1.1.100.202309141235/tools/bin/../lib/gcc/arm-none-eabi/11.3.1/../../../../arm-none-eabi/lib/thumb/v7e-m+fp/hard\libc_nano.a(libc_a-memset.o)
                              D:/Alguns Programas/stm32/STM32CubeIDE_1.14.0/STM32CubeIDE/plugins/com.st.stm32cube.ide.mcu.externaltools.gnu-tools-for-stm32.11.3.rel1.win32_1.1.100.202309141235/tools/bin/../lib/gcc/arm-none-eabi/11.3.1/../../../../arm-none-eabi/lib/thumb/v7e-m+fp/hard/crt0.o (memset)
D:/Alguns Programas/stm32/STM32CubeIDE_1.14.0/STM32CubeIDE/plugins/com.st.stm32cube.ide.mcu.externaltools.gnu-tools-for-stm32.11.3.rel1.win32_1.1.100.202309141235/tools/bin/../lib/gcc/arm-none-eabi/11.3.1/../../../../arm-none-eabi/lib/thumb/v7e-m+fp/hard\libc_nano.a(libc_a-closer.o)
                              D:/Alguns Programas/stm32/STM32CubeIDE_1.14.0/STM32CubeIDE/plugins/com.st.stm32cube.ide.mcu.externaltools.gnu-tools-for-stm32.11.3.rel1.win32_1.1.100.202309141235/tools/bin/../lib/gcc/arm-none-eabi/11.3.1/../../../../arm-none-eabi/lib/thumb/v7e-m+fp/hard\libc_nano.a(libc_a-stdio.o) (_close_r)
D:/Alguns Programas/stm32/STM32CubeIDE_1.14.0/STM32CubeIDE/plugins/com.st.stm32cube.ide.mcu.externaltools.gnu-tools-for-stm32.11.3.rel1.win32_1.1.100.202309141235/tools/bin/../lib/gcc/arm-none-eabi/11.3.1/../../../../arm-none-eabi/lib/thumb/v7e-m+fp/hard\libc_nano.a(libc_a-reent.o)
                              D:/Alguns Programas/stm32/STM32CubeIDE_1.14.0/STM32CubeIDE/plugins/com.st.stm32cube.ide.mcu.externaltools.gnu-tools-for-stm32.11.3.rel1.win32_1.1.100.202309141235/tools/bin/../lib/gcc/arm-none-eabi/11.3.1/../../../../arm-none-eabi/lib/thumb/v7e-m+fp/hard\libc_nano.a(libc_a-closer.o) (errno)
D:/Alguns Programas/stm32/STM32CubeIDE_1.14.0/STM32CubeIDE/plugins/com.st.stm32cube.ide.mcu.externaltools.gnu-tools-for-stm32.11.3.rel1.win32_1.1.100.202309141235/tools/bin/../lib/gcc/arm-none-eabi/11.3.1/../../../../arm-none-eabi/lib/thumb/v7e-m+fp/hard\libc_nano.a(libc_a-impure.o)
                              D:/Alguns Programas/stm32/STM32CubeIDE_1.14.0/STM32CubeIDE/plugins/com.st.stm32cube.ide.mcu.externaltools.gnu-tools-for-stm32.11.3.rel1.win32_1.1.100.202309141235/tools/bin/../lib/gcc/arm-none-eabi/11.3.1/../../../../arm-none-eabi/lib/thumb/v7e-m+fp/hard\libc_nano.a(libc_a-reent.o) (_impure_ptr)
[...]
Memory Configuration

Name             Origin             Length             Attributes
RAM              0x0000000020000000 0x0000000000020000 xrw
FLASH            0x0000000008000000 0x0000000000080000 xr
*default*        0x0000000000000000 0xffffffffffffffff

Linker script and memory map

LOAD D:/Alguns Programas/stm32/STM32CubeIDE_1.14.0/STM32CubeIDE/plugins/com.st.stm32cube.ide.mcu.externaltools.gnu-tools-for-stm32.11.3.rel1.win32_1.1.100.202309141235/tools/bin/../lib/gcc/arm-none-eabi/11.3.1/thumb/v7e-m+fp/hard/crti.o
LOAD D:/Alguns Programas/stm32/STM32CubeIDE_1.14.0/STM32CubeIDE/plugins/com.st.stm32cube.ide.mcu.externaltools.gnu-tools-for-stm32.11.3.rel1.win32_1.1.100.202309141235/tools/bin/../lib/gcc/arm-none-eabi/11.3.1/thumb/v7e-m+fp/hard/crtbegin.o
LOAD D:/Alguns Programas/stm32/STM32CubeIDE_1.14.0/STM32CubeIDE/plugins/com.st.stm32cube.ide.mcu.externaltools.gnu-tools-for-stm32.11.3.rel1.win32_1.1.100.202309141235/tools/bin/../lib/gcc/arm-none-eabi/11.3.1/../../../../arm-none-eabi/lib/thumb/v7e-m+fp/hard/crt0.o
LOAD ./Core/Src/adc.o
LOAD ./Core/Src/gpio.o
LOAD ./Core/Src/main.o
LOAD ./Core/Src/stm32g4xx_hal_msp.o
LOAD ./Core/Src/stm32g4xx_it.o
LOAD ./Core/Src/syscalls.o
LOAD ./Core/Src/sysmem.o
LOAD ./Core/Src/system_stm32g4xx.o
LOAD ./Core/Src/tim.o
LOAD ./Core/Src/usart.o
LOAD ./Core/Startup/startup_stm32g474retx.o
LOAD ./Drivers/STM32G4xx_HAL_Driver/Src/stm32g4xx_hal.o
LOAD ./Drivers/STM32G4xx_HAL_Driver/Src/stm32g4xx_hal_adc.o
LOAD ./Drivers/STM32G4xx_HAL_Driver/Src/stm32g4xx_hal_adc_ex.o
LOAD ./Drivers/STM32G4xx_HAL_Driver/Src/stm32g4xx_hal_cortex.o
LOAD ./Drivers/STM32G4xx_HAL_Driver/Src/stm32g4xx_hal_dma.o
LOAD ./Drivers/STM32G4xx_HAL_Driver/Src/stm32g4xx_hal_dma_ex.o
LOAD ./Drivers/STM32G4xx_HAL_Driver/Src/stm32g4xx_hal_exti.o
LOAD ./Drivers/STM32G4xx_HAL_Driver/Src/stm32g4xx_hal_flash.o
LOAD ./Drivers/STM32G4xx_HAL_Driver/Src/stm32g4xx_hal_flash_ex.o
LOAD ./Drivers/STM32G4xx_HAL_Driver/Src/stm32g4xx_hal_flash_ramfunc.o
LOAD ./Drivers/STM32G4xx_HAL_Driver/Src/stm32g4xx_hal_gpio.o
LOAD ./Drivers/STM32G4xx_HAL_Driver/Src/stm32g4xx_hal_pwr.o
LOAD ./Drivers/STM32G4xx_HAL_Driver/Src/stm32g4xx_hal_pwr_ex.o
LOAD ./Drivers/STM32G4xx_HAL_Driver/Src/stm32g4xx_hal_rcc.o
LOAD ./Drivers/STM32G4xx_HAL_Driver/Src/stm32g4xx_hal_rcc_ex.o
LOAD ./Drivers/STM32G4xx_HAL_Driver/Src/stm32g4xx_hal_tim.o
LOAD ./Drivers/STM32G4xx_HAL_Driver/Src/stm32g4xx_hal_tim_ex.o
LOAD ./Drivers/STM32G4xx_HAL_Driver/Src/stm32g4xx_hal_uart.o
LOAD ./Drivers/STM32G4xx_HAL_Driver/Src/stm32g4xx_hal_uart_ex.o
LOAD ./Drivers/STM32G4xx_HAL_Driver/Src/stm32g4xx_ll_adc.o
START GROUP
LOAD D:/Alguns Programas/stm32/STM32CubeIDE_1.14.0/STM32CubeIDE/plugins/com.st.stm32cube.ide.mcu.externaltools.gnu-tools-for-stm32.11.3.rel1.win32_1.1.100.202309141235/tools/bin/../lib/gcc/arm-none-eabi/11.3.1/../../../../arm-none-eabi/lib/thumb/v7e-m+fp/hard\libc_nano.a
LOAD D:/Alguns Programas/stm32/STM32CubeIDE_1.14.0/STM32CubeIDE/plugins/com.st.stm32cube.ide.mcu.externaltools.gnu-tools-for-stm32.11.3.rel1.win32_1.1.100.202309141235/tools/bin/../lib/gcc/arm-none-eabi/11.3.1/../../../../arm-none-eabi/lib/thumb/v7e-m+fp/hard\libm.a
END GROUP
START GROUP
LOAD D:/Alguns Programas/stm32/STM32CubeIDE_1.14.0/STM32CubeIDE/plugins/com.st.stm32cube.ide.mcu.externaltools.gnu-tools-for-stm32.11.3.rel1.win32_1.1.100.202309141235/tools/bin/../lib/gcc/arm-none-eabi/11.3.1/thumb/v7e-m+fp/hard\libgcc.a
LOAD D:/Alguns Programas/stm32/STM32CubeIDE_1.14.0/STM32CubeIDE/plugins/com.st.stm32cube.ide.mcu.externaltools.gnu-tools-for-stm32.11.3.rel1.win32_1.1.100.202309141235/tools/bin/../lib/gcc/arm-none-eabi/11.3.1/../../../../arm-none-eabi/lib/thumb/v7e-m+fp/hard\libc_nano.a
END GROUP
START GROUP
LOAD D:/Alguns Programas/stm32/STM32CubeIDE_1.14.0/STM32CubeIDE/plugins/com.st.stm32cube.ide.mcu.externaltools.gnu-tools-for-stm32.11.3.rel1.win32_1.1.100.202309141235/tools/bin/../lib/gcc/arm-none-eabi/11.3.1/thumb/v7e-m+fp/hard\libgcc.a
LOAD D:/Alguns Programas/stm32/STM32CubeIDE_1.14.0/STM32CubeIDE/plugins/com.st.stm32cube.ide.mcu.externaltools.gnu-tools-for-stm32.11.3.rel1.win32_1.1.100.202309141235/tools/bin/../lib/gcc/arm-none-eabi/11.3.1/../../../../arm-none-eabi/lib/thumb/v7e-m+fp/hard\libc_nano.a
LOAD D:/Alguns Programas/stm32/STM32CubeIDE_1.14.0/STM32CubeIDE/plugins/com.st.stm32cube.ide.mcu.externaltools.gnu-tools-for-stm32.11.3.rel1.win32_1.1.100.202309141235/tools/bin/../lib/gcc/arm-none-eabi/11.3.1/../../../../arm-none-eabi/lib/thumb/v7e-m+fp/hard\libnosys.a
END GROUP
START GROUP
LOAD D:/Alguns Programas/stm32/STM32CubeIDE_1.14.0/STM32CubeIDE/plugins/com.st.stm32cube.ide.mcu.externaltools.gnu-tools-for-stm32.11.3.rel1.win32_1.1.100.202309141235/tools/bin/../lib/gcc/arm-none-eabi/11.3.1/thumb/v7e-m+fp/hard\libgcc.a
LOAD D:/Alguns Programas/stm32/STM32CubeIDE_1.14.0/STM32CubeIDE/plugins/com.st.stm32cube.ide.mcu.externaltools.gnu-tools-for-stm32.11.3.rel1.win32_1.1.100.202309141235/tools/bin/../lib/gcc/arm-none-eabi/11.3.1/../../../../arm-none-eabi/lib/thumb/v7e-m+fp/hard\libc_nano.a
LOAD D:/Alguns Programas/stm32/STM32CubeIDE_1.14.0/STM32CubeIDE/plugins/com.st.stm32cube.ide.mcu.externaltools.gnu-tools-for-stm32.11.3.rel1.win32_1.1.100.202309141235/tools/bin/../lib/gcc/arm-none-eabi/11.3.1/../../../../arm-none-eabi/lib/thumb/v7e-m+fp/hard\libnosys.a
END GROUP
LOAD D:/Alguns Programas/stm32/STM32CubeIDE_1.14.0/STM32CubeIDE/plugins/com.st.stm32cube.ide.mcu.externaltools.gnu-tools-for-stm32.11.3.rel1.win32_1.1.100.202309141235/tools/bin/../lib/gcc/arm-none-eabi/11.3.1/thumb/v7e-m+fp/hard/crtend.o
LOAD D:/Alguns Programas/stm32/STM32CubeIDE_1.14.0/STM32CubeIDE/plugins/com.st.stm32cube.ide.mcu.externaltools.gnu-tools-for-stm32.11.3.rel1.win32_1.1.100.202309141235/tools/bin/../lib/gcc/arm-none-eabi/11.3.1/thumb/v7e-m+fp/hard/crtn.o
                0x0000000020020000                _estack = (ORIGIN (RAM) + LENGTH (RAM))
                0x0000000000000200                _Min_Heap_Size = 0x200
                0x0000000000000400                _Min_Stack_Size = 0x400

.isr_vector     0x0000000008000000      0x1d8
                0x0000000008000000                . = ALIGN (0x4)
 *(.isr_vector)
 .isr_vector    0x0000000008000000      0x1d8 ./Core/Startup/startup_stm32g474retx.o
                0x0000000008000000                g_pfnVectors
                0x00000000080001d8                . = ALIGN (0x4)

.text           0x00000000080001d8     0x56c4
                0x00000000080001d8                . = ALIGN (0x4)
 *(.text)
 .text          0x00000000080001d8       0x40 D:/Alguns Programas/stm32/STM32CubeIDE_1.14.0/STM32CubeIDE/plugins/com.st.stm32cube.ide.mcu.externaltools.gnu-tools-for-stm32.11.3.rel1.win32_1.1.100.202309141235/tools/bin/../lib/gcc/arm-none-eabi/11.3.1/thumb/v7e-m+fp/hard/crtbegin.o
 .text          0x0000000008000218       0x30 D:/Alguns Programas/stm32/STM32CubeIDE_1.14.0/STM32CubeIDE/plugins/com.st.stm32cube.ide.mcu.externaltools.gnu-tools-for-stm32.11.3.rel1.win32_1.1.100.202309141235/tools/bin/../lib/gcc/arm-none-eabi/11.3.1/thumb/v7e-m+fp/hard\libgcc.a(_aeabi_uldivmod.o)
                0x0000000008000218                __aeabi_uldivmod
 .text          0x0000000008000248      0x2c8 D:/Alguns Programas/stm32/STM32CubeIDE_1.14.0/STM32CubeIDE/plugins/com.st.stm32cube.ide.mcu.externaltools.gnu-tools-for-stm32.11.3.rel1.win32_1.1.100.202309141235/tools/bin/../lib/gcc/arm-none-eabi/11.3.1/thumb/v7e-m+fp/hard\libgcc.a(_udivmoddi4.o)
                0x0000000008000248                __udivmoddi4
 .text          0x0000000008000510        0x4 D:/Alguns Programas/stm32/STM32CubeIDE_1.14.0/STM32CubeIDE/plugins/com.st.stm32cube.ide.mcu.externaltools.gnu-tools-for-stm32.11.3.rel1.win32_1.1.100.202309141235/tools/bin/../lib/gcc/arm-none-eabi/11.3.1/thumb/v7e-m+fp/hard\libgcc.a(_dvmd_tls.o)
                0x0000000008000510                __aeabi_idiv0
                0x0000000008000510                __aeabi_ldiv0
 *(.text*)
 .text.MX_ADC1_Init
                0x0000000008000514       0xf4 ./Core/Src/adc.o
                0x0000000008000514                MX_ADC1_Init
 .text.MX_ADC2_Init
                0x0000000008000608       0xd0 ./Core/Src/adc.o
                0x0000000008000608                MX_ADC2_Init
 .text.MX_ADC3_Init
                0x00000000080006d8       0xf0 ./Core/Src/adc.o
                0x00000000080006d8                MX_ADC3_Init
 .text.HAL_ADC_MspInit
                0x00000000080007c8      0x1c8 ./Core/Src/adc.o
                0x00000000080007c8                HAL_ADC_MspInit
 .text.MX_GPIO_Init
                0x0000000008000990      0x280 ./Core/Src/gpio.o
                0x0000000008000990                MX_GPIO_Init
 .text.main     0x0000000008000c10       0x26 ./Core/Src/main.o
                0x0000000008000c10                main
 .text.SystemClock_Config
                0x0000000008000c36       0x96 ./Core/Src/main.o
                0x0000000008000c36                SystemClock_Config
 .text.Error_Handler
                0x0000000008000ccc        0xa ./Core/Src/main.o
                0x0000000008000ccc                Error_Handler
 *fill*         0x0000000008000cd6        0x2 
 .text.HAL_MspInit
                0x0000000008000cd8       0x48 ./Core/Src/stm32g4xx_hal_msp.o
                0x0000000008000cd8                HAL_MspInit
 .text.NMI_Handler
                0x0000000008000d20        0x6 ./Core/Src/stm32g4xx_it.o
                0x0000000008000d20                NMI_Handler
 .text.HardFault_Handler
                0x0000000008000d26        0x6 ./Core/Src/stm32g4xx_it.o
                0x0000000008000d26                HardFault_Handler
 .text.MemManage_Handler
                0x0000000008000d2c        0x6 ./Core/Src/stm32g4xx_it.o
                0x0000000008000d2c                MemManage_Handler
 .text.BusFault_Handler
                0x0000000008000d32        0x6 ./Core/Src/stm32g4xx_it.o
                0x0000000008000d32                BusFault_Handler
 .text.UsageFault_Handler
                0x0000000008000d38        0x6 ./Core/Src/stm32g4xx_it.o
                0x0000000008000d38                UsageFault_Handler
 .text.SVC_Handler
                0x0000000008000d3e        0xe ./Core/Src/stm32g4xx_it.o
                0x0000000008000d3e                SVC_Handler
 .text.DebugMon_Handler
                0x0000000008000d4c        0xe ./Core/Src/stm32g4xx_it.o
                0x0000000008000d4c                DebugMon_Handler
 .text.PendSV_Handler
                0x0000000008000d5a        0xe ./Core/Src/stm32g4xx_it.o
                0x0000000008000d5a                PendSV_Handler
 .text.SysTick_Handler
                0x0000000008000d68        0xc ./Core/Src/stm32g4xx_it.o
                0x0000000008000d68                SysTick_Handler
 .text.EXTI15_10_IRQHandler
                0x0000000008000d74       0x10 ./Core/Src/stm32g4xx_it.o
                0x0000000008000d74                EXTI15_10_IRQHandler
 .text.SystemInit
                0x0000000008000d84       0x24 ./Core/Src/system_stm32g4xx.o
                0x0000000008000d84                SystemInit
 .text.MX_TIM1_Init
                0x0000000008000da8      0x178 ./Core/Src/tim.o
                0x0000000008000da8                MX_TIM1_Init
 .text.HAL_TIM_Base_MspInit
                0x0000000008000f20       0x40 ./Core/Src/tim.o
                0x0000000008000f20                HAL_TIM_Base_MspInit
 .text.HAL_TIM_MspPostInit
                0x0000000008000f60       0x70 ./Core/Src/tim.o
                0x0000000008000f60                HAL_TIM_MspPostInit
 .text.MX_LPUART1_UART_Init
                0x0000000008000fd0       0x94 ./Core/Src/usart.o
                0x0000000008000fd0                MX_LPUART1_UART_Init
 .text.HAL_UART_MspInit
                0x0000000008001064       0xb0 ./Core/Src/usart.o
                0x0000000008001064                HAL_UART_MspInit
 .text.Reset_Handler
                0x0000000008001114       0x50 ./Core/Startup/startup_stm32g474retx.o
                0x0000000008001114                Reset_Handler
 .text.Default_Handler
                0x0000000008001164        0x2 ./Core/Startup/startup_stm32g474retx.o
                0x0000000008001164                RTC_Alarm_IRQHandler
                0x0000000008001164                EXTI2_IRQHandler
                0x0000000008001164                TIM8_TRG_COM_IRQHandler
                0x0000000008001164                TIM8_CC_IRQHandler
                0x0000000008001164                HRTIM1_Master_IRQHandler
                0x0000000008001164                SPI4_IRQHandler
                0x0000000008001164                FDCAN3_IT0_IRQHandler
                0x0000000008001164                TIM1_CC_IRQHandler
                0x0000000008001164                HRTIM1_FLT_IRQHandler
                0x0000000008001164                HRTIM1_TIMF_IRQHandler
                0x0000000008001164                USB_HP_IRQHandler
                0x0000000008001164                CORDIC_IRQHandler
                0x0000000008001164                HRTIM1_TIMD_IRQHandler
                0x0000000008001164                DMA2_Channel8_IRQHandler
                0x0000000008001164                EXTI3_IRQHandler
                0x0000000008001164                I2C3_ER_IRQHandler
                0x0000000008001164                EXTI0_IRQHandler
                0x0000000008001164                I2C2_EV_IRQHandler
                0x0000000008001164                FPU_IRQHandler
                0x0000000008001164                FDCAN1_IT1_IRQHandler
                0x0000000008001164                TIM1_UP_TIM16_IRQHandler
                0x0000000008001164                ADC1_2_IRQHandler
                0x0000000008001164                HRTIM1_TIME_IRQHandler
                0x0000000008001164                SPI1_IRQHandler
                0x0000000008001164                TIM6_DAC_IRQHandler
                0x0000000008001164                HRTIM1_TIMC_IRQHandler
                0x0000000008001164                TIM8_UP_IRQHandler
                0x0000000008001164                DMA2_Channel2_IRQHandler
                0x0000000008001164                DMA1_Channel4_IRQHandler
                0x0000000008001164                TIM20_TRG_COM_IRQHandler
                0x0000000008001164                USART3_IRQHandler
                0x0000000008001164                DMA1_Channel7_IRQHandler
                0x0000000008001164                UART5_IRQHandler
                0x0000000008001164                ADC3_IRQHandler
                0x0000000008001164                TIM4_IRQHandler
                0x0000000008001164                DMA2_Channel1_IRQHandler
                0x0000000008001164                QUADSPI_IRQHandler
                0x0000000008001164                I2C1_EV_IRQHandler
                0x0000000008001164                DMA1_Channel6_IRQHandler
                0x0000000008001164                UART4_IRQHandler
                0x0000000008001164                DMA2_Channel4_IRQHandler
                0x0000000008001164                TIM3_IRQHandler
                0x0000000008001164                RCC_IRQHandler
                0x0000000008001164                TIM20_UP_IRQHandler
                0x0000000008001164                DMA1_Channel1_IRQHandler
                0x0000000008001164                Default_Handler
                0x0000000008001164                DMA2_Channel7_IRQHandler
                0x0000000008001164                RTC_TAMP_LSECSS_IRQHandler
                0x0000000008001164                FMAC_IRQHandler
                0x0000000008001164                DMA1_Channel8_IRQHandler
                0x0000000008001164                HRTIM1_TIMA_IRQHandler
                0x0000000008001164                TIM7_DAC_IRQHandler
                0x0000000008001164                FDCAN3_IT1_IRQHandler
                0x0000000008001164                TIM5_IRQHandler
                0x0000000008001164                UCPD1_IRQHandler
                0x0000000008001164                I2C3_EV_IRQHandler
                0x0000000008001164                EXTI9_5_IRQHandler
                0x0000000008001164                RTC_WKUP_IRQHandler
                0x0000000008001164                PVD_PVM_IRQHandler
                0x0000000008001164                SPI2_IRQHandler
                0x0000000008001164                ADC5_IRQHandler
                0x0000000008001164                DMA2_Channel5_IRQHandler
                0x0000000008001164                CRS_IRQHandler
                0x0000000008001164                DMA1_Channel5_IRQHandler
                0x0000000008001164                USB_LP_IRQHandler
                0x0000000008001164                EXTI4_IRQHandler
                0x0000000008001164                RNG_IRQHandler
                0x0000000008001164                HRTIM1_TIMB_IRQHandler
                0x0000000008001164                TIM1_TRG_COM_TIM17_IRQHandler
                0x0000000008001164                FDCAN2_IT1_IRQHandler
                0x0000000008001164                DMA1_Channel3_IRQHandler
                0x0000000008001164                ADC4_IRQHandler
                0x0000000008001164                WWDG_IRQHandler
                0x0000000008001164                I2C4_EV_IRQHandler
                0x0000000008001164                FDCAN2_IT0_IRQHandler
                0x0000000008001164                LPUART1_IRQHandler
                0x0000000008001164                DMA2_Channel6_IRQHandler
                0x0000000008001164                FDCAN1_IT0_IRQHandler
                0x0000000008001164                TIM2_IRQHandler
                0x0000000008001164                COMP7_IRQHandler
                0x0000000008001164                COMP1_2_3_IRQHandler
                0x0000000008001164                EXTI1_IRQHandler
                0x0000000008001164                USART2_IRQHandler
                0x0000000008001164                COMP4_5_6_IRQHandler
                0x0000000008001164                TIM20_BRK_IRQHandler
                0x0000000008001164                I2C2_ER_IRQHandler
                0x0000000008001164                DMA1_Channel2_IRQHandler
                0x0000000008001164                TIM8_BRK_IRQHandler
                0x0000000008001164                FLASH_IRQHandler
                0x0000000008001164                TIM20_CC_IRQHandler
                0x0000000008001164                USART1_IRQHandler
                0x0000000008001164                SPI3_IRQHandler
                0x0000000008001164                I2C1_ER_IRQHandler
                0x0000000008001164                FMC_IRQHandler
                0x0000000008001164                LPTIM1_IRQHandler
                0x0000000008001164                DMAMUX_OVR_IRQHandler
                0x0000000008001164                I2C4_ER_IRQHandler
                0x0000000008001164                USBWakeUp_IRQHandler
                0x0000000008001164                SAI1_IRQHandler
                0x0000000008001164                DMA2_Channel3_IRQHandler
                0x0000000008001164                TIM1_BRK_TIM15_IRQHandler
 .text.HAL_Init
                0x0000000008001166       0x30 ./Drivers/STM32G4xx_HAL_Driver/Src/stm32g4xx_hal.o
                0x0000000008001166                HAL_Init
 *fill*         0x0000000008001196        0x2 
 .text.HAL_InitTick
                0x0000000008001198       0x74 ./Drivers/STM32G4xx_HAL_Driver/Src/stm32g4xx_hal.o
                0x0000000008001198                HAL_InitTick
 .text.HAL_IncTick
                0x000000000800120c       0x24 ./Drivers/STM32G4xx_HAL_Driver/Src/stm32g4xx_hal.o
                0x000000000800120c                HAL_IncTick
 .text.HAL_GetTick
                0x0000000008001230       0x18 ./Drivers/STM32G4xx_HAL_Driver/Src/stm32g4xx_hal.o
                0x0000000008001230                HAL_GetTick
 .text.LL_ADC_SetCommonClock
                0x0000000008001248       0x26 ./Drivers/STM32G4xx_HAL_Driver/Src/stm32g4xx_hal_adc.o
 .text.LL_ADC_SetCommonPathInternalCh
                0x000000000800126e       0x26 ./Drivers/STM32G4xx_HAL_Driver/Src/stm32g4xx_hal_adc.o
 .text.LL_ADC_GetCommonPathInternalCh
                0x0000000008001294       0x1c ./Drivers/STM32G4xx_HAL_Driver/Src/stm32g4xx_hal_adc.o
 .text.LL_ADC_SetOffset
                0x00000000080012b0       0x48 ./Drivers/STM32G4xx_HAL_Driver/Src/stm32g4xx_hal_adc.o
 .text.LL_ADC_GetOffsetChannel
                0x00000000080012f8       0x2c ./Drivers/STM32G4xx_HAL_Driver/Src/stm32g4xx_hal_adc.o
 .text.LL_ADC_SetOffsetState
                0x0000000008001324       0x36 ./Drivers/STM32G4xx_HAL_Driver/Src/stm32g4xx_hal_adc.o
 .text.LL_ADC_SetOffsetSign
                0x000000000800135a       0x36 ./Drivers/STM32G4xx_HAL_Driver/Src/stm32g4xx_hal_adc.o
 .text.LL_ADC_SetOffsetSaturation
                0x0000000008001390       0x36 ./Drivers/STM32G4xx_HAL_Driver/Src/stm32g4xx_hal_adc.o
 .text.LL_ADC_SetSamplingTimeCommonConfig
                0x00000000080013c6       0x26 ./Drivers/STM32G4xx_HAL_Driver/Src/stm32g4xx_hal_adc.o
 .text.LL_ADC_REG_SetSequencerRanks
                0x00000000080013ec       0x58 ./Drivers/STM32G4xx_HAL_Driver/Src/stm32g4xx_hal_adc.o
 .text.LL_ADC_SetChannelSamplingTime
                0x0000000008001444       0x56 ./Drivers/STM32G4xx_HAL_Driver/Src/stm32g4xx_hal_adc.o
 *fill*         0x000000000800149a        0x2 
 .text.LL_ADC_SetChannelSingleDiff
                0x000000000800149c       0x48 ./Drivers/STM32G4xx_HAL_Driver/Src/stm32g4xx_hal_adc.o
 .text.LL_ADC_DisableDeepPowerDown
                0x00000000080014e4       0x24 ./Drivers/STM32G4xx_HAL_Driver/Src/stm32g4xx_hal_adc.o
 .text.LL_ADC_IsDeepPowerDownEnabled
                0x0000000008001508       0x28 ./Drivers/STM32G4xx_HAL_Driver/Src/stm32g4xx_hal_adc.o
 .text.LL_ADC_EnableInternalRegulator
                0x0000000008001530       0x28 ./Drivers/STM32G4xx_HAL_Driver/Src/stm32g4xx_hal_adc.o
 .text.LL_ADC_IsInternalRegulatorEnabled
                0x0000000008001558       0x28 ./Drivers/STM32G4xx_HAL_Driver/Src/stm32g4xx_hal_adc.o
 .text.LL_ADC_IsEnabled
                0x0000000008001580       0x26 ./Drivers/STM32G4xx_HAL_Driver/Src/stm32g4xx_hal_adc.o
 .text.LL_ADC_REG_IsConversionOngoing
                0x00000000080015a6       0x26 ./Drivers/STM32G4xx_HAL_Driver/Src/stm32g4xx_hal_adc.o
 .text.LL_ADC_INJ_IsConversionOngoing
                0x00000000080015cc       0x26 ./Drivers/STM32G4xx_HAL_Driver/Src/stm32g4xx_hal_adc.o
 *fill*         0x00000000080015f2        0x2 
 .text.HAL_ADC_Init
                0x00000000080015f4      0x378 ./Drivers/STM32G4xx_HAL_Driver/Src/stm32g4xx_hal_adc.o
                0x00000000080015f4                HAL_ADC_Init
 .text.HAL_ADC_ConfigChannel
                0x000000000800196c      0x880 ./Drivers/STM32G4xx_HAL_Driver/Src/stm32g4xx_hal_adc.o
                0x000000000800196c                HAL_ADC_ConfigChannel
 .text.LL_ADC_IsEnabled
                0x00000000080021ec       0x26 ./Drivers/STM32G4xx_HAL_Driver/Src/stm32g4xx_hal_adc_ex.o
 .text.LL_ADC_REG_IsConversionOngoing
                0x0000000008002212       0x26 ./Drivers/STM32G4xx_HAL_Driver/Src/stm32g4xx_hal_adc_ex.o
 .text.HAL_ADCEx_MultiModeConfigChannel
                0x0000000008002238      0x210 ./Drivers/STM32G4xx_HAL_Driver/Src/stm32g4xx_hal_adc_ex.o
                0x0000000008002238                HAL_ADCEx_MultiModeConfigChannel
 .text.__NVIC_SetPriorityGrouping
                0x0000000008002448       0x48 ./Drivers/STM32G4xx_HAL_Driver/Src/stm32g4xx_hal_cortex.o
 .text.__NVIC_GetPriorityGrouping
                0x0000000008002490       0x1c ./Drivers/STM32G4xx_HAL_Driver/Src/stm32g4xx_hal_cortex.o
 .text.__NVIC_EnableIRQ
                0x00000000080024ac       0x3c ./Drivers/STM32G4xx_HAL_Driver/Src/stm32g4xx_hal_cortex.o
 .text.__NVIC_SetPriority
                0x00000000080024e8       0x54 ./Drivers/STM32G4xx_HAL_Driver/Src/stm32g4xx_hal_cortex.o
 .text.NVIC_EncodePriority
                0x000000000800253c       0x66 ./Drivers/STM32G4xx_HAL_Driver/Src/stm32g4xx_hal_cortex.o
 *fill*         0x00000000080025a2        0x2 
 .text.SysTick_Config
                0x00000000080025a4       0x44 ./Drivers/STM32G4xx_HAL_Driver/Src/stm32g4xx_hal_cortex.o
 .text.HAL_NVIC_SetPriorityGrouping
                0x00000000080025e8       0x16 ./Drivers/STM32G4xx_HAL_Driver/Src/stm32g4xx_hal_cortex.o
                0x00000000080025e8                HAL_NVIC_SetPriorityGrouping
 .text.HAL_NVIC_SetPriority
                0x00000000080025fe       0x34 ./Drivers/STM32G4xx_HAL_Driver/Src/stm32g4xx_hal_cortex.o
                0x00000000080025fe                HAL_NVIC_SetPriority
 .text.HAL_NVIC_EnableIRQ
                0x0000000008002632       0x1c ./Drivers/STM32G4xx_HAL_Driver/Src/stm32g4xx_hal_cortex.o
                0x0000000008002632                HAL_NVIC_EnableIRQ
 .text.HAL_SYSTICK_Config
                0x000000000800264e       0x18 ./Drivers/STM32G4xx_HAL_Driver/Src/stm32g4xx_hal_cortex.o
                0x000000000800264e                HAL_SYSTICK_Config
 *fill*         0x0000000008002666        0x2 
 .text.HAL_GPIO_Init
                0x0000000008002668      0x304 ./Drivers/STM32G4xx_HAL_Driver/Src/stm32g4xx_hal_gpio.o
                0x0000000008002668                HAL_GPIO_Init
 .text.HAL_GPIO_WritePin
                0x000000000800296c       0x30 ./Drivers/STM32G4xx_HAL_Driver/Src/stm32g4xx_hal_gpio.o
                0x000000000800296c                HAL_GPIO_WritePin
 .text.HAL_GPIO_EXTI_IRQHandler
                0x000000000800299c       0x30 ./Drivers/STM32G4xx_HAL_Driver/Src/stm32g4xx_hal_gpio.o
                0x000000000800299c                HAL_GPIO_EXTI_IRQHandler
 .text.HAL_GPIO_EXTI_Callback
                0x00000000080029cc       0x16 ./Drivers/STM32G4xx_HAL_Driver/Src/stm32g4xx_hal_gpio.o
                0x00000000080029cc                HAL_GPIO_EXTI_Callback
 *fill*         0x00000000080029e2        0x2 
 .text.HAL_PWREx_ControlVoltageScaling
                0x00000000080029e4      0x148 ./Drivers/STM32G4xx_HAL_Driver/Src/stm32g4xx_hal_pwr_ex.o
                0x00000000080029e4                HAL_PWREx_ControlVoltageScaling
 .text.HAL_PWREx_DisableUCPDDeadBattery
                0x0000000008002b2c       0x20 ./Drivers/STM32G4xx_HAL_Driver/Src/stm32g4xx_hal_pwr_ex.o
                0x0000000008002b2c                HAL_PWREx_DisableUCPDDeadBattery
 .text.HAL_RCC_OscConfig
                0x0000000008002b4c      0x624 ./Drivers/STM32G4xx_HAL_Driver/Src/stm32g4xx_hal_rcc.o
                0x0000000008002b4c                HAL_RCC_OscConfig
 .text.HAL_RCC_ClockConfig
                0x0000000008003170      0x278 ./Drivers/STM32G4xx_HAL_Driver/Src/stm32g4xx_hal_rcc.o
                0x0000000008003170                HAL_RCC_ClockConfig
 .text.HAL_RCC_GetSysClockFreq
                0x00000000080033e8       0xc4 ./Drivers/STM32G4xx_HAL_Driver/Src/stm32g4xx_hal_rcc.o
                0x00000000080033e8                HAL_RCC_GetSysClockFreq
 .text.HAL_RCC_GetHCLKFreq
                0x00000000080034ac       0x18 ./Drivers/STM32G4xx_HAL_Driver/Src/stm32g4xx_hal_rcc.o
                0x00000000080034ac                HAL_RCC_GetHCLKFreq
 .text.HAL_RCC_GetPCLK1Freq
                0x00000000080034c4       0x2c ./Drivers/STM32G4xx_HAL_Driver/Src/stm32g4xx_hal_rcc.o
                0x00000000080034c4                HAL_RCC_GetPCLK1Freq
 .text.HAL_RCC_GetPCLK2Freq
                0x00000000080034f0       0x2c ./Drivers/STM32G4xx_HAL_Driver/Src/stm32g4xx_hal_rcc.o
                0x00000000080034f0                HAL_RCC_GetPCLK2Freq
 .text.RCC_GetSysClockFreqFromPLLSource
                0x000000000800351c       0x8c ./Drivers/STM32G4xx_HAL_Driver/Src/stm32g4xx_hal_rcc.o
 .text.HAL_RCCEx_PeriphCLKConfig
                0x00000000080035a8      0x49c ./Drivers/STM32G4xx_HAL_Driver/Src/stm32g4xx_hal_rcc_ex.o
                0x00000000080035a8                HAL_RCCEx_PeriphCLKConfig
 .text.HAL_TIM_Base_Init
                0x0000000008003a44       0xae ./Drivers/STM32G4xx_HAL_Driver/Src/stm32g4xx_hal_tim.o
                0x0000000008003a44                HAL_TIM_Base_Init
 .text.HAL_TIM_PWM_Init
                0x0000000008003af2       0xae ./Drivers/STM32G4xx_HAL_Driver/Src/stm32g4xx_hal_tim.o
                0x0000000008003af2                HAL_TIM_PWM_Init
 .text.HAL_TIM_PWM_MspInit
                0x0000000008003ba0       0x14 ./Drivers/STM32G4xx_HAL_Driver/Src/stm32g4xx_hal_tim.o
                0x0000000008003ba0                HAL_TIM_PWM_MspInit
 .text.HAL_TIM_PWM_ConfigChannel
                0x0000000008003bb4      0x228 ./Drivers/STM32G4xx_HAL_Driver/Src/stm32g4xx_hal_tim.o
                0x0000000008003bb4                HAL_TIM_PWM_ConfigChannel
 .text.HAL_TIM_ConfigClockSource
                0x0000000008003ddc      0x22c ./Drivers/STM32G4xx_HAL_Driver/Src/stm32g4xx_hal_tim.o
                0x0000000008003ddc                HAL_TIM_ConfigClockSource
 .text.TIM_Base_SetConfig
                0x0000000008004008      0x168 ./Drivers/STM32G4xx_HAL_Driver/Src/stm32g4xx_hal_tim.o
                0x0000000008004008                TIM_Base_SetConfig
 .text.TIM_OC1_SetConfig
                0x0000000008004170      0x134 ./Drivers/STM32G4xx_HAL_Driver/Src/stm32g4xx_hal_tim.o
 .text.TIM_OC2_SetConfig
                0x00000000080042a4      0x128 ./Drivers/STM32G4xx_HAL_Driver/Src/stm32g4xx_hal_tim.o
                0x00000000080042a4                TIM_OC2_SetConfig
 .text.TIM_OC3_SetConfig
                0x00000000080043cc      0x124 ./Drivers/STM32G4xx_HAL_Driver/Src/stm32g4xx_hal_tim.o
 .text.TIM_OC4_SetConfig
                0x00000000080044f0      0x128 ./Drivers/STM32G4xx_HAL_Driver/Src/stm32g4xx_hal_tim.o
 .text.TIM_OC5_SetConfig
                0x0000000008004618       0xd4 ./Drivers/STM32G4xx_HAL_Driver/Src/stm32g4xx_hal_tim.o
 .text.TIM_OC6_SetConfig
                0x00000000080046ec       0xd8 ./Drivers/STM32G4xx_HAL_Driver/Src/stm32g4xx_hal_tim.o
 .text.TIM_TI1_ConfigInputStage
                0x00000000080047c4       0x5e ./Drivers/STM32G4xx_HAL_Driver/Src/stm32g4xx_hal_tim.o
 .text.TIM_TI2_ConfigInputStage
                0x0000000008004822       0x60 ./Drivers/STM32G4xx_HAL_Driver/Src/stm32g4xx_hal_tim.o
 .text.TIM_ITRx_SetConfig
                0x0000000008004882       0x3a ./Drivers/STM32G4xx_HAL_Driver/Src/stm32g4xx_hal_tim.o
 .text.TIM_ETR_SetConfig
                0x00000000080048bc       0x40 ./Drivers/STM32G4xx_HAL_Driver/Src/stm32g4xx_hal_tim.o
                0x00000000080048bc                TIM_ETR_SetConfig
 .text.HAL_TIMEx_MasterConfigSynchronization
                0x00000000080048fc      0x12c ./Drivers/STM32G4xx_HAL_Driver/Src/stm32g4xx_hal_tim_ex.o
                0x00000000080048fc                HAL_TIMEx_MasterConfigSynchronization
 .text.HAL_TIMEx_ConfigBreakDeadTime
                0x0000000008004a28      0x128 ./Drivers/STM32G4xx_HAL_Driver/Src/stm32g4xx_hal_tim_ex.o
                0x0000000008004a28                HAL_TIMEx_ConfigBreakDeadTime
 .text.HAL_UART_Init
                0x0000000008004b50       0xa0 ./Drivers/STM32G4xx_HAL_Driver/Src/stm32g4xx_hal_uart.o
                0x0000000008004b50                HAL_UART_Init
 .text.UART_SetConfig
                0x0000000008004bf0      0x5f8 ./Drivers/STM32G4xx_HAL_Driver/Src/stm32g4xx_hal_uart.o
                0x0000000008004bf0                UART_SetConfig
 .text.UART_AdvFeatureConfig
                0x00000000080051e8      0x144 ./Drivers/STM32G4xx_HAL_Driver/Src/stm32g4xx_hal_uart.o
                0x00000000080051e8                UART_AdvFeatureConfig
 .text.UART_CheckIdleState
                0x000000000800532c      0x154 ./Drivers/STM32G4xx_HAL_Driver/Src/stm32g4xx_hal_uart.o
                0x000000000800532c                UART_CheckIdleState
 .text.UART_WaitOnFlagUntilTimeout
                0x0000000008005480       0xda ./Drivers/STM32G4xx_HAL_Driver/Src/stm32g4xx_hal_uart.o
                0x0000000008005480                UART_WaitOnFlagUntilTimeout
 .text.UART_EndRxTransfer
                0x000000000800555a       0xcc ./Drivers/STM32G4xx_HAL_Driver/Src/stm32g4xx_hal_uart.o
 .text.HAL_UARTEx_DisableFifoMode
                0x0000000008005626       0x72 ./Drivers/STM32G4xx_HAL_Driver/Src/stm32g4xx_hal_uart_ex.o
                0x0000000008005626                HAL_UARTEx_DisableFifoMode
 .text.HAL_UARTEx_SetTxFifoThreshold
                0x0000000008005698       0x7c ./Drivers/STM32G4xx_HAL_Driver/Src/stm32g4xx_hal_uart_ex.o
                0x0000000008005698                HAL_UARTEx_SetTxFifoThreshold
 .text.HAL_UARTEx_SetRxFifoThreshold
                0x0000000008005714       0x7c ./Drivers/STM32G4xx_HAL_Driver/Src/stm32g4xx_hal_uart_ex.o
                0x0000000008005714                HAL_UARTEx_SetRxFifoThreshold
 .text.UARTEx_SetNbDataToProcess
                0x0000000008005790       0x9c ./Drivers/STM32G4xx_HAL_Driver/Src/stm32g4xx_hal_uart_ex.o
 .text.memset   0x000000000800582c       0x10 D:/Alguns Programas/stm32/STM32CubeIDE_1.14.0/STM32CubeIDE/plugins/com.st.stm32cube.ide.mcu.externaltools.gnu-tools-for-stm32.11.3.rel1.win32_1.1.100.202309141235/tools/bin/../lib/gcc/arm-none-eabi/11.3.1/../../../../arm-none-eabi/lib/thumb/v7e-m+fp/hard\libc_nano.a(libc_a-memset.o)
                0x000000000800582c                memset
 .text.__libc_init_array
                0x000000000800583c       0x48 D:/Alguns Programas/stm32/STM32CubeIDE_1.14.0/STM32CubeIDE/plugins/com.st.stm32cube.ide.mcu.externaltools.gnu-tools-for-stm32.11.3.rel1.win32_1.1.100.202309141235/tools/bin/../lib/gcc/arm-none-eabi/11.3.1/../../../../arm-none-eabi/lib/thumb/v7e-m+fp/hard\libc_nano.a(libc_a-init.o)
                0x000000000800583c                __libc_init_array
 *(.glue_7)
 .glue_7        0x0000000008005884        0x0 linker stubs
 *(.glue_7t)
 .glue_7t       0x0000000008005884        0x0 linker stubs
 *(.eh_frame)
 .eh_frame      0x0000000008005884        0x0 D:/Alguns Programas/stm32/STM32CubeIDE_1.14.0/STM32CubeIDE/plugins/com.st.stm32cube.ide.mcu.externaltools.gnu-tools-for-stm32.11.3.rel1.win32_1.1.100.202309141235/tools/bin/../lib/gcc/arm-none-eabi/11.3.1/thumb/v7e-m+fp/hard/crtbegin.o
 *(.init)
 .init          0x0000000008005884        0x4 D:/Alguns Programas/stm32/STM32CubeIDE_1.14.0/STM32CubeIDE/plugins/com.st.stm32cube.ide.mcu.externaltools.gnu-tools-for-stm32.11.3.rel1.win32_1.1.100.202309141235/tools/bin/../lib/gcc/arm-none-eabi/11.3.1/thumb/v7e-m+fp/hard/crti.o
                0x0000000008005884                _init
 .init          0x0000000008005888        0x8 D:/Alguns Programas/stm32/STM32CubeIDE_1.14.0/STM32CubeIDE/plugins/com.st.stm32cube.ide.mcu.externaltools.gnu-tools-for-stm32.11.3.rel1.win32_1.1.100.202309141235/tools/bin/../lib/gcc/arm-none-eabi/11.3.1/thumb/v7e-m+fp/hard/crtn.o
 *(.fini)
 .fini          0x0000000008005890        0x4 D:/Alguns Programas/stm32/STM32CubeIDE_1.14.0/STM32CubeIDE/plugins/com.st.stm32cube.ide.mcu.externaltools.gnu-tools-for-stm32.11.3.rel1.win32_1.1.100.202309141235/tools/bin/../lib/gcc/arm-none-eabi/11.3.1/thumb/v7e-m+fp/hard/crti.o
                0x0000000008005890                _fini
 .fini          0x0000000008005894        0x8 D:/Alguns Programas/stm32/STM32CubeIDE_1.14.0/STM32CubeIDE/plugins/com.st.stm32cube.ide.mcu.externaltools.gnu-tools-for-stm32.11.3.rel1.win32_1.1.100.202309141235/tools/bin/../lib/gcc/arm-none-eabi/11.3.1/thumb/v7e-m+fp/hard/crtn.o
                0x000000000800589c                . = ALIGN (0x4)
                0x000000000800589c                _etext = .

.vfp11_veneer   0x000000000800589c        0x0
 .vfp11_veneer  0x000000000800589c        0x0 linker stubs

.v4_bx          0x000000000800589c        0x0
 .v4_bx         0x000000000800589c        0x0 linker stubs

.iplt           0x000000000800589c        0x0
 .iplt          0x000000000800589c        0x0 D:/Alguns Programas/stm32/STM32CubeIDE_1.14.0/STM32CubeIDE/plugins/com.st.stm32cube.ide.mcu.externaltools.gnu-tools-for-stm32.11.3.rel1.win32_1.1.100.202309141235/tools/bin/../lib/gcc/arm-none-eabi/11.3.1/thumb/v7e-m+fp/hard/crtbegin.o

.rodata         0x000000000800589c       0x40
                0x000000000800589c                . = ALIGN (0x4)
 *(.rodata)
 *(.rodata*)
 .rodata.AHBPrescTable
                0x000000000800589c       0x10 ./Core/Src/system_stm32g4xx.o
                0x000000000800589c                AHBPrescTable
 .rodata.APBPrescTable
                0x00000000080058ac        0x8 ./Core/Src/system_stm32g4xx.o
                0x00000000080058ac                APBPrescTable
 .rodata.UARTPrescTable
                0x00000000080058b4       0x18 ./Drivers/STM32G4xx_HAL_Driver/Src/stm32g4xx_hal_uart.o
                0x00000000080058b4                UARTPrescTable
 .rodata.numerator.1
                0x00000000080058cc        0x8 ./Drivers/STM32G4xx_HAL_Driver/Src/stm32g4xx_hal_uart_ex.o
 .rodata.denominator.0
                0x00000000080058d4        0x8 ./Drivers/STM32G4xx_HAL_Driver/Src/stm32g4xx_hal_uart_ex.o
                0x00000000080058dc                . = ALIGN (0x4)

.ARM.extab      0x00000000080058dc        0x0
                0x00000000080058dc                . = ALIGN (0x4)
 *(.ARM.extab* .gnu.linkonce.armextab.*)
                0x00000000080058dc                . = ALIGN (0x4)

.ARM            0x00000000080058dc        0x8
                0x00000000080058dc                . = ALIGN (0x4)
                0x00000000080058dc                __exidx_start = .
 *(.ARM.exidx*)
 .ARM.exidx     0x00000000080058dc        0x8 D:/Alguns Programas/stm32/STM32CubeIDE_1.14.0/STM32CubeIDE/plugins/com.st.stm32cube.ide.mcu.externaltools.gnu-tools-for-stm32.11.3.rel1.win32_1.1.100.202309141235/tools/bin/../lib/gcc/arm-none-eabi/11.3.1/thumb/v7e-m+fp/hard\libgcc.a(_udivmoddi4.o)
                0x00000000080058e4                __exidx_end = .
                0x00000000080058e4                . = ALIGN (0x4)

.rel.dyn        0x00000000080058e4        0x0
 .rel.iplt      0x00000000080058e4        0x0 D:/Alguns Programas/stm32/STM32CubeIDE_1.14.0/STM32CubeIDE/plugins/com.st.stm32cube.ide.mcu.externaltools.gnu-tools-for-stm32.11.3.rel1.win32_1.1.100.202309141235/tools/bin/../lib/gcc/arm-none-eabi/11.3.1/thumb/v7e-m+fp/hard/crtbegin.o

.preinit_array  0x00000000080058e4        0x0
                0x00000000080058e4                . = ALIGN (0x4)
                0x00000000080058e4                PROVIDE (__preinit_array_start = .)
 *(.preinit_array*)
                0x00000000080058e4                PROVIDE (__preinit_array_end = .)
                0x00000000080058e4                . = ALIGN (0x4)

.init_array     0x00000000080058e4        0x4
                0x00000000080058e4                . = ALIGN (0x4)
                0x00000000080058e4                PROVIDE (__init_array_start = .)
 *(SORT_BY_NAME(.init_array.*))
 *(.init_array*)
 .init_array    0x00000000080058e4        0x4 D:/Alguns Programas/stm32/STM32CubeIDE_1.14.0/STM32CubeIDE/plugins/com.st.stm32cube.ide.mcu.externaltools.gnu-tools-for-stm32.11.3.rel1.win32_1.1.100.202309141235/tools/bin/../lib/gcc/arm-none-eabi/11.3.1/thumb/v7e-m+fp/hard/crtbegin.o
                0x00000000080058e8                PROVIDE (__init_array_end = .)
                0x00000000080058e8                . = ALIGN (0x4)

.fini_array     0x00000000080058e8        0x4
                0x00000000080058e8                . = ALIGN (0x4)
                [!provide]                        PROVIDE (__fini_array_start = .)
 *(SORT_BY_NAME(.fini_array.*))
 *(.fini_array*)
 .fini_array    0x00000000080058e8        0x4 D:/Alguns Programas/stm32/STM32CubeIDE_1.14.0/STM32CubeIDE/plugins/com.st.stm32cube.ide.mcu.externaltools.gnu-tools-for-stm32.11.3.rel1.win32_1.1.100.202309141235/tools/bin/../lib/gcc/arm-none-eabi/11.3.1/thumb/v7e-m+fp/hard/crtbegin.o
                [!provide]                        PROVIDE (__fini_array_end = .)
                0x00000000080058ec                . = ALIGN (0x4)
                0x00000000080058ec                _sidata = LOADADDR (.data)

.data           0x0000000020000000        0xc load address 0x00000000080058ec
                0x0000000020000000                . = ALIGN (0x4)
                0x0000000020000000                _sdata = .
 *(.data)
 *(.data*)
 .data.SystemCoreClock
                0x0000000020000000        0x4 ./Core/Src/system_stm32g4xx.o
                0x0000000020000000                SystemCoreClock
 .data.uwTickPrio
                0x0000000020000004        0x4 ./Drivers/STM32G4xx_HAL_Driver/Src/stm32g4xx_hal.o
                0x0000000020000004                uwTickPrio
 .data.uwTickFreq
                0x0000000020000008        0x4 ./Drivers/STM32G4xx_HAL_Driver/Src/stm32g4xx_hal.o
                0x0000000020000008                uwTickFreq
 *(.RamFunc)
 *(.RamFunc*)
                0x000000002000000c                . = ALIGN (0x4)
                0x000000002000000c                _edata = .

.igot.plt       0x000000002000000c        0x0 load address 0x00000000080058f8
 .igot.plt      0x000000002000000c        0x0 D:/Alguns Programas/stm32/STM32CubeIDE_1.14.0/STM32CubeIDE/plugins/com.st.stm32cube.ide.mcu.externaltools.gnu-tools-for-stm32.11.3.rel1.win32_1.1.100.202309141235/tools/bin/../lib/gcc/arm-none-eabi/11.3.1/thumb/v7e-m+fp/hard/crtbegin.o
                0x000000002000000c                . = ALIGN (0x4)

.bss            0x000000002000000c      0x248 load address 0x00000000080058f8
                0x000000002000000c                _sbss = .
                0x000000002000000c                __bss_start__ = _sbss
 *(.bss)
 .bss           0x000000002000000c       0x1c D:/Alguns Programas/stm32/STM32CubeIDE_1.14.0/STM32CubeIDE/plugins/com.st.stm32cube.ide.mcu.externaltools.gnu-tools-for-stm32.11.3.rel1.win32_1.1.100.202309141235/tools/bin/../lib/gcc/arm-none-eabi/11.3.1/thumb/v7e-m+fp/hard/crtbegin.o
 *(.bss*)
 .bss.hadc1     0x0000000020000028       0x6c ./Core/Src/adc.o
                0x0000000020000028                hadc1
 .bss.hadc2     0x0000000020000094       0x6c ./Core/Src/adc.o
                0x0000000020000094                hadc2
 .bss.hadc3     0x0000000020000100       0x6c ./Core/Src/adc.o
                0x0000000020000100                hadc3
 .bss.HAL_RCC_ADC12_CLK_ENABLED
                0x000000002000016c        0x4 ./Core/Src/adc.o
 .bss.htim1     0x0000000020000170       0x4c ./Core/Src/tim.o
                0x0000000020000170                htim1
 .bss.hlpuart1  0x00000000200001bc       0x94 ./Core/Src/usart.o
                0x00000000200001bc                hlpuart1
 .bss.uwTick    0x0000000020000250        0x4 ./Drivers/STM32G4xx_HAL_Driver/Src/stm32g4xx_hal.o
                0x0000000020000250                uwTick
 *(COMMON)
                0x0000000020000254                . = ALIGN (0x4)
                0x0000000020000254                _ebss = .
                0x0000000020000254                __bss_end__ = _ebss

._user_heap_stack
                0x0000000020000254      0x604 load address 0x00000000080058f8
                0x0000000020000258                . = ALIGN (0x8)
 *fill*         0x0000000020000254        0x4 
                [!provide]                        PROVIDE (end = .)
                0x0000000020000258                PROVIDE (_end = .)
                0x0000000020000458                . = (. + _Min_Heap_Size)
 *fill*         0x0000000020000258      0x200 
                0x0000000020000858                . = (. + _Min_Stack_Size)
 *fill*         0x0000000020000458      0x400 
                0x0000000020000858                . = ALIGN (0x8)

/DISCARD/
 libc.a(*)
 libm.a(*)
 libgcc.a(*)

.ARM.attributes
                0x0000000000000000       0x30
 *(.ARM.attributes)
 .ARM.attributes
                0x0000000000000000       0x1e D:/Alguns Programas/stm32/STM32CubeIDE_1.14.0/STM32CubeIDE/plugins/com.st.stm32cube.ide.mcu.externaltools.gnu-tools-for-stm32.11.3.rel1.win32_1.1.100.202309141235/tools/bin/../lib/gcc/arm-none-eabi/11.3.1/thumb/v7e-m+fp/hard/crti.o
 .ARM.attributes
                0x000000000000001e       0x34 D:/Alguns Programas/stm32/STM32CubeIDE_1.14.0/STM32CubeIDE/plugins/com.st.stm32cube.ide.mcu.externaltools.gnu-tools-for-stm32.11.3.rel1.win32_1.1.100.202309141235/tools/bin/../lib/gcc/arm-none-eabi/11.3.1/thumb/v7e-m+fp/hard/crtbegin.o
 .ARM.attributes
                0x0000000000000052       0x34 ./Core/Src/adc.o
 .ARM.attributes
                0x0000000000000086       0x34 ./Core/Src/gpio.o
 .ARM.attributes
                0x00000000000000ba       0x34 ./Core/Src/main.o
 .ARM.attributes
                0x00000000000000ee       0x34 ./Core/Src/stm32g4xx_hal_msp.o
 .ARM.attributes
                0x0000000000000122       0x34 ./Core/Src/stm32g4xx_it.o
 .ARM.attributes
                0x0000000000000156       0x34 ./Core/Src/system_stm32g4xx.o
 .ARM.attributes
                0x000000000000018a       0x34 ./Core/Src/tim.o
 .ARM.attributes
                0x00000000000001be       0x34 ./Core/Src/usart.o
 .ARM.attributes
                0x00000000000001f2       0x21 ./Core/Startup/startup_stm32g474retx.o
 .ARM.attributes
                0x0000000000000213       0x34 ./Drivers/STM32G4xx_HAL_Driver/Src/stm32g4xx_hal.o
 .ARM.attributes
                0x0000000000000247       0x34 ./Drivers/STM32G4xx_HAL_Driver/Src/stm32g4xx_hal_adc.o
 .ARM.attributes
                0x000000000000027b       0x34 ./Drivers/STM32G4xx_HAL_Driver/Src/stm32g4xx_hal_adc_ex.o
 .ARM.attributes
                0x00000000000002af       0x34 ./Drivers/STM32G4xx_HAL_Driver/Src/stm32g4xx_hal_cortex.o
 .ARM.attributes
                0x00000000000002e3       0x34 ./Drivers/STM32G4xx_HAL_Driver/Src/stm32g4xx_hal_gpio.o
 .ARM.attributes
                0x0000000000000317       0x34 ./Drivers/STM32G4xx_HAL_Driver/Src/stm32g4xx_hal_pwr_ex.o
 .ARM.attributes
                0x000000000000034b       0x34 ./Drivers/STM32G4xx_HAL_Driver/Src/stm32g4xx_hal_rcc.o
 .ARM.attributes
                0x000000000000037f       0x34 ./Drivers/STM32G4xx_HAL_Driver/Src/stm32g4xx_hal_rcc_ex.o
 .ARM.attributes
                0x00000000000003b3       0x34 ./Drivers/STM32G4xx_HAL_Driver/Src/stm32g4xx_hal_tim.o
 .ARM.attributes
                0x00000000000003e7       0x34 ./Drivers/STM32G4xx_HAL_Driver/Src/stm32g4xx_hal_tim_ex.o
 .ARM.attributes
                0x000000000000041b       0x34 ./Drivers/STM32G4xx_HAL_Driver/Src/stm32g4xx_hal_uart.o
 .ARM.attributes
                0x000000000000044f       0x34 ./Drivers/STM32G4xx_HAL_Driver/Src/stm32g4xx_hal_uart_ex.o
 .ARM.attributes
                0x0000000000000483       0x34 D:/Alguns Programas/stm32/STM32CubeIDE_1.14.0/STM32CubeIDE/plugins/com.st.stm32cube.ide.mcu.externaltools.gnu-tools-for-stm32.11.3.rel1.win32_1.1.100.202309141235/tools/bin/../lib/gcc/arm-none-eabi/11.3.1/../../../../arm-none-eabi/lib/thumb/v7e-m+fp/hard\libc_nano.a(libc_a-memset.o)
 .ARM.attributes
                0x00000000000004b7       0x34 D:/Alguns Programas/stm32/STM32CubeIDE_1.14.0/STM32CubeIDE/plugins/com.st.stm32cube.ide.mcu.externaltools.gnu-tools-for-stm32.11.3.rel1.win32_1.1.100.202309141235/tools/bin/../lib/gcc/arm-none-eabi/11.3.1/../../../../arm-none-eabi/lib/thumb/v7e-m+fp/hard\libc_nano.a(libc_a-init.o)
 .ARM.attributes
                0x00000000000004eb       0x1e D:/Alguns Programas/stm32/STM32CubeIDE_1.14.0/STM32CubeIDE/plugins/com.st.stm32cube.ide.mcu.externaltools.gnu-tools-for-stm32.11.3.rel1.win32_1.1.100.202309141235/tools/bin/../lib/gcc/arm-none-eabi/11.3.1/thumb/v7e-m+fp/hard\libgcc.a(_aeabi_uldivmod.o)
 .ARM.attributes
                0x0000000000000509       0x34 D:/Alguns Programas/stm32/STM32CubeIDE_1.14.0/STM32CubeIDE/plugins/com.st.stm32cube.ide.mcu.externaltools.gnu-tools-for-stm32.11.3.rel1.win32_1.1.100.202309141235/tools/bin/../lib/gcc/arm-none-eabi/11.3.1/thumb/v7e-m+fp/hard\libgcc.a(_udivmoddi4.o)
 .ARM.attributes
                0x000000000000053d       0x1e D:/Alguns Programas/stm32/STM32CubeIDE_1.14.0/STM32CubeIDE/plugins/com.st.stm32cube.ide.mcu.externaltools.gnu-tools-for-stm32.11.3.rel1.win32_1.1.100.202309141235/tools/bin/../lib/gcc/arm-none-eabi/11.3.1/thumb/v7e-m+fp/hard\libgcc.a(_dvmd_tls.o)
 .ARM.attributes
                0x000000000000055b       0x1e D:/Alguns Programas/stm32/STM32CubeIDE_1.14.0/STM32CubeIDE/plugins/com.st.stm32cube.ide.mcu.externaltools.gnu-tools-for-stm32.11.3.rel1.win32_1.1.100.202309141235/tools/bin/../lib/gcc/arm-none-eabi/11.3.1/thumb/v7e-m+fp/hard/crtn.o
OUTPUT(Autonomous_Cart.elf elf32-littlearm)
LOAD linker stubs
LOAD D:/Alguns Programas/stm32/STM32CubeIDE_1.14.0/STM32CubeIDE/plugins/com.st.stm32cube.ide.mcu.externaltools.gnu-tools-for-stm32.11.3.rel1.win32_1.1.100.202309141235/tools/bin/../lib/gcc/arm-none-eabi/11.3.1/../../../../arm-none-eabi/lib/thumb/v7e-m+fp/hard\libc.a
LOAD D:/Alguns Programas/stm32/STM32CubeIDE_1.14.0/STM32CubeIDE/plugins/com.st.stm32cube.ide.mcu.externaltools.gnu-tools-for-stm32.11.3.rel1.win32_1.1.100.202309141235/tools/bin/../lib/gcc/arm-none-eabi/11.3.1/../../../../arm-none-eabi/lib/thumb/v7e-m+fp/hard\libm.a
LOAD D:/Alguns Programas/stm32/STM32CubeIDE_1.14.0/STM32CubeIDE/plugins/com.st.stm32cube.ide.mcu.externaltools.gnu-tools-for-stm32.11.3.rel1.win32_1.1.100.202309141235/tools/bin/../lib/gcc/arm-none-eabi/11.3.1/thumb/v7e-m+fp/hard\libgcc.a

.comment        0x0000000000000000       0x43
 .comment       0x0000000000000000       0x43 D:/Alguns Programas/stm32/STM32CubeIDE_1.14.0/STM32CubeIDE/plugins/com.st.stm32cube.ide.mcu.externaltools.gnu-tools-for-stm32.11.3.rel1.win32_1.1.100.202309141235/tools/bin/../lib/gcc/arm-none-eabi/11.3.1/thumb/v7e-m+fp/hard/crtbegin.o
                                         0x44 (size before relaxing)
 .comment       0x0000000000000043       0x44 ./Core/Src/adc.o
 .comment       0x0000000000000043       0x44 ./Core/Src/gpio.o
 .comment       0x0000000000000043       0x44 ./Core/Src/main.o
 .comment       0x0000000000000043       0x44 ./Core/Src/stm32g4xx_hal_msp.o
 .comment       0x0000000000000043       0x44 ./Core/Src/stm32g4xx_it.o
 .comment       0x0000000000000043       0x44 ./Core/Src/system_stm32g4xx.o
 .comment       0x0000000000000043       0x44 ./Core/Src/tim.o
 .comment       0x0000000000000043       0x44 ./Core/Src/usart.o
 .comment       0x0000000000000043       0x44 ./Drivers/STM32G4xx_HAL_Driver/Src/stm32g4xx_hal.o
 .comment       0x0000000000000043       0x44 ./Drivers/STM32G4xx_HAL_Driver/Src/stm32g4xx_hal_adc.o
 .comment       0x0000000000000043       0x44 ./Drivers/STM32G4xx_HAL_Driver/Src/stm32g4xx_hal_adc_ex.o
 .comment       0x0000000000000043       0x44 ./Drivers/STM32G4xx_HAL_Driver/Src/stm32g4xx_hal_cortex.o
 .comment       0x0000000000000043       0x44 ./Drivers/STM32G4xx_HAL_Driver/Src/stm32g4xx_hal_gpio.o
 .comment       0x0000000000000043       0x44 ./Drivers/STM32G4xx_HAL_Driver/Src/stm32g4xx_hal_pwr_ex.o
 .comment       0x0000000000000043       0x44 ./Drivers/STM32G4xx_HAL_Driver/Src/stm32g4xx_hal_rcc.o
 .comment       0x0000000000000043       0x44 ./Drivers/STM32G4xx_HAL_Driver/Src/stm32g4xx_hal_rcc_ex.o
 .comment       0x0000000000000043       0x44 ./Drivers/STM32G4xx_HAL_Driver/Src/stm32g4xx_hal_tim.o
 .comment       0x0000000000000043       0x44 ./Drivers/STM32G4xx_HAL_Driver/Src/stm32g4xx_hal_tim_ex.o
 .comment       0x0000000000000043       0x44 ./Drivers/STM32G4xx_HAL_Driver/Src/stm32g4xx_hal_uart.o
 .comment       0x0000000000000043       0x44 ./Drivers/STM32G4xx_HAL_Driver/Src/stm32g4xx_hal_uart_ex.o

.debug_info     0x0000000000000000    0x1632d
 .debug_info    0x0000000000000000     0x1055 ./Core/Src/adc.o
 .debug_info    0x0000000000001055      0x792 ./Core/Src/gpio.o
 .debug_info    0x00000000000017e7      0x2dd ./Core/Src/main.o
 .debug_info    0x0000000000001ac4      0x2da ./Core/Src/stm32g4xx_hal_msp.o
 .debug_info    0x0000000000001d9e      0x14c ./Core/Src/stm32g4xx_it.o
 .debug_info    0x0000000000001eea      0x58e ./Core/Src/system_stm32g4xx.o
 .debug_info    0x0000000000002478      0xf21 ./Core/Src/tim.o
 .debug_info    0x0000000000003399      0xda3 ./Core/Src/usart.o
 .debug_info    0x000000000000413c       0x23 ./Core/Startup/startup_stm32g474retx.o
 .debug_info    0x000000000000415f      0xb95 ./Drivers/STM32G4xx_HAL_Driver/Src/stm32g4xx_hal.o
 .debug_info    0x0000000000004cf4     0x2063 ./Drivers/STM32G4xx_HAL_Driver/Src/stm32g4xx_hal_adc.o
 .debug_info    0x0000000000006d57     0x1d80 ./Drivers/STM32G4xx_HAL_Driver/Src/stm32g4xx_hal_adc_ex.o
 .debug_info    0x0000000000008ad7      0xdad ./Drivers/STM32G4xx_HAL_Driver/Src/stm32g4xx_hal_cortex.o
 .debug_info    0x0000000000009884      0x763 ./Drivers/STM32G4xx_HAL_Driver/Src/stm32g4xx_hal_gpio.o
 .debug_info    0x0000000000009fe7      0x93f ./Drivers/STM32G4xx_HAL_Driver/Src/stm32g4xx_hal_pwr_ex.o
 .debug_info    0x000000000000a926      0xbe0 ./Drivers/STM32G4xx_HAL_Driver/Src/stm32g4xx_hal_rcc.o
 .debug_info    0x000000000000b506      0xc45 ./Drivers/STM32G4xx_HAL_Driver/Src/stm32g4xx_hal_rcc_ex.o
 .debug_info    0x000000000000c14b     0x2c52 ./Drivers/STM32G4xx_HAL_Driver/Src/stm32g4xx_hal_tim.o
 .debug_info    0x000000000000ed9d     0x1d95 ./Drivers/STM32G4xx_HAL_Driver/Src/stm32g4xx_hal_tim_ex.o
 .debug_info    0x0000000000010b32     0x481e ./Drivers/STM32G4xx_HAL_Driver/Src/stm32g4xx_hal_uart.o
 .debug_info    0x0000000000015350      0xfdd ./Drivers/STM32G4xx_HAL_Driver/Src/stm32g4xx_hal_uart_ex.o

.debug_abbrev   0x0000000000000000     0x2b93
 .debug_abbrev  0x0000000000000000      0x232 ./Core/Src/adc.o
 .debug_abbrev  0x0000000000000232      0x15b ./Core/Src/gpio.o
 .debug_abbrev  0x000000000000038d      0x164 ./Core/Src/main.o
 .debug_abbrev  0x00000000000004f1       0xd9 ./Core/Src/stm32g4xx_hal_msp.o
 .debug_abbrev  0x00000000000005ca       0xa0 ./Core/Src/stm32g4xx_it.o
 .debug_abbrev  0x000000000000066a      0x11a ./Core/Src/system_stm32g4xx.o
 .debug_abbrev  0x0000000000000784      0x248 ./Core/Src/tim.o
 .debug_abbrev  0x00000000000009cc      0x20d ./Core/Src/usart.o
 .debug_abbrev  0x0000000000000bd9       0x12 ./Core/Startup/startup_stm32g474retx.o
 .debug_abbrev  0x0000000000000beb      0x271 ./Drivers/STM32G4xx_HAL_Driver/Src/stm32g4xx_hal.o
 .debug_abbrev  0x0000000000000e5c      0x2d3 ./Drivers/STM32G4xx_HAL_Driver/Src/stm32g4xx_hal_adc.o
 .debug_abbrev  0x000000000000112f      0x2ee ./Drivers/STM32G4xx_HAL_Driver/Src/stm32g4xx_hal_adc_ex.o
 .debug_abbrev  0x000000000000141d      0x31c ./Drivers/STM32G4xx_HAL_Driver/Src/stm32g4xx_hal_cortex.o
 .debug_abbrev  0x0000000000001739      0x1cb ./Drivers/STM32G4xx_HAL_Driver/Src/stm32g4xx_hal_gpio.o
 .debug_abbrev  0x0000000000001904      0x22c ./Drivers/STM32G4xx_HAL_Driver/Src/stm32g4xx_hal_pwr_ex.o
 .debug_abbrev  0x0000000000001b30      0x2c9 ./Drivers/STM32G4xx_HAL_Driver/Src/stm32g4xx_hal_rcc.o
 .debug_abbrev  0x0000000000001df9      0x258 ./Drivers/STM32G4xx_HAL_Driver/Src/stm32g4xx_hal_rcc_ex.o
 .debug_abbrev  0x0000000000002051      0x2a7 ./Drivers/STM32G4xx_HAL_Driver/Src/stm32g4xx_hal_tim.o
 .debug_abbrev  0x00000000000022f8      0x2c5 ./Drivers/STM32G4xx_HAL_Driver/Src/stm32g4xx_hal_tim_ex.o
 .debug_abbrev  0x00000000000025bd      0x304 ./Drivers/STM32G4xx_HAL_Driver/Src/stm32g4xx_hal_uart.o
 .debug_abbrev  0x00000000000028c1      0x2d2 ./Drivers/STM32G4xx_HAL_Driver/Src/stm32g4xx_hal_uart_ex.o

.debug_aranges  0x0000000000000000     0x1428
 .debug_aranges
                0x0000000000000000       0x40 ./Core/Src/adc.o
 .debug_aranges
                0x0000000000000040       0x20 ./Core/Src/gpio.o
 .debug_aranges
                0x0000000000000060       0x30 ./Core/Src/main.o
 .debug_aranges
                0x0000000000000090       0x20 ./Core/Src/stm32g4xx_hal_msp.o
 .debug_aranges
                0x00000000000000b0       0x68 ./Core/Src/stm32g4xx_it.o
 .debug_aranges
                0x0000000000000118       0x28 ./Core/Src/system_stm32g4xx.o
 .debug_aranges
                0x0000000000000140       0x38 ./Core/Src/tim.o
 .debug_aranges
                0x0000000000000178       0x30 ./Core/Src/usart.o
 .debug_aranges
                0x00000000000001a8       0x28 ./Core/Startup/startup_stm32g474retx.o
 .debug_aranges
                0x00000000000001d0      0x148 ./Drivers/STM32G4xx_HAL_Driver/Src/stm32g4xx_hal.o
 .debug_aranges
                0x0000000000000318      0x248 ./Drivers/STM32G4xx_HAL_Driver/Src/stm32g4xx_hal_adc.o
 .debug_aranges
                0x0000000000000560      0x1c0 ./Drivers/STM32G4xx_HAL_Driver/Src/stm32g4xx_hal_adc_ex.o
 .debug_aranges
                0x0000000000000720      0x118 ./Drivers/STM32G4xx_HAL_Driver/Src/stm32g4xx_hal_cortex.o
 .debug_aranges
                0x0000000000000838       0x58 ./Drivers/STM32G4xx_HAL_Driver/Src/stm32g4xx_hal_gpio.o
 .debug_aranges
                0x0000000000000890      0x140 ./Drivers/STM32G4xx_HAL_Driver/Src/stm32g4xx_hal_pwr_ex.o
 .debug_aranges
                0x00000000000009d0       0x98 ./Drivers/STM32G4xx_HAL_Driver/Src/stm32g4xx_hal_rcc.o
 .debug_aranges
                0x0000000000000a68       0xb0 ./Drivers/STM32G4xx_HAL_Driver/Src/stm32g4xx_hal_rcc_ex.o
 .debug_aranges
                0x0000000000000b18      0x3e0 ./Drivers/STM32G4xx_HAL_Driver/Src/stm32g4xx_hal_tim.o
 .debug_aranges
                0x0000000000000ef8      0x240 ./Drivers/STM32G4xx_HAL_Driver/Src/stm32g4xx_hal_tim_ex.o
 .debug_aranges
                0x0000000000001138      0x248 ./Drivers/STM32G4xx_HAL_Driver/Src/stm32g4xx_hal_uart.o
 .debug_aranges
                0x0000000000001380       0xa8 ./Drivers/STM32G4xx_HAL_Driver/Src/stm32g4xx_hal_uart_ex.o

.debug_rnglists
                0x0000000000000000      0xfab
 .debug_rnglists
                0x0000000000000000       0x30 ./Core/Src/adc.o
 .debug_rnglists
                0x0000000000000030       0x14 ./Core/Src/gpio.o
 .debug_rnglists
                0x0000000000000044       0x20 ./Core/Src/main.o
 .debug_rnglists
                0x0000000000000064       0x13 ./Core/Src/stm32g4xx_hal_msp.o
 .debug_rnglists
                0x0000000000000077       0x49 ./Core/Src/stm32g4xx_it.o
 .debug_rnglists
                0x00000000000000c0       0x1a ./Core/Src/system_stm32g4xx.o
 .debug_rnglists
                0x00000000000000da       0x26 ./Core/Src/tim.o
 .debug_rnglists
                0x0000000000000100       0x21 ./Core/Src/usart.o
 .debug_rnglists
                0x0000000000000121       0x19 ./Core/Startup/startup_stm32g474retx.o
 .debug_rnglists
                0x000000000000013a       0xf1 ./Drivers/STM32G4xx_HAL_Driver/Src/stm32g4xx_hal.o
 .debug_rnglists
                0x000000000000022b      0x1c0 ./Drivers/STM32G4xx_HAL_Driver/Src/stm32g4xx_hal_adc.o
 .debug_rnglists
                0x00000000000003eb      0x15a ./Drivers/STM32G4xx_HAL_Driver/Src/stm32g4xx_hal_adc_ex.o
 .debug_rnglists
                0x0000000000000545       0xce ./Drivers/STM32G4xx_HAL_Driver/Src/stm32g4xx_hal_cortex.o
 .debug_rnglists
                0x0000000000000613       0x3f ./Drivers/STM32G4xx_HAL_Driver/Src/stm32g4xx_hal_gpio.o
 .debug_rnglists
                0x0000000000000652       0xf1 ./Drivers/STM32G4xx_HAL_Driver/Src/stm32g4xx_hal_pwr_ex.o
 .debug_rnglists
                0x0000000000000743       0x74 ./Drivers/STM32G4xx_HAL_Driver/Src/stm32g4xx_hal_rcc.o
 .debug_rnglists
                0x00000000000007b7       0x87 ./Drivers/STM32G4xx_HAL_Driver/Src/stm32g4xx_hal_rcc_ex.o
 .debug_rnglists
                0x000000000000083e      0x328 ./Drivers/STM32G4xx_HAL_Driver/Src/stm32g4xx_hal_tim.o
 .debug_rnglists
                0x0000000000000b66      0x1cc ./Drivers/STM32G4xx_HAL_Driver/Src/stm32g4xx_hal_tim_ex.o
 .debug_rnglists
                0x0000000000000d32      0x1fa ./Drivers/STM32G4xx_HAL_Driver/Src/stm32g4xx_hal_uart.o
 .debug_rnglists
                0x0000000000000f2c       0x7f ./Drivers/STM32G4xx_HAL_Driver/Src/stm32g4xx_hal_uart_ex.o

.debug_macro    0x0000000000000000    0x28228
 .debug_macro   0x0000000000000000      0x20a ./Core/Src/adc.o
 .debug_macro   0x000000000000020a      0xaa8 ./Core/Src/adc.o
 .debug_macro   0x0000000000000cb2      0x161 ./Core/Src/adc.o
 .debug_macro   0x0000000000000e13       0x2e ./Core/Src/adc.o
 .debug_macro   0x0000000000000e41       0x28 ./Core/Src/adc.o
 .debug_macro   0x0000000000000e69       0x22 ./Core/Src/adc.o
 .debug_macro   0x0000000000000e8b       0x8e ./Core/Src/adc.o
 .debug_macro   0x0000000000000f19       0x51 ./Core/Src/adc.o
 .debug_macro   0x0000000000000f6a      0x103 ./Core/Src/adc.o
 .debug_macro   0x000000000000106d       0x6a ./Core/Src/adc.o
 .debug_macro   0x00000000000010d7      0x1df ./Core/Src/adc.o
 .debug_macro   0x00000000000012b6       0x1c ./Core/Src/adc.o
 .debug_macro   0x00000000000012d2       0x22 ./Core/Src/adc.o
 .debug_macro   0x00000000000012f4       0xfb ./Core/Src/adc.o
 .debug_macro   0x00000000000013ef     0x1011 ./Core/Src/adc.o
 .debug_macro   0x0000000000002400      0x11f ./Core/Src/adc.o
 .debug_macro   0x000000000000251f    0x18b45 ./Core/Src/adc.o
 .debug_macro   0x000000000001b064       0x6d ./Core/Src/adc.o
 .debug_macro   0x000000000001b0d1     0x354d ./Core/Src/adc.o
 .debug_macro   0x000000000001e61e      0x174 ./Core/Src/adc.o
 .debug_macro   0x000000000001e792       0x5c ./Core/Src/adc.o
 .debug_macro   0x000000000001e7ee     0x171f ./Core/Src/adc.o
 .debug_macro   0x000000000001ff0d      0x600 ./Core/Src/adc.o
 .debug_macro   0x000000000002050d      0x1b6 ./Core/Src/adc.o
 .debug_macro   0x00000000000206c3      0x34a ./Core/Src/adc.o
 .debug_macro   0x0000000000020a0d      0x53c ./Core/Src/adc.o
 .debug_macro   0x0000000000020f49      0x18b ./Core/Src/adc.o
 .debug_macro   0x00000000000210d4       0x43 ./Core/Src/adc.o
 .debug_macro   0x0000000000021117      0x23d ./Core/Src/adc.o
 .debug_macro   0x0000000000021354     0x1112 ./Core/Src/adc.o
 .debug_macro   0x0000000000022466      0x72e ./Core/Src/adc.o
 .debug_macro   0x0000000000022b94      0x391 ./Core/Src/adc.o
 .debug_macro   0x0000000000022f25      0x211 ./Core/Src/adc.o
 .debug_macro   0x0000000000023136      0x45c ./Core/Src/adc.o
 .debug_macro   0x0000000000023592      0x11c ./Core/Src/adc.o
 .debug_macro   0x00000000000236ae      0x122 ./Core/Src/adc.o
 .debug_macro   0x00000000000237d0      0x3d1 ./Core/Src/adc.o
 .debug_macro   0x0000000000023ba1      0xc0b ./Core/Src/adc.o
 .debug_macro   0x00000000000247ac      0x718 ./Core/Src/adc.o
 .debug_macro   0x0000000000024ec4      0x693 ./Core/Src/adc.o
 .debug_macro   0x0000000000025557       0xa6 ./Core/Src/adc.o
 .debug_macro   0x00000000000255fd      0x358 ./Core/Src/adc.o
 .debug_macro   0x0000000000025955      0x1e9 ./Core/Src/adc.o
 .debug_macro   0x0000000000025b3e      0x20a ./Core/Src/gpio.o
 .debug_macro   0x0000000000025d48      0x22c ./Core/Src/main.o
 .debug_macro   0x0000000000025f74      0x200 ./Core/Src/stm32g4xx_hal_msp.o
 .debug_macro   0x0000000000026174      0x20a ./Core/Src/stm32g4xx_it.o
 .debug_macro   0x000000000002637e      0x1f1 ./Core/Src/system_stm32g4xx.o
 .debug_macro   0x000000000002656f      0x20a ./Core/Src/tim.o
 .debug_macro   0x0000000000026779      0x20a ./Core/Src/usart.o
 .debug_macro   0x0000000000026983      0x23f ./Drivers/STM32G4xx_HAL_Driver/Src/stm32g4xx_hal.o
 .debug_macro   0x0000000000026bc2      0x20e ./Drivers/STM32G4xx_HAL_Driver/Src/stm32g4xx_hal_adc.o
 .debug_macro   0x0000000000026dd0      0x1fd ./Drivers/STM32G4xx_HAL_Driver/Src/stm32g4xx_hal_adc_ex.o
 .debug_macro   0x0000000000026fcd      0x1f1 ./Drivers/STM32G4xx_HAL_Driver/Src/stm32g4xx_hal_cortex.o
 .debug_macro   0x00000000000271be      0x1f8 ./Drivers/STM32G4xx_HAL_Driver/Src/stm32g4xx_hal_gpio.o
 .debug_macro   0x00000000000273b6      0x21b ./Drivers/STM32G4xx_HAL_Driver/Src/stm32g4xx_hal_pwr_ex.o
 .debug_macro   0x00000000000275d1      0x233 ./Drivers/STM32G4xx_HAL_Driver/Src/stm32g4xx_hal_rcc.o
 .debug_macro   0x0000000000027804      0x21b ./Drivers/STM32G4xx_HAL_Driver/Src/stm32g4xx_hal_rcc_ex.o
 .debug_macro   0x0000000000027a1f      0x1f9 ./Drivers/STM32G4xx_HAL_Driver/Src/stm32g4xx_hal_tim.o
 .debug_macro   0x0000000000027c18      0x1f7 ./Drivers/STM32G4xx_HAL_Driver/Src/stm32g4xx_hal_tim_ex.o
 .debug_macro   0x0000000000027e0f      0x21c ./Drivers/STM32G4xx_HAL_Driver/Src/stm32g4xx_hal_uart.o
 .debug_macro   0x000000000002802b      0x1fd ./Drivers/STM32G4xx_HAL_Driver/Src/stm32g4xx_hal_uart_ex.o

.debug_line     0x0000000000000000    0x1929c
 .debug_line    0x0000000000000000      0xa94 ./Core/Src/adc.o
 .debug_line    0x0000000000000a94      0x922 ./Core/Src/gpio.o
 .debug_line    0x00000000000013b6      0x8fc ./Core/Src/main.o
 .debug_line    0x0000000000001cb2      0x861 ./Core/Src/stm32g4xx_hal_msp.o
 .debug_line    0x0000000000002513      0x93a ./Core/Src/stm32g4xx_it.o
 .debug_line    0x0000000000002e4d      0x8c9 ./Core/Src/system_stm32g4xx.o
 .debug_line    0x0000000000003716      0x960 ./Core/Src/tim.o
 .debug_line    0x0000000000004076      0x8fd ./Core/Src/usart.o
 .debug_line    0x0000000000004973       0x7b ./Core/Startup/startup_stm32g474retx.o
 .debug_line    0x00000000000049ee      0xc88 ./Drivers/STM32G4xx_HAL_Driver/Src/stm32g4xx_hal.o
 .debug_line    0x0000000000005676     0x239d ./Drivers/STM32G4xx_HAL_Driver/Src/stm32g4xx_hal_adc.o
 .debug_line    0x0000000000007a13     0x1d3f ./Drivers/STM32G4xx_HAL_Driver/Src/stm32g4xx_hal_adc_ex.o
 .debug_line    0x0000000000009752      0xdf3 ./Drivers/STM32G4xx_HAL_Driver/Src/stm32g4xx_hal_cortex.o
 .debug_line    0x000000000000a545      0xc83 ./Drivers/STM32G4xx_HAL_Driver/Src/stm32g4xx_hal_gpio.o
 .debug_line    0x000000000000b1c8      0xdf7 ./Drivers/STM32G4xx_HAL_Driver/Src/stm32g4xx_hal_pwr_ex.o
 .debug_line    0x000000000000bfbf     0x1050 ./Drivers/STM32G4xx_HAL_Driver/Src/stm32g4xx_hal_rcc.o
 .debug_line    0x000000000000d00f     0x1363 ./Drivers/STM32G4xx_HAL_Driver/Src/stm32g4xx_hal_rcc_ex.o
 .debug_line    0x000000000000e372     0x4124 ./Drivers/STM32G4xx_HAL_Driver/Src/stm32g4xx_hal_tim.o
 .debug_line    0x0000000000012496     0x228b ./Drivers/STM32G4xx_HAL_Driver/Src/stm32g4xx_hal_tim_ex.o
 .debug_line    0x0000000000014721     0x3cd0 ./Drivers/STM32G4xx_HAL_Driver/Src/stm32g4xx_hal_uart.o
 .debug_line    0x00000000000183f1      0xeab ./Drivers/STM32G4xx_HAL_Driver/Src/stm32g4xx_hal_uart_ex.o

.debug_str      0x0000000000000000   0x10eed7
 .debug_str     0x0000000000000000   0x108f31 ./Core/Src/adc.o
                                     0x10956a (size before relaxing)
 .debug_str     0x0000000000108f31      0x6bd ./Core/Src/gpio.o
                                     0x109318 (size before relaxing)
 .debug_str     0x00000000001095ee      0x1d1 ./Core/Src/main.o
                                     0x108ccd (size before relaxing)
 .debug_str     0x00000000001097bf       0x4d ./Core/Src/stm32g4xx_hal_msp.o
                                     0x108c02 (size before relaxing)
 .debug_str     0x000000000010980c       0xf7 ./Core/Src/stm32g4xx_it.o
                                     0x108b53 (size before relaxing)
 .debug_str     0x0000000000109903       0xdb ./Core/Src/system_stm32g4xx.o
                                     0x10842b (size before relaxing)
 .debug_str     0x00000000001099de      0x58f ./Core/Src/tim.o
                                     0x1095c0 (size before relaxing)
 .debug_str     0x0000000000109f6d      0x2e0 ./Core/Src/usart.o
                                     0x10949e (size before relaxing)
 .debug_str     0x000000000010a24d       0x34 ./Core/Startup/startup_stm32g474retx.o
                                         0x76 (size before relaxing)
 .debug_str     0x000000000010a281      0x5e7 ./Drivers/STM32G4xx_HAL_Driver/Src/stm32g4xx_hal.o
                                     0x10913d (size before relaxing)
 .debug_str     0x000000000010a868      0xb09 ./Drivers/STM32G4xx_HAL_Driver/Src/stm32g4xx_hal_adc.o
                                     0x109458 (size before relaxing)
 .debug_str     0x000000000010b371      0x691 ./Drivers/STM32G4xx_HAL_Driver/Src/stm32g4xx_hal_adc_ex.o
                                     0x1093fe (size before relaxing)
 .debug_str     0x000000000010ba02      0x331 ./Drivers/STM32G4xx_HAL_Driver/Src/stm32g4xx_hal_cortex.o
                                     0x108dc1 (size before relaxing)
 .debug_str     0x000000000010bd33      0x10a ./Drivers/STM32G4xx_HAL_Driver/Src/stm32g4xx_hal_gpio.o
                                     0x1085b6 (size before relaxing)
 .debug_str     0x000000000010be3d      0x495 ./Drivers/STM32G4xx_HAL_Driver/Src/stm32g4xx_hal_pwr_ex.o
                                     0x108919 (size before relaxing)
 .debug_str     0x000000000010c2d2      0x506 ./Drivers/STM32G4xx_HAL_Driver/Src/stm32g4xx_hal_rcc.o
                                     0x108b4a (size before relaxing)
 .debug_str     0x000000000010c7d8      0x40b ./Drivers/STM32G4xx_HAL_Driver/Src/stm32g4xx_hal_rcc_ex.o
                                     0x108b74 (size before relaxing)
 .debug_str     0x000000000010cbe3      0xeb6 ./Drivers/STM32G4xx_HAL_Driver/Src/stm32g4xx_hal_tim.o
                                     0x109929 (size before relaxing)
 .debug_str     0x000000000010da99      0x804 ./Drivers/STM32G4xx_HAL_Driver/Src/stm32g4xx_hal_tim_ex.o
                                     0x10959d (size before relaxing)
 .debug_str     0x000000000010e29d      0x9d6 ./Drivers/STM32G4xx_HAL_Driver/Src/stm32g4xx_hal_uart.o
                                     0x1093e6 (size before relaxing)
 .debug_str     0x000000000010ec73      0x264 ./Drivers/STM32G4xx_HAL_Driver/Src/stm32g4xx_hal_uart_ex.o
                                     0x108be4 (size before relaxing)

.debug_frame    0x0000000000000000     0x5674
 .debug_frame   0x0000000000000000       0xc8 ./Core/Src/adc.o
 .debug_frame   0x00000000000000c8       0x38 ./Core/Src/gpio.o
 .debug_frame   0x0000000000000100       0x68 ./Core/Src/main.o
 .debug_frame   0x0000000000000168       0x34 ./Core/Src/stm32g4xx_hal_msp.o
 .debug_frame   0x000000000000019c      0x120 ./Core/Src/stm32g4xx_it.o
 .debug_frame   0x00000000000002bc       0x58 ./Core/Src/system_stm32g4xx.o
 .debug_frame   0x0000000000000314       0xa8 ./Core/Src/tim.o
 .debug_frame   0x00000000000003bc       0x78 ./Core/Src/usart.o
 .debug_frame   0x0000000000000434      0x500 ./Drivers/STM32G4xx_HAL_Driver/Src/stm32g4xx_hal.o
 .debug_frame   0x0000000000000934      0xacc ./Drivers/STM32G4xx_HAL_Driver/Src/stm32g4xx_hal_adc.o
 .debug_frame   0x0000000000001400      0x81c ./Drivers/STM32G4xx_HAL_Driver/Src/stm32g4xx_hal_adc_ex.o
 .debug_frame   0x0000000000001c1c      0x498 ./Drivers/STM32G4xx_HAL_Driver/Src/stm32g4xx_hal_cortex.o
 .debug_frame   0x00000000000020b4      0x14c ./Drivers/STM32G4xx_HAL_Driver/Src/stm32g4xx_hal_gpio.o
 .debug_frame   0x0000000000002200      0x4fc ./Drivers/STM32G4xx_HAL_Driver/Src/stm32g4xx_hal_pwr_ex.o
 .debug_frame   0x00000000000026fc      0x23c ./Drivers/STM32G4xx_HAL_Driver/Src/stm32g4xx_hal_rcc.o
 .debug_frame   0x0000000000002938      0x2ac ./Drivers/STM32G4xx_HAL_Driver/Src/stm32g4xx_hal_rcc_ex.o
 .debug_frame   0x0000000000002be4     0x1220 ./Drivers/STM32G4xx_HAL_Driver/Src/stm32g4xx_hal_tim.o
 .debug_frame   0x0000000000003e04      0xa70 ./Drivers/STM32G4xx_HAL_Driver/Src/stm32g4xx_hal_tim_ex.o
 .debug_frame   0x0000000000004874      0xa94 ./Drivers/STM32G4xx_HAL_Driver/Src/stm32g4xx_hal_uart.o
 .debug_frame   0x0000000000005308      0x2c0 ./Drivers/STM32G4xx_HAL_Driver/Src/stm32g4xx_hal_uart_ex.o
 .debug_frame   0x00000000000055c8       0x20 D:/Alguns Programas/stm32/STM32CubeIDE_1.14.0/STM32CubeIDE/plugins/com.st.stm32cube.ide.mcu.externaltools.gnu-tools-for-stm32.11.3.rel1.win32_1.1.100.202309141235/tools/bin/../lib/gcc/arm-none-eabi/11.3.1/../../../../arm-none-eabi/lib/thumb/v7e-m+fp/hard\libc_nano.a(libc_a-memset.o)
 .debug_frame   0x00000000000055e8       0x2c D:/Alguns Programas/stm32/STM32CubeIDE_1.14.0/STM32CubeIDE/plugins/com.st.stm32cube.ide.mcu.externaltools.gnu-tools-for-stm32.11.3.rel1.win32_1.1.100.202309141235/tools/bin/../lib/gcc/arm-none-eabi/11.3.1/../../../../arm-none-eabi/lib/thumb/v7e-m+fp/hard\libc_nano.a(libc_a-init.o)
 .debug_frame   0x0000000000005614       0x2c D:/Alguns Programas/stm32/STM32CubeIDE_1.14.0/STM32CubeIDE/plugins/com.st.stm32cube.ide.mcu.externaltools.gnu-tools-for-stm32.11.3.rel1.win32_1.1.100.202309141235/tools/bin/../lib/gcc/arm-none-eabi/11.3.1/thumb/v7e-m+fp/hard\libgcc.a(_aeabi_uldivmod.o)
 .debug_frame   0x0000000000005640       0x34 D:/Alguns Programas/stm32/STM32CubeIDE_1.14.0/STM32CubeIDE/plugins/com.st.stm32cube.ide.mcu.externaltools.gnu-tools-for-stm32.11.3.rel1.win32_1.1.100.202309141235/tools/bin/../lib/gcc/arm-none-eabi/11.3.1/thumb/v7e-m+fp/hard\libgcc.a(_udivmoddi4.o)

.debug_line_str
                0x0000000000000000       0x6a
 .debug_line_str
                0x0000000000000000       0x6a ./Core/Startup/startup_stm32g474retx.o
                                         0x82 (size before relaxing)
